Archive member included to satisfy reference by file (symbol)

/mnt/d/Projects/QuickLogic/qorc-sdk/qf_apps/qf_ssi_ai_app/knowledgepack/sensiml/libsensiml.a(kb.o)
                              /mnt/d/Projects/QuickLogic/qorc-sdk/qf_apps/qf_ssi_ai_app/GCC_Project/output/main.o (kb_model_init)
/mnt/d/Projects/QuickLogic/qorc-sdk/qf_apps/qf_ssi_ai_app/knowledgepack/sensiml/libsensiml.a(tree_ensemble.o)
                              /mnt/d/Projects/QuickLogic/qorc-sdk/qf_apps/qf_ssi_ai_app/knowledgepack/sensiml/libsensiml.a(kb.o) (tree_ensemble_init)
/mnt/d/Projects/QuickLogic/qorc-sdk/qf_apps/qf_ssi_ai_app/knowledgepack/sensiml/libsensiml.a(tree_ensemble_trained_models.o)
                              /mnt/d/Projects/QuickLogic/qorc-sdk/qf_apps/qf_ssi_ai_app/knowledgepack/sensiml/libsensiml.a(kb.o) (tree_ensemble_classifier_rows)
/mnt/d/Projects/QuickLogic/qorc-sdk/qf_apps/qf_ssi_ai_app/knowledgepack/sensiml/libsensiml.a(sorted_copy.o)
                              /mnt/d/Projects/QuickLogic/qorc-sdk/qf_apps/qf_ssi_ai_app/knowledgepack/sensiml/libsensiml.a(kb.o) (sorted_copy)
/mnt/d/Projects/QuickLogic/qorc-sdk/qf_apps/qf_ssi_ai_app/knowledgepack/sensiml/libsensiml.a(kb_pipeline.o)
                              /mnt/d/Projects/QuickLogic/qorc-sdk/qf_apps/qf_ssi_ai_app/knowledgepack/sensiml/libsensiml.a(kb.o) (KB_data_streaming_slide_rank_0)
/mnt/d/Projects/QuickLogic/qorc-sdk/qf_apps/qf_ssi_ai_app/knowledgepack/sensiml/libsensiml.a(sg_windowing.o)
                              /mnt/d/Projects/QuickLogic/qorc-sdk/qf_apps/qf_ssi_ai_app/knowledgepack/sensiml/libsensiml.a(kb_pipeline.o) (tr_windowing)
/mnt/d/Projects/QuickLogic/qorc-sdk/qf_apps/qf_ssi_ai_app/knowledgepack/sensiml/libsensiml.a(save_sensor_data.o)
                              /mnt/d/Projects/QuickLogic/qorc-sdk/qf_apps/qf_ssi_ai_app/knowledgepack/sensiml/libsensiml.a(kb_pipeline.o) (saveSensorData)
/mnt/d/Projects/QuickLogic/qorc-sdk/qf_apps/qf_ssi_ai_app/knowledgepack/sensiml/libsensiml.a(sortarray.o)
                              /mnt/d/Projects/QuickLogic/qorc-sdk/qf_apps/qf_ssi_ai_app/knowledgepack/sensiml/libsensiml.a(sorted_copy.o) (sortarray)
/mnt/d/Projects/QuickLogic/qorc-sdk/qf_apps/qf_ssi_ai_app/knowledgepack/sensiml/libsensiml.a(rb.o)
                              /mnt/d/Projects/QuickLogic/qorc-sdk/qf_apps/qf_ssi_ai_app/knowledgepack/sensiml/libsensiml.a(kb.o) (next_pow_2)
/mnt/d/Projects/QuickLogic/qorc-sdk/qf_apps/qf_ssi_ai_app/knowledgepack/sensiml/libsensiml.a(fg_roc_mean_crossing_rate.o)
                              /mnt/d/Projects/QuickLogic/qorc-sdk/qf_apps/qf_ssi_ai_app/knowledgepack/sensiml/libsensiml.a(kb_pipeline.o) (mean_crossing_rate)
/mnt/d/Projects/QuickLogic/qorc-sdk/qf_apps/qf_ssi_ai_app/knowledgepack/sensiml/libsensiml.a(fg_amplitude_global_p2p_low_frequency.o)
                              /mnt/d/Projects/QuickLogic/qorc-sdk/qf_apps/qf_ssi_ai_app/knowledgepack/sensiml/libsensiml.a(kb_pipeline.o) (global_p2p_low_frequency)
/mnt/d/Projects/QuickLogic/qorc-sdk/qf_apps/qf_ssi_ai_app/knowledgepack/sensiml/libsensiml.a(fg_stats_minimum.o)
                              /mnt/d/Projects/QuickLogic/qorc-sdk/qf_apps/qf_ssi_ai_app/knowledgepack/sensiml/libsensiml.a(kb_pipeline.o) (stats_minimum)
/mnt/d/Projects/QuickLogic/qorc-sdk/qf_apps/qf_ssi_ai_app/knowledgepack/sensiml/libsensiml.a(fg_stats_stdev.o)
                              /mnt/d/Projects/QuickLogic/qorc-sdk/qf_apps/qf_ssi_ai_app/knowledgepack/sensiml/libsensiml.a(kb_pipeline.o) (stats_stdev)
/mnt/d/Projects/QuickLogic/qorc-sdk/qf_apps/qf_ssi_ai_app/knowledgepack/sensiml/libsensiml.a(fg_amplitude_peak_to_peak.o)
                              /mnt/d/Projects/QuickLogic/qorc-sdk/qf_apps/qf_ssi_ai_app/knowledgepack/sensiml/libsensiml.a(kb_pipeline.o) (peak_to_peak)
/mnt/d/Projects/QuickLogic/qorc-sdk/qf_apps/qf_ssi_ai_app/knowledgepack/sensiml/libsensiml.a(fg_stats_maximum.o)
                              /mnt/d/Projects/QuickLogic/qorc-sdk/qf_apps/qf_ssi_ai_app/knowledgepack/sensiml/libsensiml.a(kb_pipeline.o) (stats_maximum)
/mnt/d/Projects/QuickLogic/qorc-sdk/qf_apps/qf_ssi_ai_app/knowledgepack/sensiml/libsensiml.a(fg_amplitude_max_p2p_half_high_frequency.o)
                              /mnt/d/Projects/QuickLogic/qorc-sdk/qf_apps/qf_ssi_ai_app/knowledgepack/sensiml/libsensiml.a(kb_pipeline.o) (max_p2p_half_high_frequency)
/mnt/d/Projects/QuickLogic/qorc-sdk/qf_apps/qf_ssi_ai_app/knowledgepack/sensiml/libsensiml.a(fg_stats_pct100.o)
                              /mnt/d/Projects/QuickLogic/qorc-sdk/qf_apps/qf_ssi_ai_app/knowledgepack/sensiml/libsensiml.a(kb_pipeline.o) (stats_pct100)
/mnt/d/Projects/QuickLogic/qorc-sdk/qf_apps/qf_ssi_ai_app/knowledgepack/sensiml/libsensiml.a(utils_tr_sensor.o)
                              /mnt/d/Projects/QuickLogic/qorc-sdk/qf_apps/qf_ssi_ai_app/knowledgepack/sensiml/libsensiml.a(kb_pipeline.o) (tr_sensor_sensors)
/mnt/d/Projects/QuickLogic/qorc-sdk/qf_apps/qf_ssi_ai_app/knowledgepack/sensiml/libsensiml.a(fg_stats_sum.o)
[...]
Memory Configuration

Name             Origin             Length             Attributes
rom              0x0000000000000000 0x000000000002c000 xr
ram              0x000000002002c000 0x000000000003c800 xrw
spiram           0x0000000020063800 0x0000000000000800 rw
HWA              0x0000000020064000 0x0000000000018000 rw
shm              0x000000002007c000 0x0000000000004000
*default*        0x0000000000000000 0xffffffffffffffff

Linker script and memory map

LOAD /usr/bin/../lib/gcc/arm-none-eabi/7.3.1/thumb/v7e-m/fpv4-sp/hard/crti.o
LOAD /usr/bin/../lib/gcc/arm-none-eabi/7.3.1/thumb/v7e-m/fpv4-sp/hard/crtbegin.o
LOAD /usr/bin/../lib/gcc/arm-none-eabi/7.3.1/../../../../arm-none-eabi/lib/thumb/v7e-m/fpv4-sp/hard/crt0.o
LOAD /mnt/d/Projects/QuickLogic/qorc-sdk/qf_apps/qf_ssi_ai_app/GCC_Project/output/MQTTSNConnectClient.o
LOAD /mnt/d/Projects/QuickLogic/qorc-sdk/qf_apps/qf_ssi_ai_app/GCC_Project/output/MQTTSNConnectServer.o
LOAD /mnt/d/Projects/QuickLogic/qorc-sdk/qf_apps/qf_ssi_ai_app/GCC_Project/output/MQTTSNDeserializePublish.o
LOAD /mnt/d/Projects/QuickLogic/qorc-sdk/qf_apps/qf_ssi_ai_app/GCC_Project/output/MQTTSNPacket.o
LOAD /mnt/d/Projects/QuickLogic/qorc-sdk/qf_apps/qf_ssi_ai_app/GCC_Project/output/MQTTSNSearchClient.o
LOAD /mnt/d/Projects/QuickLogic/qorc-sdk/qf_apps/qf_ssi_ai_app/GCC_Project/output/MQTTSNSerializePublish.o
LOAD /mnt/d/Projects/QuickLogic/qorc-sdk/qf_apps/qf_ssi_ai_app/GCC_Project/output/MQTTSNSubscribeClient.o
LOAD /mnt/d/Projects/QuickLogic/qorc-sdk/qf_apps/qf_ssi_ai_app/GCC_Project/output/MQTTSNUnsubscribeClient.o
LOAD /mnt/d/Projects/QuickLogic/qorc-sdk/qf_apps/qf_ssi_ai_app/GCC_Project/output/MajorTopicDispatch.o
LOAD /mnt/d/Projects/QuickLogic/qorc-sdk/qf_apps/qf_ssi_ai_app/GCC_Project/output/MinorTopicDispatch_Collect.o
LOAD /mnt/d/Projects/QuickLogic/qorc-sdk/qf_apps/qf_ssi_ai_app/GCC_Project/output/MinorTopicDispatch_Live.o
LOAD /mnt/d/Projects/QuickLogic/qorc-sdk/qf_apps/qf_ssi_ai_app/GCC_Project/output/MinorTopicDispatch_Recog.o
LOAD /mnt/d/Projects/QuickLogic/qorc-sdk/qf_apps/qf_ssi_ai_app/GCC_Project/output/MinorTopicDispatch_Sensor.o
LOAD /mnt/d/Projects/QuickLogic/qorc-sdk/qf_apps/qf_ssi_ai_app/GCC_Project/output/MinorTopicDispatch_Storage.o
LOAD /mnt/d/Projects/QuickLogic/qorc-sdk/qf_apps/qf_ssi_ai_app/GCC_Project/output/MinorTopicDispatch_System.o
LOAD /mnt/d/Projects/QuickLogic/qorc-sdk/qf_apps/qf_ssi_ai_app/GCC_Project/output/Mqttsn_App.o
LOAD /mnt/d/Projects/QuickLogic/qorc-sdk/qf_apps/qf_ssi_ai_app/GCC_Project/output/Mqttsn_CliCmds.o
LOAD /mnt/d/Projects/QuickLogic/qorc-sdk/qf_apps/qf_ssi_ai_app/GCC_Project/output/Mqttsn_MsgHandler.o
LOAD /mnt/d/Projects/QuickLogic/qorc-sdk/qf_apps/qf_ssi_ai_app/GCC_Project/output/Mqttsn_Topics.o
LOAD /mnt/d/Projects/QuickLogic/qorc-sdk/qf_apps/qf_ssi_ai_app/GCC_Project/output/SparkFun_ADS1015_Arduino_Library.o
LOAD /mnt/d/Projects/QuickLogic/qorc-sdk/qf_apps/qf_ssi_ai_app/GCC_Project/output/Wire.o
LOAD /mnt/d/Projects/QuickLogic/qorc-sdk/qf_apps/qf_ssi_ai_app/GCC_Project/output/battery_level_monitor.o
LOAD /mnt/d/Projects/QuickLogic/qorc-sdk/qf_apps/qf_ssi_ai_app/GCC_Project/output/c_lib_retarget.o
LOAD /mnt/d/Projects/QuickLogic/qorc-sdk/qf_apps/qf_ssi_ai_app/GCC_Project/output/circularBuffQueue.o
LOAD /mnt/d/Projects/QuickLogic/qorc-sdk/qf_apps/qf_ssi_ai_app/GCC_Project/output/cli_args.o
LOAD /mnt/d/Projects/QuickLogic/qorc-sdk/qf_apps/qf_ssi_ai_app/GCC_Project/output/cli_hexdump.o
LOAD /mnt/d/Projects/QuickLogic/qorc-sdk/qf_apps/qf_ssi_ai_app/GCC_Project/output/cli_io.o
LOAD /mnt/d/Projects/QuickLogic/qorc-sdk/qf_apps/qf_ssi_ai_app/GCC_Project/output/cli_loop.o
LOAD /mnt/d/Projects/QuickLogic/qorc-sdk/qf_apps/qf_ssi_ai_app/GCC_Project/output/cli_misc.o
LOAD /mnt/d/Projects/QuickLogic/qorc-sdk/qf_apps/qf_ssi_ai_app/GCC_Project/output/cli_platform.o
LOAD /mnt/d/Projects/QuickLogic/qorc-sdk/qf_apps/qf_ssi_ai_app/GCC_Project/output/cli_stdcmds.o
LOAD /mnt/d/Projects/QuickLogic/qorc-sdk/qf_apps/qf_ssi_ai_app/GCC_Project/output/crc16.o
LOAD /mnt/d/Projects/QuickLogic/qorc-sdk/qf_apps/qf_ssi_ai_app/GCC_Project/output/crc32.o
LOAD /mnt/d/Projects/QuickLogic/qorc-sdk/qf_apps/qf_ssi_ai_app/GCC_Project/output/croutine.o
LOAD /mnt/d/Projects/QuickLogic/qorc-sdk/qf_apps/qf_ssi_ai_app/GCC_Project/output/datablk_mgr.o
LOAD /mnt/d/Projects/QuickLogic/qorc-sdk/qf_apps/qf_ssi_ai_app/GCC_Project/output/datablk_processor.o
LOAD /mnt/d/Projects/QuickLogic/qorc-sdk/qf_apps/qf_ssi_ai_app/GCC_Project/output/datasave.o
LOAD /mnt/d/Projects/QuickLogic/qorc-sdk/qf_apps/qf_ssi_ai_app/GCC_Project/output/dbg_bufferedprinttask.o
LOAD /mnt/d/Projects/QuickLogic/qorc-sdk/qf_apps/qf_ssi_ai_app/GCC_Project/output/dbg_queue_monitor.o
LOAD /mnt/d/Projects/QuickLogic/qorc-sdk/qf_apps/qf_ssi_ai_app/GCC_Project/output/dbg_uart.o
LOAD /mnt/d/Projects/QuickLogic/qorc-sdk/qf_apps/qf_ssi_ai_app/GCC_Project/output/dbgtrace.o
LOAD /mnt/d/Projects/QuickLogic/qorc-sdk/qf_apps/qf_ssi_ai_app/GCC_Project/output/eoss3_hal_adc.o
LOAD /mnt/d/Projects/QuickLogic/qorc-sdk/qf_apps/qf_ssi_ai_app/GCC_Project/output/eoss3_hal_audio.o
LOAD /mnt/d/Projects/QuickLogic/qorc-sdk/qf_apps/qf_ssi_ai_app/GCC_Project/output/eoss3_hal_fpga_usbserial.o
LOAD /mnt/d/Projects/QuickLogic/qorc-sdk/qf_apps/qf_ssi_ai_app/GCC_Project/output/eoss3_hal_gpio.o
LOAD /mnt/d/Projects/QuickLogic/qorc-sdk/qf_apps/qf_ssi_ai_app/GCC_Project/output/eoss3_hal_i2c.o
LOAD /mnt/d/Projects/QuickLogic/qorc-sdk/qf_apps/qf_ssi_ai_app/GCC_Project/output/eoss3_hal_i2s.o
LOAD /mnt/d/Projects/QuickLogic/qorc-sdk/qf_apps/qf_ssi_ai_app/GCC_Project/output/eoss3_hal_i2s_slave_assp.o
LOAD /mnt/d/Projects/QuickLogic/qorc-sdk/qf_apps/qf_ssi_ai_app/GCC_Project/output/eoss3_hal_pad_config.o
LOAD /mnt/d/Projects/QuickLogic/qorc-sdk/qf_apps/qf_ssi_ai_app/GCC_Project/output/eoss3_hal_pkfb.o
LOAD /mnt/d/Projects/QuickLogic/qorc-sdk/qf_apps/qf_ssi_ai_app/GCC_Project/output/eoss3_hal_rtc.o
LOAD /mnt/d/Projects/QuickLogic/qorc-sdk/qf_apps/qf_ssi_ai_app/GCC_Project/output/eoss3_hal_sdma.o
LOAD /mnt/d/Projects/QuickLogic/qorc-sdk/qf_apps/qf_ssi_ai_app/GCC_Project/output/eoss3_hal_spi.o
LOAD /mnt/d/Projects/QuickLogic/qorc-sdk/qf_apps/qf_ssi_ai_app/GCC_Project/output/eoss3_hal_timer.o
LOAD /mnt/d/Projects/QuickLogic/qorc-sdk/qf_apps/qf_ssi_ai_app/GCC_Project/output/eoss3_hal_uart.o
LOAD /mnt/d/Projects/QuickLogic/qorc-sdk/qf_apps/qf_ssi_ai_app/GCC_Project/output/eoss3_hal_wb.o
LOAD /mnt/d/Projects/QuickLogic/qorc-sdk/qf_apps/qf_ssi_ai_app/GCC_Project/output/eoss3_hal_wdt.o
LOAD /mnt/d/Projects/QuickLogic/qorc-sdk/qf_apps/qf_ssi_ai_app/GCC_Project/output/event_groups.o
LOAD /mnt/d/Projects/QuickLogic/qorc-sdk/qf_apps/qf_ssi_ai_app/GCC_Project/output/exceptions.o
LOAD /mnt/d/Projects/QuickLogic/qorc-sdk/qf_apps/qf_ssi_ai_app/GCC_Project/output/ff.o
LOAD /mnt/d/Projects/QuickLogic/qorc-sdk/qf_apps/qf_ssi_ai_app/GCC_Project/output/ffunicode.o
LOAD /mnt/d/Projects/QuickLogic/qorc-sdk/qf_apps/qf_ssi_ai_app/GCC_Project/output/fpga_loader.o
LOAD /mnt/d/Projects/QuickLogic/qorc-sdk/qf_apps/qf_ssi_ai_app/GCC_Project/output/freertos_static_memory.o
LOAD /mnt/d/Projects/QuickLogic/qorc-sdk/qf_apps/qf_ssi_ai_app/GCC_Project/output/heap_4.o
LOAD /mnt/d/Projects/QuickLogic/qorc-sdk/qf_apps/qf_ssi_ai_app/GCC_Project/output/hearable_pwrcfg.o
LOAD /mnt/d/Projects/QuickLogic/qorc-sdk/qf_apps/qf_ssi_ai_app/GCC_Project/output/leds.o
LOAD /mnt/d/Projects/QuickLogic/qorc-sdk/qf_apps/qf_ssi_ai_app/GCC_Project/output/list.o
LOAD /mnt/d/Projects/QuickLogic/qorc-sdk/qf_apps/qf_ssi_ai_app/GCC_Project/output/main.o
LOAD /mnt/d/Projects/QuickLogic/qorc-sdk/qf_apps/qf_ssi_ai_app/GCC_Project/output/main_dbg_cli_menu.o
LOAD /mnt/d/Projects/QuickLogic/qorc-sdk/qf_apps/qf_ssi_ai_app/GCC_Project/output/mc3635.o
LOAD /mnt/d/Projects/QuickLogic/qorc-sdk/qf_apps/qf_ssi_ai_app/GCC_Project/output/mc3635_wire.o
LOAD /mnt/d/Projects/QuickLogic/qorc-sdk/qf_apps/qf_ssi_ai_app/GCC_Project/output/micro_tick64.o
LOAD /mnt/d/Projects/QuickLogic/qorc-sdk/qf_apps/qf_ssi_ai_app/GCC_Project/output/mmc_s3.o
LOAD /mnt/d/Projects/QuickLogic/qorc-sdk/qf_apps/qf_ssi_ai_app/GCC_Project/output/pincfg_table.o
LOAD /mnt/d/Projects/QuickLogic/qorc-sdk/qf_apps/qf_ssi_ai_app/GCC_Project/output/port.o
LOAD /mnt/d/Projects/QuickLogic/qorc-sdk/qf_apps/qf_ssi_ai_app/GCC_Project/output/qf_baremetalsetup.o
LOAD /mnt/d/Projects/QuickLogic/qorc-sdk/qf_apps/qf_ssi_ai_app/GCC_Project/output/qf_hardwaresetup.o
LOAD /mnt/d/Projects/QuickLogic/qorc-sdk/qf_apps/qf_ssi_ai_app/GCC_Project/output/ql_base64.o
LOAD /mnt/d/Projects/QuickLogic/qorc-sdk/qf_apps/qf_ssi_ai_app/GCC_Project/output/ql_stackwatermark.o
LOAD /mnt/d/Projects/QuickLogic/qorc-sdk/qf_apps/qf_ssi_ai_app/GCC_Project/output/ql_test_signals.o
LOAD /mnt/d/Projects/QuickLogic/qorc-sdk/qf_apps/qf_ssi_ai_app/GCC_Project/output/ql_time.o
LOAD /mnt/d/Projects/QuickLogic/qorc-sdk/qf_apps/qf_ssi_ai_app/GCC_Project/output/queue.o
LOAD /mnt/d/Projects/QuickLogic/qorc-sdk/qf_apps/qf_ssi_ai_app/GCC_Project/output/riff_block_pool.o
LOAD /mnt/d/Projects/QuickLogic/qorc-sdk/qf_apps/qf_ssi_ai_app/GCC_Project/output/riff_file.o
LOAD /mnt/d/Projects/QuickLogic/qorc-sdk/qf_apps/qf_ssi_ai_app/GCC_Project/output/riff_file_fatfs.o
LOAD /mnt/d/Projects/QuickLogic/qorc-sdk/qf_apps/qf_ssi_ai_app/GCC_Project/output/riff_file_freertos_fat.o
LOAD /mnt/d/Projects/QuickLogic/qorc-sdk/qf_apps/qf_ssi_ai_app/GCC_Project/output/riff_misc.o
LOAD /mnt/d/Projects/QuickLogic/qorc-sdk/qf_apps/qf_ssi_ai_app/GCC_Project/output/riff_writer.o
LOAD /mnt/d/Projects/QuickLogic/qorc-sdk/qf_apps/qf_ssi_ai_app/GCC_Project/output/s3x_clock.o
LOAD /mnt/d/Projects/QuickLogic/qorc-sdk/qf_apps/qf_ssi_ai_app/GCC_Project/output/s3x_clock_hal.o
LOAD /mnt/d/Projects/QuickLogic/qorc-sdk/qf_apps/qf_ssi_ai_app/GCC_Project/output/s3x_cpuload.o
LOAD /mnt/d/Projects/QuickLogic/qorc-sdk/qf_apps/qf_ssi_ai_app/GCC_Project/output/s3x_dfs.o
LOAD /mnt/d/Projects/QuickLogic/qorc-sdk/qf_apps/qf_ssi_ai_app/GCC_Project/output/s3x_lpm.o
LOAD /mnt/d/Projects/QuickLogic/qorc-sdk/qf_apps/qf_ssi_ai_app/GCC_Project/output/s3x_pi.o
LOAD /mnt/d/Projects/QuickLogic/qorc-sdk/qf_apps/qf_ssi_ai_app/GCC_Project/output/s3x_pwrcfg.o
LOAD /mnt/d/Projects/QuickLogic/qorc-sdk/qf_apps/qf_ssi_ai_app/GCC_Project/output/s3x_qos.o
LOAD /mnt/d/Projects/QuickLogic/qorc-sdk/qf_apps/qf_ssi_ai_app/GCC_Project/output/sec_debug.o
LOAD /mnt/d/Projects/QuickLogic/qorc-sdk/qf_apps/qf_ssi_ai_app/GCC_Project/output/sensor_audio_acquisition.o
LOAD /mnt/d/Projects/QuickLogic/qorc-sdk/qf_apps/qf_ssi_ai_app/GCC_Project/output/sensor_audio_acquisition_test.o
LOAD /mnt/d/Projects/QuickLogic/qorc-sdk/qf_apps/qf_ssi_ai_app/GCC_Project/output/sensor_audio_config.o
LOAD /mnt/d/Projects/QuickLogic/qorc-sdk/qf_apps/qf_ssi_ai_app/GCC_Project/output/sensor_audio_process.o
LOAD /mnt/d/Projects/QuickLogic/qorc-sdk/qf_apps/qf_ssi_ai_app/GCC_Project/output/sensor_ssss.o
LOAD /mnt/d/Projects/QuickLogic/qorc-sdk/qf_apps/qf_ssi_ai_app/GCC_Project/output/sml_output.o
LOAD /mnt/d/Projects/QuickLogic/qorc-sdk/qf_apps/qf_ssi_ai_app/GCC_Project/output/sml_recognition_run.o
LOAD /mnt/d/Projects/QuickLogic/qorc-sdk/qf_apps/qf_ssi_ai_app/GCC_Project/output/spi_flash.o
LOAD /mnt/d/Projects/QuickLogic/qorc-sdk/qf_apps/qf_ssi_ai_app/GCC_Project/output/ssi_comms.o
LOAD /mnt/d/Projects/QuickLogic/qorc-sdk/qf_apps/qf_ssi_ai_app/GCC_Project/output/startup_EOSS3B_GCC.o
LOAD /mnt/d/Projects/QuickLogic/qorc-sdk/qf_apps/qf_ssi_ai_app/GCC_Project/output/stream_buffer.o
LOAD /mnt/d/Projects/QuickLogic/qorc-sdk/qf_apps/qf_ssi_ai_app/GCC_Project/output/tasks.o
LOAD /mnt/d/Projects/QuickLogic/qorc-sdk/qf_apps/qf_ssi_ai_app/GCC_Project/output/timers.o
LOAD /mnt/d/Projects/QuickLogic/qorc-sdk/qf_apps/qf_ssi_ai_app/GCC_Project/output/usb2serial.o
LOAD /mnt/d/Projects/QuickLogic/qorc-sdk/qf_apps/qf_ssi_ai_app/GCC_Project/output/vectors_CM4F_gcc.o
LOAD /mnt/d/Projects/QuickLogic/qorc-sdk/qf_apps/qf_ssi_ai_app/GCC_Project/output/watchdog.o
LOAD /mnt/d/Projects/QuickLogic/qorc-sdk/qf_apps/qf_ssi_ai_app/knowledgepack/sensiml/libsensiml.a
LOAD /mnt/d/Projects/QuickLogic/qorc-sdk/qf_apps/qf_ssi_ai_app/GCC_Project/../../../Libraries/CMSIS/lib/GCC/libarm_cortexM4lf_math.a
LOAD /usr/bin/../lib/gcc/arm-none-eabi/7.3.1/../../../../arm-none-eabi/lib/thumb/v7e-m/fpv4-sp/hard/libstdc++_nano.a
LOAD /usr/bin/../lib/gcc/arm-none-eabi/7.3.1/../../../../arm-none-eabi/lib/thumb/v7e-m/fpv4-sp/hard/libm.a
START GROUP
LOAD /usr/bin/../lib/gcc/arm-none-eabi/7.3.1/thumb/v7e-m/fpv4-sp/hard/libgcc.a
LOAD /usr/bin/../lib/gcc/arm-none-eabi/7.3.1/../../../../arm-none-eabi/lib/thumb/v7e-m/fpv4-sp/hard/libg_nano.a
LOAD /usr/bin/../lib/gcc/arm-none-eabi/7.3.1/../../../../arm-none-eabi/lib/thumb/v7e-m/fpv4-sp/hard/libc_nano.a
END GROUP
START GROUP
LOAD /usr/bin/../lib/gcc/arm-none-eabi/7.3.1/thumb/v7e-m/fpv4-sp/hard/libgcc.a
LOAD /usr/bin/../lib/gcc/arm-none-eabi/7.3.1/../../../../arm-none-eabi/lib/thumb/v7e-m/fpv4-sp/hard/libc_nano.a
LOAD /usr/bin/../lib/gcc/arm-none-eabi/7.3.1/../../../../arm-none-eabi/lib/thumb/v7e-m/fpv4-sp/hard/libnosys.a
END GROUP
START GROUP
LOAD /usr/bin/../lib/gcc/arm-none-eabi/7.3.1/thumb/v7e-m/fpv4-sp/hard/libgcc.a
LOAD /usr/bin/../lib/gcc/arm-none-eabi/7.3.1/../../../../arm-none-eabi/lib/thumb/v7e-m/fpv4-sp/hard/libc_nano.a
LOAD /usr/bin/../lib/gcc/arm-none-eabi/7.3.1/../../../../arm-none-eabi/lib/thumb/v7e-m/fpv4-sp/hard/libnosys.a
END GROUP
LOAD /usr/bin/../lib/gcc/arm-none-eabi/7.3.1/thumb/v7e-m/fpv4-sp/hard/crtend.o
LOAD /usr/bin/../lib/gcc/arm-none-eabi/7.3.1/thumb/v7e-m/fpv4-sp/hard/crtn.o

.text           0x0000000000000000    0x23b8b
 *(.isr_vector)
 .isr_vector    0x0000000000000000      0x124 /mnt/d/Projects/QuickLogic/qorc-sdk/qf_apps/qf_ssi_ai_app/GCC_Project/output/vectors_CM4F_gcc.o
                0x0000000000000000                __Vectors
 *(.text*)
 .text          0x0000000000000124       0x40 /usr/bin/../lib/gcc/arm-none-eabi/7.3.1/thumb/v7e-m/fpv4-sp/hard/crtbegin.o
 .text          0x0000000000000164       0x74 /usr/bin/../lib/gcc/arm-none-eabi/7.3.1/../../../../arm-none-eabi/lib/thumb/v7e-m/fpv4-sp/hard/crt0.o
                0x0000000000000164                _mainCRTStartup
                0x0000000000000164                _start
 .text.set_sys_error
                0x00000000000001d8       0x38 /mnt/d/Projects/QuickLogic/qorc-sdk/qf_apps/qf_ssi_ai_app/GCC_Project/output/MajorTopicDispatch.o
                0x00000000000001d8                set_sys_error
 .text._ZN7ADS101511isConnectedEv
                0x0000000000000210       0x1a /mnt/d/Projects/QuickLogic/qorc-sdk/qf_apps/qf_ssi_ai_app/GCC_Project/output/SparkFun_ADS1015_Arduino_Library.o
                0x0000000000000210                ADS1015::isConnected()
 .text._ZN7ADS10155beginEhR7TwoWire
                0x000000000000022a        0x8 /mnt/d/Projects/QuickLogic/qorc-sdk/qf_apps/qf_ssi_ai_app/GCC_Project/output/SparkFun_ADS1015_Arduino_Library.o
                0x000000000000022a                ADS1015::begin(unsigned char, TwoWire&)
 .text._ZN7ADS101513setSampleRateEt
                0x0000000000000232        0x4 /mnt/d/Projects/QuickLogic/qorc-sdk/qf_apps/qf_ssi_ai_app/GCC_Project/output/SparkFun_ADS1015_Arduino_Library.o
                0x0000000000000232                ADS1015::setSampleRate(unsigned short)
 .text._ZN7ADS101512readRegisterEh
                0x0000000000000236       0x3a /mnt/d/Projects/QuickLogic/qorc-sdk/qf_apps/qf_ssi_ai_app/GCC_Project/output/SparkFun_ADS1015_Arduino_Library.o
                0x0000000000000236                ADS1015::readRegister(unsigned char)
 .text._ZN7ADS101513writeRegisterEht
                0x0000000000000270       0x32 /mnt/d/Projects/QuickLogic/qorc-sdk/qf_apps/qf_ssi_ai_app/GCC_Project/output/SparkFun_ADS1015_Arduino_Library.o
                0x0000000000000270                ADS1015::writeRegister(unsigned char, unsigned short)
 .text._ZN7ADS101514getSingleEndedEh
                0x00000000000002a2       0x5a /mnt/d/Projects/QuickLogic/qorc-sdk/qf_apps/qf_ssi_ai_app/GCC_Project/output/SparkFun_ADS1015_Arduino_Library.o
                0x00000000000002a2                ADS1015::getSingleEnded(unsigned char)
 .text._ZN7TwoWire17beginTransmissionEi
                0x00000000000002fc       0x1c /mnt/d/Projects/QuickLogic/qorc-sdk/qf_apps/qf_ssi_ai_app/GCC_Project/output/Wire.o
                0x00000000000002fc                TwoWire::beginTransmission(int)
 .text._ZN7TwoWire15endTransmissionEi
                0x0000000000000318       0x28 /mnt/d/Projects/QuickLogic/qorc-sdk/qf_apps/qf_ssi_ai_app/GCC_Project/output/Wire.o
                0x0000000000000318                TwoWire::endTransmission(int)
 .text._ZN7TwoWire15endTransmissionEv
                0x0000000000000340        0x6 /mnt/d/Projects/QuickLogic/qorc-sdk/qf_apps/qf_ssi_ai_app/GCC_Project/output/Wire.o
                0x0000000000000340                TwoWire::endTransmission()
 *fill*         0x0000000000000346        0x2 
 .text._ZN7TwoWire11requestFromEiib
                0x0000000000000348       0x28 /mnt/d/Projects/QuickLogic/qorc-sdk/qf_apps/qf_ssi_ai_app/GCC_Project/output/Wire.o
                0x0000000000000348                TwoWire::requestFrom(int, int, bool)
 .text._ZN7TwoWire11requestFromEii
                0x0000000000000370        0x6 /mnt/d/Projects/QuickLogic/qorc-sdk/qf_apps/qf_ssi_ai_app/GCC_Project/output/Wire.o
                0x0000000000000370                TwoWire::requestFrom(int, int)
 *fill*         0x0000000000000376        0x2 
 .text._ZN7TwoWire5writeEPKhi
                0x0000000000000378       0x38 /mnt/d/Projects/QuickLogic/qorc-sdk/qf_apps/qf_ssi_ai_app/GCC_Project/output/Wire.o
                0x0000000000000378                TwoWire::write(unsigned char const*, int)
 .text._ZN7TwoWire5writeEh
                0x00000000000003b0       0x16 /mnt/d/Projects/QuickLogic/qorc-sdk/qf_apps/qf_ssi_ai_app/GCC_Project/output/Wire.o
                0x00000000000003b0                TwoWire::write(unsigned char)
 *fill*         0x00000000000003c6        0x2 
 .text._ZN7TwoWire9availableEv
                0x00000000000003c8        0xc /mnt/d/Projects/QuickLogic/qorc-sdk/qf_apps/qf_ssi_ai_app/GCC_Project/output/Wire.o
                0x00000000000003c8                TwoWire::available()
 .text._ZN7TwoWire4readEv
                0x00000000000003d4       0x2c /mnt/d/Projects/QuickLogic/qorc-sdk/qf_apps/qf_ssi_ai_app/GCC_Project/output/Wire.o
                0x00000000000003d4                TwoWire::read()
 .text._write   0x0000000000000400        0xe /mnt/d/Projects/QuickLogic/qorc-sdk/qf_apps/qf_ssi_ai_app/GCC_Project/output/c_lib_retarget.o
                0x0000000000000400                _write
 .text._close   0x000000000000040e        0x6 /mnt/d/Projects/QuickLogic/qorc-sdk/qf_apps/qf_ssi_ai_app/GCC_Project/output/c_lib_retarget.o
                0x000000000000040e                _close
 .text._lseek   0x0000000000000414        0x4 /mnt/d/Projects/QuickLogic/qorc-sdk/qf_apps/qf_ssi_ai_app/GCC_Project/output/c_lib_retarget.o
                0x0000000000000414                _lseek
 .text._read    0x0000000000000418        0x4 /mnt/d/Projects/QuickLogic/qorc-sdk/qf_apps/qf_ssi_ai_app/GCC_Project/output/c_lib_retarget.o
                0x0000000000000418                _read
 .text.datablk_mgr_acquire_common
                0x000000000000041c       0x80 /mnt/d/Projects/QuickLogic/qorc-sdk/qf_apps/qf_ssi_ai_app/GCC_Project/output/datablk_mgr.o
 .text.datablk_mgr_init
                0x000000000000049c       0xdc /mnt/d/Projects/QuickLogic/qorc-sdk/qf_apps/qf_ssi_ai_app/GCC_Project/output/datablk_mgr.o
                0x000000000000049c                datablk_mgr_init
 .text.datablk_mgr_acquire
                0x0000000000000578        0x6 /mnt/d/Projects/QuickLogic/qorc-sdk/qf_apps/qf_ssi_ai_app/GCC_Project/output/datablk_mgr.o
                0x0000000000000578                datablk_mgr_acquire
 .text.datablk_mgr_acquireFromISR
                0x000000000000057e        0x8 /mnt/d/Projects/QuickLogic/qorc-sdk/qf_apps/qf_ssi_ai_app/GCC_Project/output/datablk_mgr.o
                0x000000000000057e                datablk_mgr_acquireFromISR
 .text.datablk_mgr_usecount_increment
                0x0000000000000586       0x18 /mnt/d/Projects/QuickLogic/qorc-sdk/qf_apps/qf_ssi_ai_app/GCC_Project/output/datablk_mgr.o
                0x0000000000000586                datablk_mgr_usecount_increment
 .text.datablk_mgr_validity_check
                0x000000000000059e       0x1a /mnt/d/Projects/QuickLogic/qorc-sdk/qf_apps/qf_ssi_ai_app/GCC_Project/output/datablk_mgr.o
                0x000000000000059e                datablk_mgr_validity_check
 .text.datablk_mgr_release_common
                0x00000000000005b8       0x8c /mnt/d/Projects/QuickLogic/qorc-sdk/qf_apps/qf_ssi_ai_app/GCC_Project/output/datablk_mgr.o
                0x00000000000005b8                datablk_mgr_release_common
 .text.datablk_mgr_release
                0x0000000000000644        0x6 /mnt/d/Projects/QuickLogic/qorc-sdk/qf_apps/qf_ssi_ai_app/GCC_Project/output/datablk_mgr.o
                0x0000000000000644                datablk_mgr_release
 *fill*         0x000000000000064a        0x2 
 .text.datablk_mgr_WriteDataBufferToQueues
                0x000000000000064c       0x74 /mnt/d/Projects/QuickLogic/qorc-sdk/qf_apps/qf_ssi_ai_app/GCC_Project/output/datablk_mgr.o
                0x000000000000064c                datablk_mgr_WriteDataBufferToQueues
 .text.datablk_mgr_WriteDataBufferToQueuesFromISR
                0x00000000000006c0       0x60 /mnt/d/Projects/QuickLogic/qorc-sdk/qf_apps/qf_ssi_ai_app/GCC_Project/output/datablk_mgr.o
                0x00000000000006c0                datablk_mgr_WriteDataBufferToQueuesFromISR
 .text.datablk_processor_task
                0x0000000000000720      0x114 /mnt/d/Projects/QuickLogic/qorc-sdk/qf_apps/qf_ssi_ai_app/GCC_Project/output/datablk_processor.o
 .text.datablk_pe_process_bypass_func
                0x0000000000000834       0x18 /mnt/d/Projects/QuickLogic/qorc-sdk/qf_apps/qf_ssi_ai_app/GCC_Project/output/datablk_processor.o
 .text.datablk_processor_task_setup
                0x000000000000084c       0x48 /mnt/d/Projects/QuickLogic/qorc-sdk/qf_apps/qf_ssi_ai_app/GCC_Project/output/datablk_processor.o
                0x000000000000084c                datablk_processor_task_setup
 .text.wake_storage_task
                0x0000000000000894       0x14 /mnt/d/Projects/QuickLogic/qorc-sdk/qf_apps/qf_ssi_ai_app/GCC_Project/output/datasave.o
 .text.close_riff_block
                0x00000000000008a8       0x28 /mnt/d/Projects/QuickLogic/qorc-sdk/qf_apps/qf_ssi_ai_app/GCC_Project/output/datasave.o
 .text.data_save
                0x00000000000008d0      0x258 /mnt/d/Projects/QuickLogic/qorc-sdk/qf_apps/qf_ssi_ai_app/GCC_Project/output/datasave.o
                0x00000000000008d0                data_save
 .text.open_riff_file
                0x0000000000000b28      0x33c /mnt/d/Projects/QuickLogic/qorc-sdk/qf_apps/qf_ssi_ai_app/GCC_Project/output/datasave.o
                0x0000000000000b28                open_riff_file
 .text.drain_blocks
                0x0000000000000e64       0xbc /mnt/d/Projects/QuickLogic/qorc-sdk/qf_apps/qf_ssi_ai_app/GCC_Project/output/datasave.o
 .text.close_riff_file
                0x0000000000000f20       0x90 /mnt/d/Projects/QuickLogic/qorc-sdk/qf_apps/qf_ssi_ai_app/GCC_Project/output/datasave.o
                0x0000000000000f20                close_riff_file
 .text.app_datastorage_start_stop
                0x0000000000000fb0       0x68 /mnt/d/Projects/QuickLogic/qorc-sdk/qf_apps/qf_ssi_ai_app/GCC_Project/output/datasave.o
                0x0000000000000fb0                app_datastorage_start_stop
 .text.DataSaveTaskHandler
                0x0000000000001018      0x114 /mnt/d/Projects/QuickLogic/qorc-sdk/qf_apps/qf_ssi_ai_app/GCC_Project/output/datasave.o
                0x0000000000001018                DataSaveTaskHandler
 .text.create_datasave_task
                0x000000000000112c       0x78 /mnt/d/Projects/QuickLogic/qorc-sdk/qf_apps/qf_ssi_ai_app/GCC_Project/output/datasave.o
                0x000000000000112c                create_datasave_task
 .text.__debug_lockup
                0x00000000000011a4       0x14 /mnt/d/Projects/QuickLogic/qorc-sdk/qf_apps/qf_ssi_ai_app/GCC_Project/output/dbg_uart.o
 .text._semihost_write
                0x00000000000011b8       0x54 /mnt/d/Projects/QuickLogic/qorc-sdk/qf_apps/qf_ssi_ai_app/GCC_Project/output/dbg_uart.o
                0x00000000000011b8                _semihost_write
 .text.dbg_ch_raw
                0x000000000000120c       0x74 /mnt/d/Projects/QuickLogic/qorc-sdk/qf_apps/qf_ssi_ai_app/GCC_Project/output/dbg_uart.o
                0x000000000000120c                dbg_ch_raw
 .text.dbg_nl   0x0000000000001280       0x12 /mnt/d/Projects/QuickLogic/qorc-sdk/qf_apps/qf_ssi_ai_app/GCC_Project/output/dbg_uart.o
                0x0000000000001280                dbg_nl
 .text.dbg_ch   0x0000000000001292        0xc /mnt/d/Projects/QuickLogic/qorc-sdk/qf_apps/qf_ssi_ai_app/GCC_Project/output/dbg_uart.o
                0x0000000000001292                dbg_ch
 .text.dbg_hex4
                0x000000000000129e       0x14 /mnt/d/Projects/QuickLogic/qorc-sdk/qf_apps/qf_ssi_ai_app/GCC_Project/output/dbg_uart.o
 .text.dbg_hex8
                0x00000000000012b2       0x14 /mnt/d/Projects/QuickLogic/qorc-sdk/qf_apps/qf_ssi_ai_app/GCC_Project/output/dbg_uart.o
                0x00000000000012b2                dbg_hex8
 .text.dbg_hex16
                0x00000000000012c6       0x14 /mnt/d/Projects/QuickLogic/qorc-sdk/qf_apps/qf_ssi_ai_app/GCC_Project/output/dbg_uart.o
                0x00000000000012c6                dbg_hex16
 .text.dbg_hex32
                0x00000000000012da       0x14 /mnt/d/Projects/QuickLogic/qorc-sdk/qf_apps/qf_ssi_ai_app/GCC_Project/output/dbg_uart.o
                0x00000000000012da                dbg_hex32
 .text._dbg_int
                0x00000000000012ee       0x20 /mnt/d/Projects/QuickLogic/qorc-sdk/qf_apps/qf_ssi_ai_app/GCC_Project/output/dbg_uart.o
 .text.divmodch
                0x000000000000130e       0x24 /mnt/d/Projects/QuickLogic/qorc-sdk/qf_apps/qf_ssi_ai_app/GCC_Project/output/dbg_uart.o
 .text.dbg_memdumpx
                0x0000000000001332       0xde /mnt/d/Projects/QuickLogic/qorc-sdk/qf_apps/qf_ssi_ai_app/GCC_Project/output/dbg_uart.o
 .text.dbg_str  0x0000000000001410       0x84 /mnt/d/Projects/QuickLogic/qorc-sdk/qf_apps/qf_ssi_ai_app/GCC_Project/output/dbg_uart.o
                0x0000000000001410                dbg_str
 .text._dbg_str_xxx
                0x0000000000001494       0x16 /mnt/d/Projects/QuickLogic/qorc-sdk/qf_apps/qf_ssi_ai_app/GCC_Project/output/dbg_uart.o
 .text.dbg_str_hexXX
                0x00000000000014aa       0x22 /mnt/d/Projects/QuickLogic/qorc-sdk/qf_apps/qf_ssi_ai_app/GCC_Project/output/dbg_uart.o
 .text._dbg_str_now
                0x00000000000014cc       0x80 /mnt/d/Projects/QuickLogic/qorc-sdk/qf_apps/qf_ssi_ai_app/GCC_Project/output/dbg_uart.o
                0x00000000000014cc                _dbg_str_now
 .text.dbg_int  0x000000000000154c       0x24 /mnt/d/Projects/QuickLogic/qorc-sdk/qf_apps/qf_ssi_ai_app/GCC_Project/output/dbg_uart.o
                0x000000000000154c                dbg_int
 .text.dbg_str_str
                0x0000000000001570       0x16 /mnt/d/Projects/QuickLogic/qorc-sdk/qf_apps/qf_ssi_ai_app/GCC_Project/output/dbg_uart.o
                0x0000000000001570                dbg_str_str
 .text.dbg_str_int
                0x0000000000001586       0x16 /mnt/d/Projects/QuickLogic/qorc-sdk/qf_apps/qf_ssi_ai_app/GCC_Project/output/dbg_uart.o
                0x0000000000001586                dbg_str_int
 .text.dbg_str_int_noln
                0x000000000000159c       0x12 /mnt/d/Projects/QuickLogic/qorc-sdk/qf_apps/qf_ssi_ai_app/GCC_Project/output/dbg_uart.o
                0x000000000000159c                dbg_str_int_noln
 *fill*         0x00000000000015ae        0x2 
 .text.dbg_str_hex32
                0x00000000000015b0        0xc /mnt/d/Projects/QuickLogic/qorc-sdk/qf_apps/qf_ssi_ai_app/GCC_Project/output/dbg_uart.o
                0x00000000000015b0                dbg_str_hex32
 .text.dbg_str_ptr
                0x00000000000015bc        0x4 /mnt/d/Projects/QuickLogic/qorc-sdk/qf_apps/qf_ssi_ai_app/GCC_Project/output/dbg_uart.o
                0x00000000000015bc                dbg_str_ptr
 .text.dbg_fatal_error
                0x00000000000015c0       0x12 /mnt/d/Projects/QuickLogic/qorc-sdk/qf_apps/qf_ssi_ai_app/GCC_Project/output/dbg_uart.o
                0x00000000000015c0                dbg_fatal_error
 .text.dbg_fatal_error_int
                0x00000000000015d2        0xe /mnt/d/Projects/QuickLogic/qorc-sdk/qf_apps/qf_ssi_ai_app/GCC_Project/output/dbg_uart.o
                0x00000000000015d2                dbg_fatal_error_int
 .text.dbg_memdump32
                0x00000000000015e0       0x1e /mnt/d/Projects/QuickLogic/qorc-sdk/qf_apps/qf_ssi_ai_app/GCC_Project/output/dbg_uart.o
                0x00000000000015e0                dbg_memdump32
 *fill*         0x00000000000015fe        0x2 
 .text.dbg_assert
                0x0000000000001600       0x48 /mnt/d/Projects/QuickLogic/qorc-sdk/qf_apps/qf_ssi_ai_app/GCC_Project/output/dbg_uart.o
                0x0000000000001600                dbg_assert
 .text.onDmac0BlockDone
                0x0000000000001648       0x20 /mnt/d/Projects/QuickLogic/qorc-sdk/qf_apps/qf_ssi_ai_app/GCC_Project/output/eoss3_hal_audio.o
                0x0000000000001648                onDmac0BlockDone
 .text.onDmac0BufferDone
                0x0000000000001668       0x20 /mnt/d/Projects/QuickLogic/qorc-sdk/qf_apps/qf_ssi_ai_app/GCC_Project/output/eoss3_hal_audio.o
                0x0000000000001668                onDmac0BufferDone
 .text.audio_isr_onDmac0BufferDone
                0x0000000000001688       0xcc /mnt/d/Projects/QuickLogic/qorc-sdk/qf_apps/qf_ssi_ai_app/GCC_Project/output/eoss3_hal_audio.o
                0x0000000000001688                audio_isr_onDmac0BufferDone
 .text.HAL_usbserial_init_common
                0x0000000000001754      0x108 /mnt/d/Projects/QuickLogic/qorc-sdk/qf_apps/qf_ssi_ai_app/GCC_Project/output/eoss3_hal_fpga_usbserial.o
 .text.HAL_usbserial_isrfunc
                0x000000000000185c       0x50 /mnt/d/Projects/QuickLogic/qorc-sdk/qf_apps/qf_ssi_ai_app/GCC_Project/output/eoss3_hal_fpga_usbserial.o
 .text.HAL_usbserial_init2
                0x00000000000018ac        0x8 /mnt/d/Projects/QuickLogic/qorc-sdk/qf_apps/qf_ssi_ai_app/GCC_Project/output/eoss3_hal_fpga_usbserial.o
                0x00000000000018ac                HAL_usbserial_init2
 .text.HAL_usbserial_init
                0x00000000000018b4        0xa /mnt/d/Projects/QuickLogic/qorc-sdk/qf_apps/qf_ssi_ai_app/GCC_Project/output/eoss3_hal_fpga_usbserial.o
                0x00000000000018b4                HAL_usbserial_init
 *fill*         0x00000000000018be        0x2 
 .text.HAL_usbserial_getc
                0x00000000000018c0       0x18 /mnt/d/Projects/QuickLogic/qorc-sdk/qf_apps/qf_ssi_ai_app/GCC_Project/output/eoss3_hal_fpga_usbserial.o
                0x00000000000018c0                HAL_usbserial_getc
 .text.HAL_usbserial_putc
                0x00000000000018d8       0x20 /mnt/d/Projects/QuickLogic/qorc-sdk/qf_apps/qf_ssi_ai_app/GCC_Project/output/eoss3_hal_fpga_usbserial.o
                0x00000000000018d8                HAL_usbserial_putc
 .text.HAL_usbserial_dataavailable
                0x00000000000018f8       0x10 /mnt/d/Projects/QuickLogic/qorc-sdk/qf_apps/qf_ssi_ai_app/GCC_Project/output/eoss3_hal_fpga_usbserial.o
                0x00000000000018f8                HAL_usbserial_dataavailable
 .text.HAL_GPIO_Write
                0x0000000000001908       0x28 /mnt/d/Projects/QuickLogic/qorc-sdk/qf_apps/qf_ssi_ai_app/GCC_Project/output/eoss3_hal_gpio.o
                0x0000000000001908                HAL_GPIO_Write
 .text.HAL_I2C_SetClockFreq
                0x0000000000001930       0x84 /mnt/d/Projects/QuickLogic/qorc-sdk/qf_apps/qf_ssi_ai_app/GCC_Project/output/eoss3_hal_i2c.o
                0x0000000000001930                HAL_I2C_SetClockFreq
 .text.HAL_I2C_Init
                0x00000000000019b4       0x64 /mnt/d/Projects/QuickLogic/qorc-sdk/qf_apps/qf_ssi_ai_app/GCC_Project/output/eoss3_hal_i2c.o
                0x00000000000019b4                HAL_I2C_Init
 .text.HAL_I2C_ReadRawData
                0x0000000000001a18       0xec /mnt/d/Projects/QuickLogic/qorc-sdk/qf_apps/qf_ssi_ai_app/GCC_Project/output/eoss3_hal_i2c.o
                0x0000000000001a18                HAL_I2C_ReadRawData
 .text.HAL_I2C_WriteRawData
                0x0000000000001b04      0x104 /mnt/d/Projects/QuickLogic/qorc-sdk/qf_apps/qf_ssi_ai_app/GCC_Project/output/eoss3_hal_i2c.o
                0x0000000000001b04                HAL_I2C_WriteRawData
 .text.HAL_PAD_Config
                0x0000000000001c08      0x194 /mnt/d/Projects/QuickLogic/qorc-sdk/qf_apps/qf_ssi_ai_app/GCC_Project/output/eoss3_hal_pad_config.o
                0x0000000000001c08                HAL_PAD_Config
 .text.configure_s3_pads
                0x0000000000001d9c       0x1a /mnt/d/Projects/QuickLogic/qorc-sdk/qf_apps/qf_ssi_ai_app/GCC_Project/output/eoss3_hal_pad_config.o
                0x0000000000001d9c                configure_s3_pads
 *fill*         0x0000000000001db6        0x2 
 .text.eoss3_rtc_enable_irq
                0x0000000000001db8       0x28 /mnt/d/Projects/QuickLogic/qorc-sdk/qf_apps/qf_ssi_ai_app/GCC_Project/output/eoss3_hal_rtc.o
 .text.write_rtc_reg
                0x0000000000001de0       0x18 /mnt/d/Projects/QuickLogic/qorc-sdk/qf_apps/qf_ssi_ai_app/GCC_Project/output/eoss3_hal_rtc.o
 .text.__rtc_setup_alarm.isra.0
                0x0000000000001df8       0x44 /mnt/d/Projects/QuickLogic/qorc-sdk/qf_apps/qf_ssi_ai_app/GCC_Project/output/eoss3_hal_rtc.o
 .text.HAL_RTC_ISR
                0x0000000000001e3c       0x24 /mnt/d/Projects/QuickLogic/qorc-sdk/qf_apps/qf_ssi_ai_app/GCC_Project/output/eoss3_hal_rtc.o
                0x0000000000001e3c                HAL_RTC_ISR
 .text.HAL_RTC_Init
                0x0000000000001e60       0x38 /mnt/d/Projects/QuickLogic/qorc-sdk/qf_apps/qf_ssi_ai_app/GCC_Project/output/eoss3_hal_rtc.o
                0x0000000000001e60                HAL_RTC_Init
 .text.HAL_RTC_GetTime
                0x0000000000001e98       0x44 /mnt/d/Projects/QuickLogic/qorc-sdk/qf_apps/qf_ssi_ai_app/GCC_Project/output/eoss3_hal_rtc.o
                0x0000000000001e98                HAL_RTC_GetTime
 .text.SPI_PollTxFifoEmptyFlag
                0x0000000000001edc       0x20 /mnt/d/Projects/QuickLogic/qorc-sdk/qf_apps/qf_ssi_ai_app/GCC_Project/output/eoss3_hal_spi.o
 .text.SPI_FiFoWrite
                0x0000000000001efc       0x9c /mnt/d/Projects/QuickLogic/qorc-sdk/qf_apps/qf_ssi_ai_app/GCC_Project/output/eoss3_hal_spi.o
 .text.assert_failed
                0x0000000000001f98       0x2c /mnt/d/Projects/QuickLogic/qorc-sdk/qf_apps/qf_ssi_ai_app/GCC_Project/output/eoss3_hal_spi.o
                0x0000000000001f98                assert_failed
 .text.unlock_spi1_bus
                0x0000000000001fc4       0x5c /mnt/d/Projects/QuickLogic/qorc-sdk/qf_apps/qf_ssi_ai_app/GCC_Project/output/eoss3_hal_spi.o
                0x0000000000001fc4                unlock_spi1_bus
 .text.lock_spi1_bus
                0x0000000000002020       0x28 /mnt/d/Projects/QuickLogic/qorc-sdk/qf_apps/qf_ssi_ai_app/GCC_Project/output/eoss3_hal_spi.o
                0x0000000000002020                lock_spi1_bus
 .text.HAL_SPI_Transmit
                0x0000000000002048      0x190 /mnt/d/Projects/QuickLogic/qorc-sdk/qf_apps/qf_ssi_ai_app/GCC_Project/output/eoss3_hal_spi.o
                0x0000000000002048                HAL_SPI_Transmit
 .text.HAL_SPI_Receive
                0x00000000000021d8      0x1b4 /mnt/d/Projects/QuickLogic/qorc-sdk/qf_apps/qf_ssi_ai_app/GCC_Project/output/eoss3_hal_spi.o
                0x00000000000021d8                HAL_SPI_Receive
 .text.SPI_DMA_Complete
                0x000000000000238c       0x88 /mnt/d/Projects/QuickLogic/qorc-sdk/qf_apps/qf_ssi_ai_app/GCC_Project/output/eoss3_hal_spi.o
                0x000000000000238c                SPI_DMA_Complete
 .text.HAL_SPI_IRQHandler
                0x0000000000002414       0x6c /mnt/d/Projects/QuickLogic/qorc-sdk/qf_apps/qf_ssi_ai_app/GCC_Project/output/eoss3_hal_spi.o
                0x0000000000002414                HAL_SPI_IRQHandler
 .text.HAL_SPI_Init
                0x0000000000002480      0x160 /mnt/d/Projects/QuickLogic/qorc-sdk/qf_apps/qf_ssi_ai_app/GCC_Project/output/eoss3_hal_spi.o
                0x0000000000002480                HAL_SPI_Init
 .text.HAL_SPI_TransmitReceive2
                0x00000000000025e0      0x1e8 /mnt/d/Projects/QuickLogic/qorc-sdk/qf_apps/qf_ssi_ai_app/GCC_Project/output/eoss3_hal_spi.o
                0x00000000000025e0                HAL_SPI_TransmitReceive2
 .text.HAL_Delay_Init
                0x00000000000027c8       0x54 /mnt/d/Projects/QuickLogic/qorc-sdk/qf_apps/qf_ssi_ai_app/GCC_Project/output/eoss3_hal_timer.o
                0x00000000000027c8                HAL_Delay_Init
 .text.HAL_DelayUSec
                0x000000000000281c       0x28 /mnt/d/Projects/QuickLogic/qorc-sdk/qf_apps/qf_ssi_ai_app/GCC_Project/output/eoss3_hal_timer.o
                0x000000000000281c                HAL_DelayUSec
 .text.HAL_Timer_ISR
                0x0000000000002844       0x88 /mnt/d/Projects/QuickLogic/qorc-sdk/qf_apps/qf_ssi_ai_app/GCC_Project/output/eoss3_hal_timer.o
                0x0000000000002844                HAL_Timer_ISR
 .text.uart_baud_rate
                0x00000000000028cc       0xa0 /mnt/d/Projects/QuickLogic/qorc-sdk/qf_apps/qf_ssi_ai_app/GCC_Project/output/eoss3_hal_uart.o
 .text.is_hw_uart_enabled
                0x000000000000296c       0x20 /mnt/d/Projects/QuickLogic/qorc-sdk/qf_apps/qf_ssi_ai_app/GCC_Project/output/eoss3_hal_uart.o
 .text.uart_disable
                0x000000000000298c       0x1c /mnt/d/Projects/QuickLogic/qorc-sdk/qf_apps/qf_ssi_ai_app/GCC_Project/output/eoss3_hal_uart.o
 .text.uart_lpm_callback
                0x00000000000029a8       0x70 /mnt/d/Projects/QuickLogic/qorc-sdk/qf_apps/qf_ssi_ai_app/GCC_Project/output/eoss3_hal_uart.o
 .text.uart_init
                0x0000000000002a18      0x18c /mnt/d/Projects/QuickLogic/qorc-sdk/qf_apps/qf_ssi_ai_app/GCC_Project/output/eoss3_hal_uart.o
                0x0000000000002a18                uart_init
 .text.uart_isr_handler
                0x0000000000002ba4       0x84 /mnt/d/Projects/QuickLogic/qorc-sdk/qf_apps/qf_ssi_ai_app/GCC_Project/output/eoss3_hal_uart.o
                0x0000000000002ba4                uart_isr_handler
 .text.uart_tx_raw
                0x0000000000002c28       0x48 /mnt/d/Projects/QuickLogic/qorc-sdk/qf_apps/qf_ssi_ai_app/GCC_Project/output/eoss3_hal_uart.o
                0x0000000000002c28                uart_tx_raw
 .text.uart_tx  0x0000000000002c70       0x1c /mnt/d/Projects/QuickLogic/qorc-sdk/qf_apps/qf_ssi_ai_app/GCC_Project/output/eoss3_hal_uart.o
                0x0000000000002c70                uart_tx
 .text.uart_tx_buf
                0x0000000000002c8c       0x1a /mnt/d/Projects/QuickLogic/qorc-sdk/qf_apps/qf_ssi_ai_app/GCC_Project/output/eoss3_hal_uart.o
                0x0000000000002c8c                uart_tx_buf
 .text.uart_tx_raw_buf
                0x0000000000002ca6       0x1a /mnt/d/Projects/QuickLogic/qorc-sdk/qf_apps/qf_ssi_ai_app/GCC_Project/output/eoss3_hal_uart.o
                0x0000000000002ca6                uart_tx_raw_buf
 .text.uart_rx_available
                0x0000000000002cc0       0x40 /mnt/d/Projects/QuickLogic/qorc-sdk/qf_apps/qf_ssi_ai_app/GCC_Project/output/eoss3_hal_uart.o
                0x0000000000002cc0                uart_rx_available
 .text.uart_rx  0x0000000000002d00       0x6c /mnt/d/Projects/QuickLogic/qorc-sdk/qf_apps/qf_ssi_ai_app/GCC_Project/output/eoss3_hal_uart.o
                0x0000000000002d00                uart_rx
 .text.uart_rx_raw_buf
                0x0000000000002d6c       0x1e /mnt/d/Projects/QuickLogic/qorc-sdk/qf_apps/qf_ssi_ai_app/GCC_Project/output/eoss3_hal_uart.o
                0x0000000000002d6c                uart_rx_raw_buf
 *fill*         0x0000000000002d8a        0x2 
 .text.HAL_WB_Transmit
                0x0000000000002d8c       0x3c /mnt/d/Projects/QuickLogic/qorc-sdk/qf_apps/qf_ssi_ai_app/GCC_Project/output/eoss3_hal_wb.o
                0x0000000000002d8c                HAL_WB_Transmit
 .text.HAL_WB_Receive
                0x0000000000002dc8       0x44 /mnt/d/Projects/QuickLogic/qorc-sdk/qf_apps/qf_ssi_ai_app/GCC_Project/output/eoss3_hal_wb.o
                0x0000000000002dc8                HAL_WB_Receive
 .text.HAL_WB_Init
                0x0000000000002e0c      0x10c /mnt/d/Projects/QuickLogic/qorc-sdk/qf_apps/qf_ssi_ai_app/GCC_Project/output/eoss3_hal_wb.o
                0x0000000000002e0c                HAL_WB_Init
 .text.WDT_ISR  0x0000000000002f18       0x8c /mnt/d/Projects/QuickLogic/qorc-sdk/qf_apps/qf_ssi_ai_app/GCC_Project/output/eoss3_hal_wdt.o
                0x0000000000002f18                WDT_ISR
 .text.spurious_interrupt
                0x0000000000002fa4        0xc /mnt/d/Projects/QuickLogic/qorc-sdk/qf_apps/qf_ssi_ai_app/GCC_Project/output/exceptions.o
 .text.prvGetRegistersFromStack
                0x0000000000002fb0       0xf0 /mnt/d/Projects/QuickLogic/qorc-sdk/qf_apps/qf_ssi_ai_app/GCC_Project/output/exceptions.o
                0x0000000000002fb0                prvGetRegistersFromStack
 .text.HardFault_Handler
                0x00000000000030a0       0x16 /mnt/d/Projects/QuickLogic/qorc-sdk/qf_apps/qf_ssi_ai_app/GCC_Project/output/exceptions.o
                0x00000000000030a0                HardFault_Handler
 .text.NMI_Handler
                0x00000000000030b6        0x6 /mnt/d/Projects/QuickLogic/qorc-sdk/qf_apps/qf_ssi_ai_app/GCC_Project/output/exceptions.o
                0x00000000000030b6                NMI_Handler
 .text.MemManage_Handler
                0x00000000000030bc        0x6 /mnt/d/Projects/QuickLogic/qorc-sdk/qf_apps/qf_ssi_ai_app/GCC_Project/output/exceptions.o
                0x00000000000030bc                MemManage_Handler
 .text.BusFault_Handler
                0x00000000000030c2        0x6 /mnt/d/Projects/QuickLogic/qorc-sdk/qf_apps/qf_ssi_ai_app/GCC_Project/output/exceptions.o
                0x00000000000030c2                BusFault_Handler
 .text.UsageFault_Handler
                0x00000000000030c8        0x6 /mnt/d/Projects/QuickLogic/qorc-sdk/qf_apps/qf_ssi_ai_app/GCC_Project/output/exceptions.o
                0x00000000000030c8                UsageFault_Handler
 .text.DebugMon_Handler
                0x00000000000030ce        0x6 /mnt/d/Projects/QuickLogic/qorc-sdk/qf_apps/qf_ssi_ai_app/GCC_Project/output/exceptions.o
                0x00000000000030ce                DebugMon_Handler
 .text.Uart_Handler
                0x00000000000030d4       0x50 /mnt/d/Projects/QuickLogic/qorc-sdk/qf_apps/qf_ssi_ai_app/GCC_Project/output/exceptions.o
                0x00000000000030d4                Uart_Handler
 .text.Timer_Handler
                0x0000000000003124       0x24 /mnt/d/Projects/QuickLogic/qorc-sdk/qf_apps/qf_ssi_ai_app/GCC_Project/output/exceptions.o
                0x0000000000003124                Timer_Handler
 .text.CpuWdtInt_Handler
                0x0000000000003148       0x24 /mnt/d/Projects/QuickLogic/qorc-sdk/qf_apps/qf_ssi_ai_app/GCC_Project/output/exceptions.o
                0x0000000000003148                CpuWdtInt_Handler
 .text.CpuWdtRst_Handler
                0x000000000000316c        0x6 /mnt/d/Projects/QuickLogic/qorc-sdk/qf_apps/qf_ssi_ai_app/GCC_Project/output/exceptions.o
                0x000000000000316c                CpuWdtRst_Handler
 .text.BusTimeout_Handler
                0x0000000000003172        0x6 /mnt/d/Projects/QuickLogic/qorc-sdk/qf_apps/qf_ssi_ai_app/GCC_Project/output/exceptions.o
                0x0000000000003172                BusTimeout_Handler
 .text.Fpu_Handler
                0x0000000000003178        0x6 /mnt/d/Projects/QuickLogic/qorc-sdk/qf_apps/qf_ssi_ai_app/GCC_Project/output/exceptions.o
                0x0000000000003178                Fpu_Handler
 *fill*         0x000000000000317e        0x2 
 .text.Pkfb_Handler
                0x0000000000003180       0x10 /mnt/d/Projects/QuickLogic/qorc-sdk/qf_apps/qf_ssi_ai_app/GCC_Project/output/exceptions.o
                0x0000000000003180                Pkfb_Handler
 .text.I2s_Handler
                0x0000000000003190        0x6 /mnt/d/Projects/QuickLogic/qorc-sdk/qf_apps/qf_ssi_ai_app/GCC_Project/output/exceptions.o
                0x0000000000003190                I2s_Handler
 .text.Audio_Handler
                0x0000000000003196        0x6 /mnt/d/Projects/QuickLogic/qorc-sdk/qf_apps/qf_ssi_ai_app/GCC_Project/output/exceptions.o
                0x0000000000003196                Audio_Handler
 .text.SpiMs_Handler
                0x000000000000319c       0x5c /mnt/d/Projects/QuickLogic/qorc-sdk/qf_apps/qf_ssi_ai_app/GCC_Project/output/exceptions.o
                0x000000000000319c                SpiMs_Handler
 .text.CfgDma_Handler
                0x00000000000031f8       0x28 /mnt/d/Projects/QuickLogic/qorc-sdk/qf_apps/qf_ssi_ai_app/GCC_Project/output/exceptions.o
                0x00000000000031f8                CfgDma_Handler
 .text.PmuTimer_Handler
                0x0000000000003220        0x2 /mnt/d/Projects/QuickLogic/qorc-sdk/qf_apps/qf_ssi_ai_app/GCC_Project/output/exceptions.o
                0x0000000000003220                PmuTimer_Handler
 .text.AdcDone_Handler
                0x0000000000003222        0x8 /mnt/d/Projects/QuickLogic/qorc-sdk/qf_apps/qf_ssi_ai_app/GCC_Project/output/exceptions.o
                0x0000000000003222                AdcDone_Handler
 *fill*         0x000000000000322a        0x2 
 .text.RtcAlarm_Handler
                0x000000000000322c       0x1c /mnt/d/Projects/QuickLogic/qorc-sdk/qf_apps/qf_ssi_ai_app/GCC_Project/output/exceptions.o
                0x000000000000322c                RtcAlarm_Handler
 .text.ResetInt_Handler
                0x0000000000003248        0x8 /mnt/d/Projects/QuickLogic/qorc-sdk/qf_apps/qf_ssi_ai_app/GCC_Project/output/exceptions.o
                0x0000000000003248                ResetInt_Handler
 .text.Ffe0_Handler
                0x0000000000003250       0x18 /mnt/d/Projects/QuickLogic/qorc-sdk/qf_apps/qf_ssi_ai_app/GCC_Project/output/exceptions.o
                0x0000000000003250                Ffe0_Handler
 .text.FbMsg_Handler
                0x0000000000003268       0x70 /mnt/d/Projects/QuickLogic/qorc-sdk/qf_apps/qf_ssi_ai_app/GCC_Project/output/exceptions.o
                0x0000000000003268                FbMsg_Handler
 .text.FB_RegisterISR
                0x00000000000032d8       0x10 /mnt/d/Projects/QuickLogic/qorc-sdk/qf_apps/qf_ssi_ai_app/GCC_Project/output/exceptions.o
                0x00000000000032d8                FB_RegisterISR
 .text.FB_ConfigureInterrupt
                0x00000000000032e8       0x7c /mnt/d/Projects/QuickLogic/qorc-sdk/qf_apps/qf_ssi_ai_app/GCC_Project/output/exceptions.o
                0x00000000000032e8                FB_ConfigureInterrupt
 .text.SensorGpio_Handler
                0x0000000000003364        0x8 /mnt/d/Projects/QuickLogic/qorc-sdk/qf_apps/qf_ssi_ai_app/GCC_Project/output/exceptions.o
                0x0000000000003364                SensorGpio_Handler
 .text.M4SramSleep_Handler
                0x000000000000336c        0x8 /mnt/d/Projects/QuickLogic/qorc-sdk/qf_apps/qf_ssi_ai_app/GCC_Project/output/exceptions.o
                0x000000000000336c                M4SramSleep_Handler
 .text.LDO30_PG_Handler
                0x0000000000003374        0x8 /mnt/d/Projects/QuickLogic/qorc-sdk/qf_apps/qf_ssi_ai_app/GCC_Project/output/exceptions.o
                0x0000000000003374                LDO30_PG_Handler
 .text.LDO50_PG_Handler
                0x000000000000337c        0x8 /mnt/d/Projects/QuickLogic/qorc-sdk/qf_apps/qf_ssi_ai_app/GCC_Project/output/exceptions.o
                0x000000000000337c                LDO50_PG_Handler
 .text.DMIC_Voice_Det_Handler
                0x0000000000003384        0x8 /mnt/d/Projects/QuickLogic/qorc-sdk/qf_apps/qf_ssi_ai_app/GCC_Project/output/exceptions.o
                0x0000000000003384                DMIC_Voice_Det_Handler
 .text.ApPDMClkOn_Handler
                0x000000000000338c        0x8 /mnt/d/Projects/QuickLogic/qorc-sdk/qf_apps/qf_ssi_ai_app/GCC_Project/output/exceptions.o
                0x000000000000338c                ApPDMClkOn_Handler
 .text.ApPDMClkOff_Handler
                0x0000000000003394        0x8 /mnt/d/Projects/QuickLogic/qorc-sdk/qf_apps/qf_ssi_ai_app/GCC_Project/output/exceptions.o
                0x0000000000003394                ApPDMClkOff_Handler
 .text.Dmac0BlkDone_Handler
                0x000000000000339c        0x4 /mnt/d/Projects/QuickLogic/qorc-sdk/qf_apps/qf_ssi_ai_app/GCC_Project/output/exceptions.o
                0x000000000000339c                Dmac0BlkDone_Handler
 .text.Dmac0BufDone_Handler
                0x00000000000033a0       0x10 /mnt/d/Projects/QuickLogic/qorc-sdk/qf_apps/qf_ssi_ai_app/GCC_Project/output/exceptions.o
                0x00000000000033a0                Dmac0BufDone_Handler
 .text.Dmac1BlkDone_Handler
                0x00000000000033b0        0x8 /mnt/d/Projects/QuickLogic/qorc-sdk/qf_apps/qf_ssi_ai_app/GCC_Project/output/exceptions.o
                0x00000000000033b0                Dmac1BlkDone_Handler
 .text.Dmac1BufDone_Handler
                0x00000000000033b8        0x8 /mnt/d/Projects/QuickLogic/qorc-sdk/qf_apps/qf_ssi_ai_app/GCC_Project/output/exceptions.o
                0x00000000000033b8                Dmac1BufDone_Handler
 .text.Sdma0Done_Handler
                0x00000000000033c0        0x8 /mnt/d/Projects/QuickLogic/qorc-sdk/qf_apps/qf_ssi_ai_app/GCC_Project/output/exceptions.o
                0x00000000000033c0                Sdma0Done_Handler
 .text.Sdma1Done_Handler
                0x00000000000033c8        0x8 /mnt/d/Projects/QuickLogic/qorc-sdk/qf_apps/qf_ssi_ai_app/GCC_Project/output/exceptions.o
                0x00000000000033c8                Sdma1Done_Handler
 .text.Sdma2Done_Handler
                0x00000000000033d0        0x8 /mnt/d/Projects/QuickLogic/qorc-sdk/qf_apps/qf_ssi_ai_app/GCC_Project/output/exceptions.o
                0x00000000000033d0                Sdma2Done_Handler
 .text.Sdma3Done_Handler
                0x00000000000033d8        0x8 /mnt/d/Projects/QuickLogic/qorc-sdk/qf_apps/qf_ssi_ai_app/GCC_Project/output/exceptions.o
                0x00000000000033d8                Sdma3Done_Handler
 .text.Sdma4Done_Handler
                0x00000000000033e0        0x8 /mnt/d/Projects/QuickLogic/qorc-sdk/qf_apps/qf_ssi_ai_app/GCC_Project/output/exceptions.o
                0x00000000000033e0                Sdma4Done_Handler
 .text.Sdma5Done_Handler
                0x00000000000033e8        0x8 /mnt/d/Projects/QuickLogic/qorc-sdk/qf_apps/qf_ssi_ai_app/GCC_Project/output/exceptions.o
                0x00000000000033e8                Sdma5Done_Handler
 .text.Sdma6Done_Handler
                0x00000000000033f0        0x8 /mnt/d/Projects/QuickLogic/qorc-sdk/qf_apps/qf_ssi_ai_app/GCC_Project/output/exceptions.o
                0x00000000000033f0                Sdma6Done_Handler
 .text.Sdma7Done_Handler
                0x00000000000033f8        0x8 /mnt/d/Projects/QuickLogic/qorc-sdk/qf_apps/qf_ssi_ai_app/GCC_Project/output/exceptions.o
                0x00000000000033f8                Sdma7Done_Handler
 .text.Sdma8Done_Handler
                0x0000000000003400        0x8 /mnt/d/Projects/QuickLogic/qorc-sdk/qf_apps/qf_ssi_ai_app/GCC_Project/output/exceptions.o
                0x0000000000003400                Sdma8Done_Handler
 .text.Sdma9Done_Handler
                0x0000000000003408        0x8 /mnt/d/Projects/QuickLogic/qorc-sdk/qf_apps/qf_ssi_ai_app/GCC_Project/output/exceptions.o
                0x0000000000003408                Sdma9Done_Handler
 .text.Sdma10Done_Handler
                0x0000000000003410        0x8 /mnt/d/Projects/QuickLogic/qorc-sdk/qf_apps/qf_ssi_ai_app/GCC_Project/output/exceptions.o
                0x0000000000003410                Sdma10Done_Handler
 .text.Sdma11Done_Handler
                0x0000000000003418        0x8 /mnt/d/Projects/QuickLogic/qorc-sdk/qf_apps/qf_ssi_ai_app/GCC_Project/output/exceptions.o
                0x0000000000003418                Sdma11Done_Handler
 .text.SdmaErr_Handler
                0x0000000000003420        0x8 /mnt/d/Projects/QuickLogic/qorc-sdk/qf_apps/qf_ssi_ai_app/GCC_Project/output/exceptions.o
                0x0000000000003420                SdmaErr_Handler
 .text.I2S_SlvM4TxOr_Handler
                0x0000000000003428        0x8 /mnt/d/Projects/QuickLogic/qorc-sdk/qf_apps/qf_ssi_ai_app/GCC_Project/output/exceptions.o
                0x0000000000003428                I2S_SlvM4TxOr_Handler
 .text.SRAM_128KB_Handler
                0x0000000000003430        0x8 /mnt/d/Projects/QuickLogic/qorc-sdk/qf_apps/qf_ssi_ai_app/GCC_Project/output/exceptions.o
                0x0000000000003430                SRAM_128KB_Handler
 .text.LPSD_Voice_Det_Handler
                0x0000000000003438        0x8 /mnt/d/Projects/QuickLogic/qorc-sdk/qf_apps/qf_ssi_ai_app/GCC_Project/output/exceptions.o
                0x0000000000003438                LPSD_Voice_Det_Handler
 .text.FfeWdt_Handler
                0x0000000000003440        0x8 /mnt/d/Projects/QuickLogic/qorc-sdk/qf_apps/qf_ssi_ai_app/GCC_Project/output/exceptions.o
                0x0000000000003440                FfeWdt_Handler
 .text.ApBoot_Handler
                0x0000000000003448        0x8 /mnt/d/Projects/QuickLogic/qorc-sdk/qf_apps/qf_ssi_ai_app/GCC_Project/output/exceptions.o
                0x0000000000003448                ApBoot_Handler
 .text.SwInt2_Handler
                0x0000000000003450        0x8 /mnt/d/Projects/QuickLogic/qorc-sdk/qf_apps/qf_ssi_ai_app/GCC_Project/output/exceptions.o
                0x0000000000003450                SwInt2_Handler
 .text.SwInt1_Handler
                0x0000000000003458       0x24 /mnt/d/Projects/QuickLogic/qorc-sdk/qf_apps/qf_ssi_ai_app/GCC_Project/output/exceptions.o
                0x0000000000003458                SwInt1_Handler
 .text.Ffe0Msg_Handler
                0x000000000000347c        0x8 /mnt/d/Projects/QuickLogic/qorc-sdk/qf_apps/qf_ssi_ai_app/GCC_Project/output/exceptions.o
                0x000000000000347c                Ffe0Msg_Handler
 .text.lpsdVoiceOffHandler
                0x0000000000003484        0x8 /mnt/d/Projects/QuickLogic/qorc-sdk/qf_apps/qf_ssi_ai_app/GCC_Project/output/exceptions.o
                0x0000000000003484                lpsdVoiceOffHandler
 .text.dmicVoiceOffHandler
                0x000000000000348c        0x8 /mnt/d/Projects/QuickLogic/qorc-sdk/qf_apps/qf_ssi_ai_app/GCC_Project/output/exceptions.o
                0x000000000000348c                dmicVoiceOffHandler
 .text.vApplicationMallocFailedHook
                0x0000000000003494       0x24 /mnt/d/Projects/QuickLogic/qorc-sdk/qf_apps/qf_ssi_ai_app/GCC_Project/output/exceptions.o
                0x0000000000003494                vApplicationMallocFailedHook
 .text.vApplicationStackOverflowHook
                0x00000000000034b8       0x24 /mnt/d/Projects/QuickLogic/qorc-sdk/qf_apps/qf_ssi_ai_app/GCC_Project/output/exceptions.o
                0x00000000000034b8                vApplicationStackOverflowHook
 .text.vApplicationTickHook
                0x00000000000034dc        0x2 /mnt/d/Projects/QuickLogic/qorc-sdk/qf_apps/qf_ssi_ai_app/GCC_Project/output/exceptions.o
                0x00000000000034dc                vApplicationTickHook
 .text.vApplicationIdleHook
                0x00000000000034de        0x2 /mnt/d/Projects/QuickLogic/qorc-sdk/qf_apps/qf_ssi_ai_app/GCC_Project/output/exceptions.o
                0x00000000000034de                vApplicationIdleHook
 .text.ld_dword
                0x00000000000034e0       0x10 /mnt/d/Projects/QuickLogic/qorc-sdk/qf_apps/qf_ssi_ai_app/GCC_Project/output/ff.o
 .text.st_dword
                0x00000000000034f0       0x10 /mnt/d/Projects/QuickLogic/qorc-sdk/qf_apps/qf_ssi_ai_app/GCC_Project/output/ff.o
 .text.mem_cmp  0x0000000000003500       0x1c /mnt/d/Projects/QuickLogic/qorc-sdk/qf_apps/qf_ssi_ai_app/GCC_Project/output/ff.o
 .text.clst2sect
                0x000000000000351c       0x16 /mnt/d/Projects/QuickLogic/qorc-sdk/qf_apps/qf_ssi_ai_app/GCC_Project/output/ff.o
 .text.sum_sfn  0x0000000000003532       0x1e /mnt/d/Projects/QuickLogic/qorc-sdk/qf_apps/qf_ssi_ai_app/GCC_Project/output/ff.o
 .text.get_ldnumber
                0x0000000000003550       0x74 /mnt/d/Projects/QuickLogic/qorc-sdk/qf_apps/qf_ssi_ai_app/GCC_Project/output/ff.o
 .text.validate
                0x00000000000035c4       0x34 /mnt/d/Projects/QuickLogic/qorc-sdk/qf_apps/qf_ssi_ai_app/GCC_Project/output/ff.o
 .text.mem_cpy.part.0
                0x00000000000035f8       0x12 /mnt/d/Projects/QuickLogic/qorc-sdk/qf_apps/qf_ssi_ai_app/GCC_Project/output/ff.o
 .text.ld_clust.isra.3
                0x000000000000360a       0x1c /mnt/d/Projects/QuickLogic/qorc-sdk/qf_apps/qf_ssi_ai_app/GCC_Project/output/ff.o
 .text.st_clust.isra.4
                0x0000000000003626       0x18 /mnt/d/Projects/QuickLogic/qorc-sdk/qf_apps/qf_ssi_ai_app/GCC_Project/output/ff.o
 .text.sync_window
                0x000000000000363e       0x44 /mnt/d/Projects/QuickLogic/qorc-sdk/qf_apps/qf_ssi_ai_app/GCC_Project/output/ff.o
 .text.move_window
                0x0000000000003682       0x36 /mnt/d/Projects/QuickLogic/qorc-sdk/qf_apps/qf_ssi_ai_app/GCC_Project/output/ff.o
 .text.check_fs
                0x00000000000036b8       0x70 /mnt/d/Projects/QuickLogic/qorc-sdk/qf_apps/qf_ssi_ai_app/GCC_Project/output/ff.o
 .text.find_volume
                0x0000000000003728      0x290 /mnt/d/Projects/QuickLogic/qorc-sdk/qf_apps/qf_ssi_ai_app/GCC_Project/output/ff.o
 .text.put_fat  0x00000000000039b8       0xf8 /mnt/d/Projects/QuickLogic/qorc-sdk/qf_apps/qf_ssi_ai_app/GCC_Project/output/ff.o
 .text.get_fat.isra.9
                0x0000000000003ab0       0xb4 /mnt/d/Projects/QuickLogic/qorc-sdk/qf_apps/qf_ssi_ai_app/GCC_Project/output/ff.o
 .text.dir_sdi  0x0000000000003b64       0x84 /mnt/d/Projects/QuickLogic/qorc-sdk/qf_apps/qf_ssi_ai_app/GCC_Project/output/ff.o
 .text.create_chain
                0x0000000000003be8       0xe8 /mnt/d/Projects/QuickLogic/qorc-sdk/qf_apps/qf_ssi_ai_app/GCC_Project/output/ff.o
 .text.remove_chain
                0x0000000000003cd0       0x6e /mnt/d/Projects/QuickLogic/qorc-sdk/qf_apps/qf_ssi_ai_app/GCC_Project/output/ff.o
 .text.dir_clear
                0x0000000000003d3e       0x56 /mnt/d/Projects/QuickLogic/qorc-sdk/qf_apps/qf_ssi_ai_app/GCC_Project/output/ff.o
 .text.dir_next
                0x0000000000003d94       0xa6 /mnt/d/Projects/QuickLogic/qorc-sdk/qf_apps/qf_ssi_ai_app/GCC_Project/output/ff.o
 .text.dir_remove
                0x0000000000003e3a       0x4e /mnt/d/Projects/QuickLogic/qorc-sdk/qf_apps/qf_ssi_ai_app/GCC_Project/output/ff.o
 .text.dir_find
                0x0000000000003e88      0x154 /mnt/d/Projects/QuickLogic/qorc-sdk/qf_apps/qf_ssi_ai_app/GCC_Project/output/ff.o
 .text.dir_read.constprop.14
                0x0000000000003fdc      0x128 /mnt/d/Projects/QuickLogic/qorc-sdk/qf_apps/qf_ssi_ai_app/GCC_Project/output/ff.o
 .text.follow_path
                0x0000000000004104      0x2b4 /mnt/d/Projects/QuickLogic/qorc-sdk/qf_apps/qf_ssi_ai_app/GCC_Project/output/ff.o
 .text.sync_fs  0x00000000000043b8       0x98 /mnt/d/Projects/QuickLogic/qorc-sdk/qf_apps/qf_ssi_ai_app/GCC_Project/output/ff.o
 .text.dir_register
                0x0000000000004450      0x274 /mnt/d/Projects/QuickLogic/qorc-sdk/qf_apps/qf_ssi_ai_app/GCC_Project/output/ff.o
 .text.f_mount  0x00000000000046c4       0x4c /mnt/d/Projects/QuickLogic/qorc-sdk/qf_apps/qf_ssi_ai_app/GCC_Project/output/ff.o
                0x00000000000046c4                f_mount
 .text.f_open   0x0000000000004710      0x1c4 /mnt/d/Projects/QuickLogic/qorc-sdk/qf_apps/qf_ssi_ai_app/GCC_Project/output/ff.o
                0x0000000000004710                f_open
 .text.f_write  0x00000000000048d4      0x18a /mnt/d/Projects/QuickLogic/qorc-sdk/qf_apps/qf_ssi_ai_app/GCC_Project/output/ff.o
                0x00000000000048d4                f_write
 .text.f_sync   0x0000000000004a5e       0x90 /mnt/d/Projects/QuickLogic/qorc-sdk/qf_apps/qf_ssi_ai_app/GCC_Project/output/ff.o
                0x0000000000004a5e                f_sync
 .text.f_close  0x0000000000004aee       0x1a /mnt/d/Projects/QuickLogic/qorc-sdk/qf_apps/qf_ssi_ai_app/GCC_Project/output/ff.o
                0x0000000000004aee                f_close
 .text.f_unlink
                0x0000000000004b08       0xaa /mnt/d/Projects/QuickLogic/qorc-sdk/qf_apps/qf_ssi_ai_app/GCC_Project/output/ff.o
                0x0000000000004b08                f_unlink
 *fill*         0x0000000000004bb2        0x2 
 .text.ff_uni2oem
                0x0000000000004bb4       0x40 /mnt/d/Projects/QuickLogic/qorc-sdk/qf_apps/qf_ssi_ai_app/GCC_Project/output/ffunicode.o
                0x0000000000004bb4                ff_uni2oem
 .text.ff_oem2uni
                0x0000000000004bf4       0x28 /mnt/d/Projects/QuickLogic/qorc-sdk/qf_apps/qf_ssi_ai_app/GCC_Project/output/ffunicode.o
                0x0000000000004bf4                ff_oem2uni
 .text.ff_wtoupper
                0x0000000000004c1c       0x8c /mnt/d/Projects/QuickLogic/qorc-sdk/qf_apps/qf_ssi_ai_app/GCC_Project/output/ffunicode.o
                0x0000000000004c1c                ff_wtoupper
 .text.load_fpga
                0x0000000000004ca8      0x118 /mnt/d/Projects/QuickLogic/qorc-sdk/qf_apps/qf_ssi_ai_app/GCC_Project/output/fpga_loader.o
                0x0000000000004ca8                load_fpga
 .text.prvInsertBlockIntoFreeList
                0x0000000000004dc0       0x74 /mnt/d/Projects/QuickLogic/qorc-sdk/qf_apps/qf_ssi_ai_app/GCC_Project/output/heap_4.o
 .text.pvPortMalloc
                0x0000000000004e34      0x1a4 /mnt/d/Projects/QuickLogic/qorc-sdk/qf_apps/qf_ssi_ai_app/GCC_Project/output/heap_4.o
                0x0000000000004e34                pvPortMalloc
 .text.vPortFree
                0x0000000000004fd8       0xa0 /mnt/d/Projects/QuickLogic/qorc-sdk/qf_apps/qf_ssi_ai_app/GCC_Project/output/heap_4.o
                0x0000000000004fd8                vPortFree
 .text.vListInitialise
                0x0000000000005078       0x16 /mnt/d/Projects/QuickLogic/qorc-sdk/qf_apps/qf_ssi_ai_app/GCC_Project/output/list.o
                0x0000000000005078                vListInitialise
 .text.vListInitialiseItem
                0x000000000000508e        0x6 /mnt/d/Projects/QuickLogic/qorc-sdk/qf_apps/qf_ssi_ai_app/GCC_Project/output/list.o
                0x000000000000508e                vListInitialiseItem
 .text.vListInsertEnd
                0x0000000000005094       0x18 /mnt/d/Projects/QuickLogic/qorc-sdk/qf_apps/qf_ssi_ai_app/GCC_Project/output/list.o
                0x0000000000005094                vListInsertEnd
 .text.vListInsert
                0x00000000000050ac       0x2e /mnt/d/Projects/QuickLogic/qorc-sdk/qf_apps/qf_ssi_ai_app/GCC_Project/output/list.o
                0x00000000000050ac                vListInsert
 .text.uxListRemove
                0x00000000000050da       0x22 /mnt/d/Projects/QuickLogic/qorc-sdk/qf_apps/qf_ssi_ai_app/GCC_Project/output/list.o
                0x00000000000050da                uxListRemove
 *fill*         0x00000000000050fc        0x4 
 .text.startup.main
                0x0000000000005100      0x114 /mnt/d/Projects/QuickLogic/qorc-sdk/qf_apps/qf_ssi_ai_app/GCC_Project/output/main.o
                0x0000000000005100                main
 .text.SystemInit
                0x0000000000005214        0x2 /mnt/d/Projects/QuickLogic/qorc-sdk/qf_apps/qf_ssi_ai_app/GCC_Project/output/main.o
                0x0000000000005214                SystemInit
 .text.wait_ffe_fpga_load
                0x0000000000005216        0x2 /mnt/d/Projects/QuickLogic/qorc-sdk/qf_apps/qf_ssi_ai_app/GCC_Project/output/main.o
                0x0000000000005216                wait_ffe_fpga_load
 .text._ZN6MC36359write_regEhPhi
                0x0000000000005218       0x34 /mnt/d/Projects/QuickLogic/qorc-sdk/qf_apps/qf_ssi_ai_app/GCC_Project/output/mc3635_wire.o
                0x0000000000005218                MC3635::write_reg(unsigned char, unsigned char*, int)
 .text._ZN6MC36358read_regEhPhi
                0x000000000000524c       0x58 /mnt/d/Projects/QuickLogic/qorc-sdk/qf_apps/qf_ssi_ai_app/GCC_Project/output/mc3635_wire.o
                0x000000000000524c                MC3635::read_reg(unsigned char, unsigned char*, int)
 .text._ZN6MC3635C2Ev
                0x00000000000052a4        0x6 /mnt/d/Projects/QuickLogic/qorc-sdk/qf_apps/qf_ssi_ai_app/GCC_Project/output/mc3635_wire.o
                0x00000000000052a4                MC3635::MC3635()
                0x00000000000052a4                MC3635::MC3635()
 .text._ZN6MC36358set_modeE14mc3635_modes_t
                0x00000000000052aa       0x46 /mnt/d/Projects/QuickLogic/qorc-sdk/qf_apps/qf_ssi_ai_app/GCC_Project/output/mc3635_wire.o
                0x00000000000052aa                MC3635::set_mode(mc3635_modes_t)
 .text._ZN6MC363515set_sample_rateEi
                0x00000000000052f0       0x94 /mnt/d/Projects/QuickLogic/qorc-sdk/qf_apps/qf_ssi_ai_app/GCC_Project/output/mc3635_wire.o
                0x00000000000052f0                MC3635::set_sample_rate(int)
 .text._ZN6MC363515get_sample_rateEv
                0x0000000000005384       0x28 /mnt/d/Projects/QuickLogic/qorc-sdk/qf_apps/qf_ssi_ai_app/GCC_Project/output/mc3635_wire.o
                0x0000000000005384                MC3635::get_sample_rate()
 .text._ZN6MC363516set_sample_rangeE14mc3635_range_t
                0x00000000000053ac       0x3c /mnt/d/Projects/QuickLogic/qorc-sdk/qf_apps/qf_ssi_ai_app/GCC_Project/output/mc3635_wire.o
                0x00000000000053ac                MC3635::set_sample_range(mc3635_range_t)
 .text._ZN6MC363516get_sample_rangeEv
                0x00000000000053e8       0x1a /mnt/d/Projects/QuickLogic/qorc-sdk/qf_apps/qf_ssi_ai_app/GCC_Project/output/mc3635_wire.o
                0x00000000000053e8                MC3635::get_sample_range()
 *fill*         0x0000000000005402        0x2 
 .text._ZN6MC363521set_sample_resolutionEi
                0x0000000000005404       0x50 /mnt/d/Projects/QuickLogic/qorc-sdk/qf_apps/qf_ssi_ai_app/GCC_Project/output/mc3635_wire.o
                0x0000000000005404                MC3635::set_sample_resolution(int)
 .text._ZN6MC363521get_sample_resolutionEv
                0x0000000000005454       0x28 /mnt/d/Projects/QuickLogic/qorc-sdk/qf_apps/qf_ssi_ai_app/GCC_Project/output/mc3635_wire.o
                0x0000000000005454                MC3635::get_sample_resolution()
 .text._ZN6MC36355beginEv
                0x000000000000547c      0x1a0 /mnt/d/Projects/QuickLogic/qorc-sdk/qf_apps/qf_ssi_ai_app/GCC_Project/output/mc3635_wire.o
                0x000000000000547c                MC3635::begin()
 .text._ZN6MC36354readEv
                0x000000000000561c       0x14 /mnt/d/Projects/QuickLogic/qorc-sdk/qf_apps/qf_ssi_ai_app/GCC_Project/output/mc3635_wire.o
                0x000000000000561c                MC3635::read()
 .text.xTaskSet_uSecCount
                0x0000000000005630       0x2c /mnt/d/Projects/QuickLogic/qorc-sdk/qf_apps/qf_ssi_ai_app/GCC_Project/output/micro_tick64.o
                0x0000000000005630                xTaskSet_uSecCount
 .text.convert_to_uSecCount
                0x000000000000565c       0x38 /mnt/d/Projects/QuickLogic/qorc-sdk/qf_apps/qf_ssi_ai_app/GCC_Project/output/micro_tick64.o
                0x000000000000565c                convert_to_uSecCount
 .text.xchg_spi.constprop.4
                0x0000000000005694       0x44 /mnt/d/Projects/QuickLogic/qorc-sdk/qf_apps/qf_ssi_ai_app/GCC_Project/output/mmc_s3.o
 .text.deselect_card
                0x00000000000056d8        0x4 /mnt/d/Projects/QuickLogic/qorc-sdk/qf_apps/qf_ssi_ai_app/GCC_Project/output/mmc_s3.o
 .text.wait_ready
                0x00000000000056dc       0x2c /mnt/d/Projects/QuickLogic/qorc-sdk/qf_apps/qf_ssi_ai_app/GCC_Project/output/mmc_s3.o
 .text.xmit_datablock.constprop.2
                0x0000000000005708       0x70 /mnt/d/Projects/QuickLogic/qorc-sdk/qf_apps/qf_ssi_ai_app/GCC_Project/output/mmc_s3.o
 .text.send_cmd
                0x0000000000005778       0xc8 /mnt/d/Projects/QuickLogic/qorc-sdk/qf_apps/qf_ssi_ai_app/GCC_Project/output/mmc_s3.o
 .text.rcvr_spi_multi
                0x0000000000005840       0x10 /mnt/d/Projects/QuickLogic/qorc-sdk/qf_apps/qf_ssi_ai_app/GCC_Project/output/mmc_s3.o
                0x0000000000005840                rcvr_spi_multi
 .text.rcvr_datablock
                0x0000000000005850       0x3c /mnt/d/Projects/QuickLogic/qorc-sdk/qf_apps/qf_ssi_ai_app/GCC_Project/output/mmc_s3.o
 .text.disk_status
                0x000000000000588c       0x14 /mnt/d/Projects/QuickLogic/qorc-sdk/qf_apps/qf_ssi_ai_app/GCC_Project/output/mmc_s3.o
                0x000000000000588c                disk_status
 .text.disk_initialize
                0x00000000000058a0      0x1e8 /mnt/d/Projects/QuickLogic/qorc-sdk/qf_apps/qf_ssi_ai_app/GCC_Project/output/mmc_s3.o
                0x00000000000058a0                disk_initialize
 .text.disk_read
                0x0000000000005a88       0x80 /mnt/d/Projects/QuickLogic/qorc-sdk/qf_apps/qf_ssi_ai_app/GCC_Project/output/mmc_s3.o
                0x0000000000005a88                disk_read
 .text.disk_write
                0x0000000000005b08       0x90 /mnt/d/Projects/QuickLogic/qorc-sdk/qf_apps/qf_ssi_ai_app/GCC_Project/output/mmc_s3.o
                0x0000000000005b08                disk_write
 .text.disk_ioctl
                0x0000000000005b98      0x1ec /mnt/d/Projects/QuickLogic/qorc-sdk/qf_apps/qf_ssi_ai_app/GCC_Project/output/mmc_s3.o
                0x0000000000005b98                disk_ioctl
 .text.get_fattime
                0x0000000000005d84       0x42 /mnt/d/Projects/QuickLogic/qorc-sdk/qf_apps/qf_ssi_ai_app/GCC_Project/output/mmc_s3.o
                0x0000000000005d84                get_fattime
 *fill*         0x0000000000005dc6        0x2 
 .text.prvPortStartFirstTask
                0x0000000000005dc8       0x28 /mnt/d/Projects/QuickLogic/qorc-sdk/qf_apps/qf_ssi_ai_app/GCC_Project/output/port.o
 .text.vPortEnableVFP
                0x0000000000005df0       0x14 /mnt/d/Projects/QuickLogic/qorc-sdk/qf_apps/qf_ssi_ai_app/GCC_Project/output/port.o
 .text.prvTaskExitError
                0x0000000000005e04       0x50 /mnt/d/Projects/QuickLogic/qorc-sdk/qf_apps/qf_ssi_ai_app/GCC_Project/output/port.o
 .text.pxPortInitialiseStack
                0x0000000000005e54       0x2c /mnt/d/Projects/QuickLogic/qorc-sdk/qf_apps/qf_ssi_ai_app/GCC_Project/output/port.o
                0x0000000000005e54                pxPortInitialiseStack
 .text.SVC_Handler
                0x0000000000005e80       0x24 /mnt/d/Projects/QuickLogic/qorc-sdk/qf_apps/qf_ssi_ai_app/GCC_Project/output/port.o
                0x0000000000005e80                SVC_Handler
 .text.vPortEnterCritical
                0x0000000000005ea4       0x58 /mnt/d/Projects/QuickLogic/qorc-sdk/qf_apps/qf_ssi_ai_app/GCC_Project/output/port.o
                0x0000000000005ea4                vPortEnterCritical
 .text.vPortExitCritical
                0x0000000000005efc       0x3c /mnt/d/Projects/QuickLogic/qorc-sdk/qf_apps/qf_ssi_ai_app/GCC_Project/output/port.o
                0x0000000000005efc                vPortExitCritical
 *fill*         0x0000000000005f38        0x8 
 .text.PendSV_Handler
                0x0000000000005f40       0x64 /mnt/d/Projects/QuickLogic/qorc-sdk/qf_apps/qf_ssi_ai_app/GCC_Project/output/port.o
                0x0000000000005f40                PendSV_Handler
 .text.xPortSysTickHandler
                0x0000000000005fa4       0x2c /mnt/d/Projects/QuickLogic/qorc-sdk/qf_apps/qf_ssi_ai_app/GCC_Project/output/port.o
                0x0000000000005fa4                xPortSysTickHandler
 .text.xPortStartScheduler
                0x0000000000005fd0      0x158 /mnt/d/Projects/QuickLogic/qorc-sdk/qf_apps/qf_ssi_ai_app/GCC_Project/output/port.o
                0x0000000000005fd0                xPortStartScheduler
 .text.vPortValidateInterruptPriority
                0x0000000000006128       0x7c /mnt/d/Projects/QuickLogic/qorc-sdk/qf_apps/qf_ssi_ai_app/GCC_Project/output/port.o
                0x0000000000006128                vPortValidateInterruptPriority
 .text.system_init
                0x00000000000061a4       0x6c /mnt/d/Projects/QuickLogic/qorc-sdk/qf_apps/qf_ssi_ai_app/GCC_Project/output/qf_hardwaresetup.o
                0x00000000000061a4                system_init
 .text.qf_hardwareSetup
                0x0000000000006210       0x74 /mnt/d/Projects/QuickLogic/qorc-sdk/qf_apps/qf_ssi_ai_app/GCC_Project/output/qf_hardwaresetup.o
                0x0000000000006210                qf_hardwareSetup
 .text.ql_gmtime_r
                0x0000000000006284      0x12c /mnt/d/Projects/QuickLogic/qorc-sdk/qf_apps/qf_ssi_ai_app/GCC_Project/output/ql_time.o
                0x0000000000006284                ql_gmtime_r
 .text.ql_localtime_r
                0x00000000000063b0       0x16 /mnt/d/Projects/QuickLogic/qorc-sdk/qf_apps/qf_ssi_ai_app/GCC_Project/output/ql_time.o
                0x00000000000063b0                ql_localtime_r
 .text.ql_time  0x00000000000063c6       0x2a /mnt/d/Projects/QuickLogic/qorc-sdk/qf_apps/qf_ssi_ai_app/GCC_Project/output/ql_time.o
                0x00000000000063c6                ql_time
 .text.prvIsQueueEmpty
                0x00000000000063f0       0x16 /mnt/d/Projects/QuickLogic/qorc-sdk/qf_apps/qf_ssi_ai_app/GCC_Project/output/queue.o
 .text.prvCopyDataToQueue
                0x0000000000006406       0x72 /mnt/d/Projects/QuickLogic/qorc-sdk/qf_apps/qf_ssi_ai_app/GCC_Project/output/queue.o
 .text.prvCopyDataFromQueue
                0x0000000000006478       0x2a /mnt/d/Projects/QuickLogic/qorc-sdk/qf_apps/qf_ssi_ai_app/GCC_Project/output/queue.o
 .text.prvUnlockQueue
                0x00000000000064a2       0x70 /mnt/d/Projects/QuickLogic/qorc-sdk/qf_apps/qf_ssi_ai_app/GCC_Project/output/queue.o
 *fill*         0x0000000000006512        0x2 
 .text.xQueueGenericReset
                0x0000000000006514       0x90 /mnt/d/Projects/QuickLogic/qorc-sdk/qf_apps/qf_ssi_ai_app/GCC_Project/output/queue.o
                0x0000000000006514                xQueueGenericReset
 .text.xQueueGenericCreate
                0x00000000000065a4       0x74 /mnt/d/Projects/QuickLogic/qorc-sdk/qf_apps/qf_ssi_ai_app/GCC_Project/output/queue.o
                0x00000000000065a4                xQueueGenericCreate
 .text.xQueueCreateCountingSemaphore
                0x0000000000006618       0x5c /mnt/d/Projects/QuickLogic/qorc-sdk/qf_apps/qf_ssi_ai_app/GCC_Project/output/queue.o
                0x0000000000006618                xQueueCreateCountingSemaphore
 .text.xQueueGenericSend
                0x0000000000006674      0x198 /mnt/d/Projects/QuickLogic/qorc-sdk/qf_apps/qf_ssi_ai_app/GCC_Project/output/queue.o
                0x0000000000006674                xQueueGenericSend
 .text.xQueueGenericSendDebug
                0x000000000000680c       0x30 /mnt/d/Projects/QuickLogic/qorc-sdk/qf_apps/qf_ssi_ai_app/GCC_Project/output/queue.o
                0x000000000000680c                xQueueGenericSendDebug
 .text.xQueueGenericSendFromISR
                0x000000000000683c       0xf0 /mnt/d/Projects/QuickLogic/qorc-sdk/qf_apps/qf_ssi_ai_app/GCC_Project/output/queue.o
                0x000000000000683c                xQueueGenericSendFromISR
 .text.xQueueGenericSendFromISRDebug
                0x000000000000692c       0x30 /mnt/d/Projects/QuickLogic/qorc-sdk/qf_apps/qf_ssi_ai_app/GCC_Project/output/queue.o
                0x000000000000692c                xQueueGenericSendFromISRDebug
 .text.xQueueGiveFromISR
                0x000000000000695c       0xdc /mnt/d/Projects/QuickLogic/qorc-sdk/qf_apps/qf_ssi_ai_app/GCC_Project/output/queue.o
                0x000000000000695c                xQueueGiveFromISR
 .text.xQueueReceive
                0x0000000000006a38      0x160 /mnt/d/Projects/QuickLogic/qorc-sdk/qf_apps/qf_ssi_ai_app/GCC_Project/output/queue.o
                0x0000000000006a38                xQueueReceive
 .text.xQueueSemaphoreTake
                0x0000000000006b98      0x1b0 /mnt/d/Projects/QuickLogic/qorc-sdk/qf_apps/qf_ssi_ai_app/GCC_Project/output/queue.o
                0x0000000000006b98                xQueueSemaphoreTake
 .text.xQueueReceiveFromISR
                0x0000000000006d48       0xc0 /mnt/d/Projects/QuickLogic/qorc-sdk/qf_apps/qf_ssi_ai_app/GCC_Project/output/queue.o
                0x0000000000006d48                xQueueReceiveFromISR
 .text.uxQueueMessagesWaiting
                0x0000000000006e08       0x38 /mnt/d/Projects/QuickLogic/qorc-sdk/qf_apps/qf_ssi_ai_app/GCC_Project/output/queue.o
                0x0000000000006e08                uxQueueMessagesWaiting
 .text.vQueueAddToRegistry
                0x0000000000006e40       0x24 /mnt/d/Projects/QuickLogic/qorc-sdk/qf_apps/qf_ssi_ai_app/GCC_Project/output/queue.o
                0x0000000000006e40                vQueueAddToRegistry
 .text.vQueueUnregisterQueue
                0x0000000000006e64       0x28 /mnt/d/Projects/QuickLogic/qorc-sdk/qf_apps/qf_ssi_ai_app/GCC_Project/output/queue.o
                0x0000000000006e64                vQueueUnregisterQueue
 .text.vQueueDelete
                0x0000000000006e8c       0x38 /mnt/d/Projects/QuickLogic/qorc-sdk/qf_apps/qf_ssi_ai_app/GCC_Project/output/queue.o
                0x0000000000006e8c                vQueueDelete
 .text.vQueueWaitForMessageRestricted
                0x0000000000006ec4       0x46 /mnt/d/Projects/QuickLogic/qorc-sdk/qf_apps/qf_ssi_ai_app/GCC_Project/output/queue.o
                0x0000000000006ec4                vQueueWaitForMessageRestricted
 *fill*         0x0000000000006f0a        0x2 
 .text.riff_valid_block_pool
                0x0000000000006f0c       0x18 /mnt/d/Projects/QuickLogic/qorc-sdk/qf_apps/qf_ssi_ai_app/GCC_Project/output/riff_block_pool.o
                0x0000000000006f0c                riff_valid_block_pool
 .text.riff_valid_busy_object
                0x0000000000006f24       0x18 /mnt/d/Projects/QuickLogic/qorc-sdk/qf_apps/qf_ssi_ai_app/GCC_Project/output/riff_block_pool.o
                0x0000000000006f24                riff_valid_busy_object
 .text.RIFF_block_pool_common
                0x0000000000006f3c        0x8 /mnt/d/Projects/QuickLogic/qorc-sdk/qf_apps/qf_ssi_ai_app/GCC_Project/output/riff_block_pool.o
                0x0000000000006f3c                RIFF_block_pool_common
 .text.RIFF_block_pool_discard
                0x0000000000006f44       0x34 /mnt/d/Projects/QuickLogic/qorc-sdk/qf_apps/qf_ssi_ai_app/GCC_Project/output/riff_block_pool.o
                0x0000000000006f44                RIFF_block_pool_discard
 .text.RIFF_block_pool_init
                0x0000000000006f78       0xb8 /mnt/d/Projects/QuickLogic/qorc-sdk/qf_apps/qf_ssi_ai_app/GCC_Project/output/riff_block_pool.o
                0x0000000000006f78                RIFF_block_pool_init
 .text.RIFF_blockpool_allocate
                0x0000000000007030       0x58 /mnt/d/Projects/QuickLogic/qorc-sdk/qf_apps/qf_ssi_ai_app/GCC_Project/output/riff_block_pool.o
                0x0000000000007030                RIFF_blockpool_allocate
 .text.RIFF_busy_queue_service
                0x0000000000007088       0x58 /mnt/d/Projects/QuickLogic/qorc-sdk/qf_apps/qf_ssi_ai_app/GCC_Project/output/riff_block_pool.o
                0x0000000000007088                RIFF_busy_queue_service
 .text.riff_valid_file
                0x00000000000070e0       0x18 /mnt/d/Projects/QuickLogic/qorc-sdk/qf_apps/qf_ssi_ai_app/GCC_Project/output/riff_file_fatfs.o
                0x00000000000070e0                riff_valid_file
 .text.RIFF_file_close
                0x00000000000070f8       0x16 /mnt/d/Projects/QuickLogic/qorc-sdk/qf_apps/qf_ssi_ai_app/GCC_Project/output/riff_file_fatfs.o
                0x00000000000070f8                RIFF_file_close
 *fill*         0x000000000000710e        0x2 
 .text.RIFF_file_open
                0x0000000000007110       0x8c /mnt/d/Projects/QuickLogic/qorc-sdk/qf_apps/qf_ssi_ai_app/GCC_Project/output/riff_file_fatfs.o
                0x0000000000007110                RIFF_file_open
 .text.RIFF_file_enqueue_object
                0x000000000000719c       0x38 /mnt/d/Projects/QuickLogic/qorc-sdk/qf_apps/qf_ssi_ai_app/GCC_Project/output/riff_file_fatfs.o
                0x000000000000719c                RIFF_file_enqueue_object
 .text.RIFF_file_write_object
                0x00000000000071d4       0x64 /mnt/d/Projects/QuickLogic/qorc-sdk/qf_apps/qf_ssi_ai_app/GCC_Project/output/riff_file_fatfs.o
                0x00000000000071d4                RIFF_file_write_object
 .text.RIFF_override_size
                0x0000000000007238        0xe /mnt/d/Projects/QuickLogic/qorc-sdk/qf_apps/qf_ssi_ai_app/GCC_Project/output/riff_misc.o
                0x0000000000007238                RIFF_override_size
 .text.RIFF_dma_wr_get
                0x0000000000007246       0x1c /mnt/d/Projects/QuickLogic/qorc-sdk/qf_apps/qf_ssi_ai_app/GCC_Project/output/riff_misc.o
                0x0000000000007246                RIFF_dma_wr_get
 .text.RIFF_space_avail
                0x0000000000007262       0x12 /mnt/d/Projects/QuickLogic/qorc-sdk/qf_apps/qf_ssi_ai_app/GCC_Project/output/riff_misc.o
                0x0000000000007262                RIFF_space_avail
 .text.RIFF_dma_wr_complete
                0x0000000000007274       0x1c /mnt/d/Projects/QuickLogic/qorc-sdk/qf_apps/qf_ssi_ai_app/GCC_Project/output/riff_misc.o
                0x0000000000007274                RIFF_dma_wr_complete
 .text.RIFF_write_vp
                0x0000000000007290       0x4c /mnt/d/Projects/QuickLogic/qorc-sdk/qf_apps/qf_ssi_ai_app/GCC_Project/output/riff_writer.o
                0x0000000000007290                RIFF_write_vp
 .text.RIFF_write_newline
                0x00000000000072dc       0x18 /mnt/d/Projects/QuickLogic/qorc-sdk/qf_apps/qf_ssi_ai_app/GCC_Project/output/riff_writer.o
                0x00000000000072dc                RIFF_write_newline
 .text.RIFF_vsprintf
                0x00000000000072f4       0x50 /mnt/d/Projects/QuickLogic/qorc-sdk/qf_apps/qf_ssi_ai_app/GCC_Project/output/riff_writer.o
                0x00000000000072f4                RIFF_vsprintf
 .text.RIFF_sprintf
                0x0000000000007344       0x1a /mnt/d/Projects/QuickLogic/qorc-sdk/qf_apps/qf_ssi_ai_app/GCC_Project/output/riff_writer.o
                0x0000000000007344                RIFF_sprintf
 .text.RIFF_write_str
                0x000000000000735e       0x1c /mnt/d/Projects/QuickLogic/qorc-sdk/qf_apps/qf_ssi_ai_app/GCC_Project/output/riff_writer.o
                0x000000000000735e                RIFF_write_str
 *fill*         0x000000000000737a        0x2 
 .text.RIFF_write_indent
                0x000000000000737c       0x40 /mnt/d/Projects/QuickLogic/qorc-sdk/qf_apps/qf_ssi_ai_app/GCC_Project/output/riff_writer.o
                0x000000000000737c                RIFF_write_indent
 .text.RIFF_add_json_group_open
                0x00000000000073bc       0x34 /mnt/d/Projects/QuickLogic/qorc-sdk/qf_apps/qf_ssi_ai_app/GCC_Project/output/riff_writer.o
                0x00000000000073bc                RIFF_add_json_group_open
 .text.RIFF_add_json_group_close
                0x00000000000073f0       0x3c /mnt/d/Projects/QuickLogic/qorc-sdk/qf_apps/qf_ssi_ai_app/GCC_Project/output/riff_writer.o
                0x00000000000073f0                RIFF_add_json_group_close
 .text.RIFF_write_quoted_string
                0x000000000000742c       0x48 /mnt/d/Projects/QuickLogic/qorc-sdk/qf_apps/qf_ssi_ai_app/GCC_Project/output/riff_writer.o
                0x000000000000742c                RIFF_write_quoted_string
 .text.RIFF_add_json_tag_group_open
                0x0000000000007474       0x34 /mnt/d/Projects/QuickLogic/qorc-sdk/qf_apps/qf_ssi_ai_app/GCC_Project/output/riff_writer.o
                0x0000000000007474                RIFF_add_json_tag_group_open
 .text._do_tag  0x00000000000074a8       0x7c /mnt/d/Projects/QuickLogic/qorc-sdk/qf_apps/qf_ssi_ai_app/GCC_Project/output/riff_writer.o
 .text.RIFF_add_json_tag_quoted
                0x0000000000007524       0x24 /mnt/d/Projects/QuickLogic/qorc-sdk/qf_apps/qf_ssi_ai_app/GCC_Project/output/riff_writer.o
                0x0000000000007524                RIFF_add_json_tag_quoted
 .text.RIFF_add_json_tag_plain
                0x0000000000007548       0x24 /mnt/d/Projects/QuickLogic/qorc-sdk/qf_apps/qf_ssi_ai_app/GCC_Project/output/riff_writer.o
                0x0000000000007548                RIFF_add_json_tag_plain
 .text.RIFF_write_one_u32
                0x000000000000756c       0x16 /mnt/d/Projects/QuickLogic/qorc-sdk/qf_apps/qf_ssi_ai_app/GCC_Project/output/riff_writer.o
                0x000000000000756c                RIFF_write_one_u32
 .text.RIFF_write_one_u64
                0x0000000000007582       0x16 /mnt/d/Projects/QuickLogic/qorc-sdk/qf_apps/qf_ssi_ai_app/GCC_Project/output/riff_writer.o
                0x0000000000007582                RIFF_write_one_u64
 .text.s3x_clkd_write_div
                0x0000000000007598       0xa8 /mnt/d/Projects/QuickLogic/qorc-sdk/qf_apps/qf_ssi_ai_app/GCC_Project/output/s3x_clock.o
 .text.s3x_clkd_read_div
                0x0000000000007640       0x44 /mnt/d/Projects/QuickLogic/qorc-sdk/qf_apps/qf_ssi_ai_app/GCC_Project/output/s3x_clock.o
 .text.s3x_clkd_cal_div
                0x0000000000007684       0x38 /mnt/d/Projects/QuickLogic/qorc-sdk/qf_apps/qf_ssi_ai_app/GCC_Project/output/s3x_clock.o
 .text.S3x_Id_To_Domain
                0x00000000000076bc       0x1c /mnt/d/Projects/QuickLogic/qorc-sdk/qf_apps/qf_ssi_ai_app/GCC_Project/output/s3x_clock.o
                0x00000000000076bc                S3x_Id_To_Domain
 .text.S3x_Clkd_Get_Cpu_Rate
                0x00000000000076d8        0xc /mnt/d/Projects/QuickLogic/qorc-sdk/qf_apps/qf_ssi_ai_app/GCC_Project/output/s3x_clock.o
                0x00000000000076d8                S3x_Clkd_Get_Cpu_Rate
 .text.s3x_clkd_update_div_val
                0x00000000000076e4       0x44 /mnt/d/Projects/QuickLogic/qorc-sdk/qf_apps/qf_ssi_ai_app/GCC_Project/output/s3x_clock.o
                0x00000000000076e4                s3x_clkd_update_div_val
 .text.s3x_clkd_update_fd_rate
                0x0000000000007728        0xe /mnt/d/Projects/QuickLogic/qorc-sdk/qf_apps/qf_ssi_ai_app/GCC_Project/output/s3x_clock.o
                0x0000000000007728                s3x_clkd_update_fd_rate
 *fill*         0x0000000000007736        0x2 
 .text.s3x_clkd_update_sd_div
                0x0000000000007738       0x54 /mnt/d/Projects/QuickLogic/qorc-sdk/qf_apps/qf_ssi_ai_app/GCC_Project/output/s3x_clock.o
 .text.s3x_clkd_update_all_src_div
                0x000000000000778c       0xd0 /mnt/d/Projects/QuickLogic/qorc-sdk/qf_apps/qf_ssi_ai_app/GCC_Project/output/s3x_clock.o
                0x000000000000778c                s3x_clkd_update_all_src_div
 .text.S3x_Clkd_Get_Hsosc_Rate
                0x000000000000785c       0x34 /mnt/d/Projects/QuickLogic/qorc-sdk/qf_apps/qf_ssi_ai_app/GCC_Project/output/s3x_clock.o
                0x000000000000785c                S3x_Clkd_Get_Hsosc_Rate
 .text.S3x_Clkd_Change_Hsosc
                0x0000000000007890       0x70 /mnt/d/Projects/QuickLogic/qorc-sdk/qf_apps/qf_ssi_ai_app/GCC_Project/output/s3x_clock.o
                0x0000000000007890                S3x_Clkd_Change_Hsosc
 .text.s3x_clkd_get_src_rate
                0x0000000000007900       0x12 /mnt/d/Projects/QuickLogic/qorc-sdk/qf_apps/qf_ssi_ai_app/GCC_Project/output/s3x_clock.o
                0x0000000000007900                s3x_clkd_get_src_rate
 *fill*         0x0000000000007912        0x2 
 .text.s3x_clkd_get_div
                0x0000000000007914       0x60 /mnt/d/Projects/QuickLogic/qorc-sdk/qf_apps/qf_ssi_ai_app/GCC_Project/output/s3x_clock.o
                0x0000000000007914                s3x_clkd_get_div
 .text.s3x_clkd_srate
                0x0000000000007974      0x164 /mnt/d/Projects/QuickLogic/qorc-sdk/qf_apps/qf_ssi_ai_app/GCC_Project/output/s3x_clock.o
 .text.s3x_clkd_grate
                0x0000000000007ad8       0x8c /mnt/d/Projects/QuickLogic/qorc-sdk/qf_apps/qf_ssi_ai_app/GCC_Project/output/s3x_clock.o
 .text.s3x_clkd_set_src_div_st
                0x0000000000007b64       0x50 /mnt/d/Projects/QuickLogic/qorc-sdk/qf_apps/qf_ssi_ai_app/GCC_Project/output/s3x_clock.o
 .text.s3x_update_clk_rate
                0x0000000000007bb4       0xb0 /mnt/d/Projects/QuickLogic/qorc-sdk/qf_apps/qf_ssi_ai_app/GCC_Project/output/s3x_clock.o
                0x0000000000007bb4                s3x_update_clk_rate
 .text.s3x_clkd_get_gate_mask_st
                0x0000000000007c64       0x16 /mnt/d/Projects/QuickLogic/qorc-sdk/qf_apps/qf_ssi_ai_app/GCC_Project/output/s3x_clock.o
                0x0000000000007c64                s3x_clkd_get_gate_mask_st
 *fill*         0x0000000000007c7a        0x2 
 .text.s3x_clkd_set_gate_mask
                0x0000000000007c7c       0x50 /mnt/d/Projects/QuickLogic/qorc-sdk/qf_apps/qf_ssi_ai_app/GCC_Project/output/s3x_clock.o
                0x0000000000007c7c                s3x_clkd_set_gate_mask
 .text.s3x_clkd_enable_gate
                0x0000000000007ccc       0x68 /mnt/d/Projects/QuickLogic/qorc-sdk/qf_apps/qf_ssi_ai_app/GCC_Project/output/s3x_clock.o
 .text.s3x_clkd_disable_gate
                0x0000000000007d34       0x54 /mnt/d/Projects/QuickLogic/qorc-sdk/qf_apps/qf_ssi_ai_app/GCC_Project/output/s3x_clock.o
 .text._S3x_Clk_Enable
                0x0000000000007d88       0xb8 /mnt/d/Projects/QuickLogic/qorc-sdk/qf_apps/qf_ssi_ai_app/GCC_Project/output/s3x_clock.o
                0x0000000000007d88                _S3x_Clk_Enable
 .text._S3x_Clk_Disable
                0x0000000000007e40       0xc8 /mnt/d/Projects/QuickLogic/qorc-sdk/qf_apps/qf_ssi_ai_app/GCC_Project/output/s3x_clock.o
                0x0000000000007e40                _S3x_Clk_Disable
 .text._S3x_Clk_Get_Status
                0x0000000000007f08       0x2c /mnt/d/Projects/QuickLogic/qorc-sdk/qf_apps/qf_ssi_ai_app/GCC_Project/output/s3x_clock.o
                0x0000000000007f08                _S3x_Clk_Get_Status
 .text._S3x_Clk_Get_Rate
                0x0000000000007f34       0x28 /mnt/d/Projects/QuickLogic/qorc-sdk/qf_apps/qf_ssi_ai_app/GCC_Project/output/s3x_clock.o
                0x0000000000007f34                _S3x_Clk_Get_Rate
 .text._S3x_Clk_Set_Rate
                0x0000000000007f5c       0x48 /mnt/d/Projects/QuickLogic/qorc-sdk/qf_apps/qf_ssi_ai_app/GCC_Project/output/s3x_clock.o
                0x0000000000007f5c                _S3x_Clk_Set_Rate
 .text.S3x_Clk_Init
                0x0000000000007fa4      0x160 /mnt/d/Projects/QuickLogic/qorc-sdk/qf_apps/qf_ssi_ai_app/GCC_Project/output/s3x_clock.o
                0x0000000000007fa4                S3x_Clk_Init
 .text.S3x_Clk_Enable
                0x0000000000008104        0x4 /mnt/d/Projects/QuickLogic/qorc-sdk/qf_apps/qf_ssi_ai_app/GCC_Project/output/s3x_clock_hal.o
                0x0000000000008104                S3x_Clk_Enable
 .text.S3x_Clk_Disable
                0x0000000000008108        0x4 /mnt/d/Projects/QuickLogic/qorc-sdk/qf_apps/qf_ssi_ai_app/GCC_Project/output/s3x_clock_hal.o
                0x0000000000008108                S3x_Clk_Disable
 .text.S3x_Clk_Set_Rate
                0x000000000000810c        0x4 /mnt/d/Projects/QuickLogic/qorc-sdk/qf_apps/qf_ssi_ai_app/GCC_Project/output/s3x_clock_hal.o
                0x000000000000810c                S3x_Clk_Set_Rate
 .text.S3x_Clk_Get_Rate
                0x0000000000008110        0x4 /mnt/d/Projects/QuickLogic/qorc-sdk/qf_apps/qf_ssi_ai_app/GCC_Project/output/s3x_clock_hal.o
                0x0000000000008110                S3x_Clk_Get_Rate
 .text.DFS_cpuload
                0x0000000000008114       0x4c /mnt/d/Projects/QuickLogic/qorc-sdk/qf_apps/qf_ssi_ai_app/GCC_Project/output/s3x_cpuload.o
                0x0000000000008114                DFS_cpuload
 .text.DFS_updatesleepticks
                0x0000000000008160       0x10 /mnt/d/Projects/QuickLogic/qorc-sdk/qf_apps/qf_ssi_ai_app/GCC_Project/output/s3x_cpuload.o
                0x0000000000008160                DFS_updatesleepticks
 .text.DFS_resetsleepticks
                0x0000000000008170        0xc /mnt/d/Projects/QuickLogic/qorc-sdk/qf_apps/qf_ssi_ai_app/GCC_Project/output/s3x_cpuload.o
                0x0000000000008170                DFS_resetsleepticks
 .text.DFS_UpdateTimer
                0x000000000000817c       0x5c /mnt/d/Projects/QuickLogic/qorc-sdk/qf_apps/qf_ssi_ai_app/GCC_Project/output/s3x_dfs.o
 .text.DFS_StartTimer
                0x00000000000081d8       0x88 /mnt/d/Projects/QuickLogic/qorc-sdk/qf_apps/qf_ssi_ai_app/GCC_Project/output/s3x_dfs.o
                0x00000000000081d8                DFS_StartTimer
 .text.S3x_Set_Policy
                0x0000000000008260      0x108 /mnt/d/Projects/QuickLogic/qorc-sdk/qf_apps/qf_ssi_ai_app/GCC_Project/output/s3x_dfs.o
                0x0000000000008260                S3x_Set_Policy
 .text.S3x_get_max_rate_dfs_node
                0x0000000000008368       0x28 /mnt/d/Projects/QuickLogic/qorc-sdk/qf_apps/qf_ssi_ai_app/GCC_Project/output/s3x_dfs.o
                0x0000000000008368                S3x_get_max_rate_dfs_node
 .text.S3x_Stepup_Policy
                0x0000000000008390       0x80 /mnt/d/Projects/QuickLogic/qorc-sdk/qf_apps/qf_ssi_ai_app/GCC_Project/output/s3x_dfs.o
 .text.DFS_TimerCB
                0x0000000000008410        0xe /mnt/d/Projects/QuickLogic/qorc-sdk/qf_apps/qf_ssi_ai_app/GCC_Project/output/s3x_dfs.o
 *fill*         0x000000000000841e        0x2 
 .text.s3x_get_index_in_dfs_node
                0x0000000000008420       0x20 /mnt/d/Projects/QuickLogic/qorc-sdk/qf_apps/qf_ssi_ai_app/GCC_Project/output/s3x_dfs.o
                0x0000000000008420                s3x_get_index_in_dfs_node
 .text.s3x_get_policy_max_rate
                0x0000000000008440       0x2c /mnt/d/Projects/QuickLogic/qorc-sdk/qf_apps/qf_ssi_ai_app/GCC_Project/output/s3x_dfs.o
                0x0000000000008440                s3x_get_policy_max_rate
 .text.DFS_Get_Curr_Policy
                0x000000000000846c        0xc /mnt/d/Projects/QuickLogic/qorc-sdk/qf_apps/qf_ssi_ai_app/GCC_Project/output/s3x_dfs.o
                0x000000000000846c                DFS_Get_Curr_Policy
 .text.DFS_Initialize
                0x0000000000008478       0x14 /mnt/d/Projects/QuickLogic/qorc-sdk/qf_apps/qf_ssi_ai_app/GCC_Project/output/s3x_dfs.o