Archive member included to satisfy reference by file (symbol)

/mnt/d/Projects/QuickLogic/qorc-sdk/qf_apps/qf_ssi_ai_app_recog/knowledgepack/sensiml/libsensiml.a(kb.o)
                              /mnt/d/Projects/QuickLogic/qorc-sdk/qf_apps/qf_ssi_ai_app_recog/GCC_Project/output/main.o (kb_model_init)
/mnt/d/Projects/QuickLogic/qorc-sdk/qf_apps/qf_ssi_ai_app_recog/knowledgepack/sensiml/libsensiml.a(sorted_copy.o)
                              /mnt/d/Projects/QuickLogic/qorc-sdk/qf_apps/qf_ssi_ai_app_recog/knowledgepack/sensiml/libsensiml.a(kb.o) (sorted_copy)
/mnt/d/Projects/QuickLogic/qorc-sdk/qf_apps/qf_ssi_ai_app_recog/knowledgepack/sensiml/libsensiml.a(sg_windowing.o)
                              /mnt/d/Projects/QuickLogic/qorc-sdk/qf_apps/qf_ssi_ai_app_recog/knowledgepack/sensiml/libsensiml.a(kb.o) (tr_windowing_init)
/mnt/d/Projects/QuickLogic/qorc-sdk/qf_apps/qf_ssi_ai_app_recog/knowledgepack/sensiml/libsensiml.a(pme.o)
                              /mnt/d/Projects/QuickLogic/qorc-sdk/qf_apps/qf_ssi_ai_app_recog/knowledgepack/sensiml/libsensiml.a(kb.o) (pme_simple_init)
/mnt/d/Projects/QuickLogic/qorc-sdk/qf_apps/qf_ssi_ai_app_recog/knowledgepack/sensiml/libsensiml.a(kb_pipeline.o)
                              /mnt/d/Projects/QuickLogic/qorc-sdk/qf_apps/qf_ssi_ai_app_recog/knowledgepack/sensiml/libsensiml.a(kb.o) (KB_data_streaming_pipeline1_rank_1)
/mnt/d/Projects/QuickLogic/qorc-sdk/qf_apps/qf_ssi_ai_app_recog/knowledgepack/sensiml/libsensiml.a(fg_stats_mean.o)
                              /mnt/d/Projects/QuickLogic/qorc-sdk/qf_apps/qf_ssi_ai_app_recog/knowledgepack/sensiml/libsensiml.a(kb_pipeline.o) (fg_stats_mean)
/mnt/d/Projects/QuickLogic/qorc-sdk/qf_apps/qf_ssi_ai_app_recog/knowledgepack/sensiml/libsensiml.a(save_sensor_data.o)
                              /mnt/d/Projects/QuickLogic/qorc-sdk/qf_apps/qf_ssi_ai_app_recog/knowledgepack/sensiml/libsensiml.a(kb_pipeline.o) (saveSensorData)
/mnt/d/Projects/QuickLogic/qorc-sdk/qf_apps/qf_ssi_ai_app_recog/knowledgepack/sensiml/libsensiml.a(pme_trained_neurons.o)
                              /mnt/d/Projects/QuickLogic/qorc-sdk/qf_apps/qf_ssi_ai_app_recog/knowledgepack/sensiml/libsensiml.a(kb.o) (kb_classifier_rows)
/mnt/d/Projects/QuickLogic/qorc-sdk/qf_apps/qf_ssi_ai_app_recog/knowledgepack/sensiml/libsensiml.a(sortarray.o)
                              /mnt/d/Projects/QuickLogic/qorc-sdk/qf_apps/qf_ssi_ai_app_recog/knowledgepack/sensiml/libsensiml.a(sorted_copy.o) (sortarray)
/mnt/d/Projects/QuickLogic/qorc-sdk/qf_apps/qf_ssi_ai_app_recog/knowledgepack/sensiml/libsensiml.a(dsp_lsup_distance.o)
                              /mnt/d/Projects/QuickLogic/qorc-sdk/qf_apps/qf_ssi_ai_app_recog/knowledgepack/sensiml/libsensiml.a(pme.o) (lsup_distance)
/mnt/d/Projects/QuickLogic/qorc-sdk/qf_apps/qf_ssi_ai_app_recog/knowledgepack/sensiml/libsensiml.a(fg_roc_sigma_crossing_rate.o)
                              /mnt/d/Projects/QuickLogic/qorc-sdk/qf_apps/qf_ssi_ai_app_recog/knowledgepack/sensiml/libsensiml.a(kb_pipeline.o) (fg_roc_sigma_crossing_rate)
/mnt/d/Projects/QuickLogic/qorc-sdk/qf_apps/qf_ssi_ai_app_recog/knowledgepack/sensiml/libsensiml.a(rb.o)
                              /mnt/d/Projects/QuickLogic/qorc-sdk/qf_apps/qf_ssi_ai_app_recog/knowledgepack/sensiml/libsensiml.a(kb.o) (next_pow_2)
/mnt/d/Projects/QuickLogic/qorc-sdk/qf_apps/qf_ssi_ai_app_recog/knowledgepack/sensiml/libsensiml.a(dsp_l1_distance.o)
                              /mnt/d/Projects/QuickLogic/qorc-sdk/qf_apps/qf_ssi_ai_app_recog/knowledgepack/sensiml/libsensiml.a(pme.o) (l1_distance)
/mnt/d/Projects/QuickLogic/qorc-sdk/qf_apps/qf_ssi_ai_app_recog/knowledgepack/sensiml/libsensiml.a(dsp_dtw_distance.o)
                              /mnt/d/Projects/QuickLogic/qorc-sdk/qf_apps/qf_ssi_ai_app_recog/knowledgepack/sensiml/libsensiml.a(pme.o) (compute_distance_matrix)
/mnt/d/Projects/QuickLogic/qorc-sdk/qf_apps/qf_ssi_ai_app_recog/knowledgepack/sensiml/libsensiml.a(fg_stats_stdev.o)
                              /mnt/d/Projects/QuickLogic/qorc-sdk/qf_apps/qf_ssi_ai_app_recog/knowledgepack/sensiml/libsensiml.a(kb_pipeline.o) (fg_stats_stdev)
/mnt/d/Projects/QuickLogic/qorc-sdk/qf_apps/qf_ssi_ai_app_recog/knowledgepack/sensiml/libsensiml.a(fg_stats_pct025.o)
                              /mnt/d/Projects/QuickLogic/qorc-sdk/qf_apps/qf_ssi_ai_app_recog/knowledgepack/sensiml/libsensiml.a(kb_pipeline.o) (fg_stats_pct025)
/mnt/d/Projects/QuickLogic/qorc-sdk/qf_apps/qf_ssi_ai_app_recog/knowledgepack/sensiml/libsensiml.a(stats_percentile_presorted.o)
                              /mnt/d/Projects/QuickLogic/qorc-sdk/qf_apps/qf_ssi_ai_app_recog/knowledgepack/sensiml/libsensiml.a(fg_stats_pct025.o) (stats_percentile_presorted)
/mnt/d/Projects/QuickLogic/qorc-sdk/qf_apps/qf_ssi_ai_app_recog/knowledgepack/sensiml/libsensiml.a(fg_stats_pct100.o)
[...]
Memory Configuration

Name             Origin             Length             Attributes
rom              0x0000000000000000 0x000000000002c000 xr
ram              0x000000002002c000 0x000000000003c800 xrw
spiram           0x0000000020063800 0x0000000000000800 rw
HWA              0x0000000020064000 0x0000000000018000 rw
shm              0x000000002007c000 0x0000000000004000
*default*        0x0000000000000000 0xffffffffffffffff

Linker script and memory map

LOAD /usr/bin/../lib/gcc/arm-none-eabi/7.3.1/thumb/v7e-m/fpv4-sp/hard/crti.o
LOAD /usr/bin/../lib/gcc/arm-none-eabi/7.3.1/thumb/v7e-m/fpv4-sp/hard/crtbegin.o
LOAD /usr/bin/../lib/gcc/arm-none-eabi/7.3.1/../../../../arm-none-eabi/lib/thumb/v7e-m/fpv4-sp/hard/crt0.o
LOAD /mnt/d/Projects/QuickLogic/qorc-sdk/qf_apps/qf_ssi_ai_app_recog/GCC_Project/output/MQTTSNConnectClient.o
LOAD /mnt/d/Projects/QuickLogic/qorc-sdk/qf_apps/qf_ssi_ai_app_recog/GCC_Project/output/MQTTSNConnectServer.o
LOAD /mnt/d/Projects/QuickLogic/qorc-sdk/qf_apps/qf_ssi_ai_app_recog/GCC_Project/output/MQTTSNDeserializePublish.o
LOAD /mnt/d/Projects/QuickLogic/qorc-sdk/qf_apps/qf_ssi_ai_app_recog/GCC_Project/output/MQTTSNPacket.o
LOAD /mnt/d/Projects/QuickLogic/qorc-sdk/qf_apps/qf_ssi_ai_app_recog/GCC_Project/output/MQTTSNSearchClient.o
LOAD /mnt/d/Projects/QuickLogic/qorc-sdk/qf_apps/qf_ssi_ai_app_recog/GCC_Project/output/MQTTSNSerializePublish.o
LOAD /mnt/d/Projects/QuickLogic/qorc-sdk/qf_apps/qf_ssi_ai_app_recog/GCC_Project/output/MQTTSNSubscribeClient.o
LOAD /mnt/d/Projects/QuickLogic/qorc-sdk/qf_apps/qf_ssi_ai_app_recog/GCC_Project/output/MQTTSNUnsubscribeClient.o
LOAD /mnt/d/Projects/QuickLogic/qorc-sdk/qf_apps/qf_ssi_ai_app_recog/GCC_Project/output/MajorTopicDispatch.o
LOAD /mnt/d/Projects/QuickLogic/qorc-sdk/qf_apps/qf_ssi_ai_app_recog/GCC_Project/output/MinorTopicDispatch_Collect.o
LOAD /mnt/d/Projects/QuickLogic/qorc-sdk/qf_apps/qf_ssi_ai_app_recog/GCC_Project/output/MinorTopicDispatch_Live.o
LOAD /mnt/d/Projects/QuickLogic/qorc-sdk/qf_apps/qf_ssi_ai_app_recog/GCC_Project/output/MinorTopicDispatch_Recog.o
LOAD /mnt/d/Projects/QuickLogic/qorc-sdk/qf_apps/qf_ssi_ai_app_recog/GCC_Project/output/MinorTopicDispatch_Sensor.o
LOAD /mnt/d/Projects/QuickLogic/qorc-sdk/qf_apps/qf_ssi_ai_app_recog/GCC_Project/output/MinorTopicDispatch_Storage.o
LOAD /mnt/d/Projects/QuickLogic/qorc-sdk/qf_apps/qf_ssi_ai_app_recog/GCC_Project/output/MinorTopicDispatch_System.o
LOAD /mnt/d/Projects/QuickLogic/qorc-sdk/qf_apps/qf_ssi_ai_app_recog/GCC_Project/output/Mqttsn_App.o
LOAD /mnt/d/Projects/QuickLogic/qorc-sdk/qf_apps/qf_ssi_ai_app_recog/GCC_Project/output/Mqttsn_CliCmds.o
LOAD /mnt/d/Projects/QuickLogic/qorc-sdk/qf_apps/qf_ssi_ai_app_recog/GCC_Project/output/Mqttsn_MsgHandler.o
LOAD /mnt/d/Projects/QuickLogic/qorc-sdk/qf_apps/qf_ssi_ai_app_recog/GCC_Project/output/Mqttsn_Topics.o
LOAD /mnt/d/Projects/QuickLogic/qorc-sdk/qf_apps/qf_ssi_ai_app_recog/GCC_Project/output/SparkFun_ADS1015_Arduino_Library.o
LOAD /mnt/d/Projects/QuickLogic/qorc-sdk/qf_apps/qf_ssi_ai_app_recog/GCC_Project/output/Wire.o
LOAD /mnt/d/Projects/QuickLogic/qorc-sdk/qf_apps/qf_ssi_ai_app_recog/GCC_Project/output/battery_level_monitor.o
LOAD /mnt/d/Projects/QuickLogic/qorc-sdk/qf_apps/qf_ssi_ai_app_recog/GCC_Project/output/c_lib_retarget.o
LOAD /mnt/d/Projects/QuickLogic/qorc-sdk/qf_apps/qf_ssi_ai_app_recog/GCC_Project/output/circularBuffQueue.o
LOAD /mnt/d/Projects/QuickLogic/qorc-sdk/qf_apps/qf_ssi_ai_app_recog/GCC_Project/output/cli_args.o
LOAD /mnt/d/Projects/QuickLogic/qorc-sdk/qf_apps/qf_ssi_ai_app_recog/GCC_Project/output/cli_hexdump.o
LOAD /mnt/d/Projects/QuickLogic/qorc-sdk/qf_apps/qf_ssi_ai_app_recog/GCC_Project/output/cli_io.o
LOAD /mnt/d/Projects/QuickLogic/qorc-sdk/qf_apps/qf_ssi_ai_app_recog/GCC_Project/output/cli_loop.o
LOAD /mnt/d/Projects/QuickLogic/qorc-sdk/qf_apps/qf_ssi_ai_app_recog/GCC_Project/output/cli_misc.o
LOAD /mnt/d/Projects/QuickLogic/qorc-sdk/qf_apps/qf_ssi_ai_app_recog/GCC_Project/output/cli_platform.o
LOAD /mnt/d/Projects/QuickLogic/qorc-sdk/qf_apps/qf_ssi_ai_app_recog/GCC_Project/output/cli_stdcmds.o
LOAD /mnt/d/Projects/QuickLogic/qorc-sdk/qf_apps/qf_ssi_ai_app_recog/GCC_Project/output/crc16.o
LOAD /mnt/d/Projects/QuickLogic/qorc-sdk/qf_apps/qf_ssi_ai_app_recog/GCC_Project/output/crc32.o
LOAD /mnt/d/Projects/QuickLogic/qorc-sdk/qf_apps/qf_ssi_ai_app_recog/GCC_Project/output/croutine.o
LOAD /mnt/d/Projects/QuickLogic/qorc-sdk/qf_apps/qf_ssi_ai_app_recog/GCC_Project/output/datablk_mgr.o
LOAD /mnt/d/Projects/QuickLogic/qorc-sdk/qf_apps/qf_ssi_ai_app_recog/GCC_Project/output/datablk_processor.o
LOAD /mnt/d/Projects/QuickLogic/qorc-sdk/qf_apps/qf_ssi_ai_app_recog/GCC_Project/output/datasave.o
LOAD /mnt/d/Projects/QuickLogic/qorc-sdk/qf_apps/qf_ssi_ai_app_recog/GCC_Project/output/dbg_bufferedprinttask.o
LOAD /mnt/d/Projects/QuickLogic/qorc-sdk/qf_apps/qf_ssi_ai_app_recog/GCC_Project/output/dbg_queue_monitor.o
LOAD /mnt/d/Projects/QuickLogic/qorc-sdk/qf_apps/qf_ssi_ai_app_recog/GCC_Project/output/dbg_uart.o
LOAD /mnt/d/Projects/QuickLogic/qorc-sdk/qf_apps/qf_ssi_ai_app_recog/GCC_Project/output/dbgtrace.o
LOAD /mnt/d/Projects/QuickLogic/qorc-sdk/qf_apps/qf_ssi_ai_app_recog/GCC_Project/output/eoss3_hal_adc.o
LOAD /mnt/d/Projects/QuickLogic/qorc-sdk/qf_apps/qf_ssi_ai_app_recog/GCC_Project/output/eoss3_hal_audio.o
LOAD /mnt/d/Projects/QuickLogic/qorc-sdk/qf_apps/qf_ssi_ai_app_recog/GCC_Project/output/eoss3_hal_fpga_usbserial.o
LOAD /mnt/d/Projects/QuickLogic/qorc-sdk/qf_apps/qf_ssi_ai_app_recog/GCC_Project/output/eoss3_hal_gpio.o
LOAD /mnt/d/Projects/QuickLogic/qorc-sdk/qf_apps/qf_ssi_ai_app_recog/GCC_Project/output/eoss3_hal_i2c.o
LOAD /mnt/d/Projects/QuickLogic/qorc-sdk/qf_apps/qf_ssi_ai_app_recog/GCC_Project/output/eoss3_hal_i2s.o
LOAD /mnt/d/Projects/QuickLogic/qorc-sdk/qf_apps/qf_ssi_ai_app_recog/GCC_Project/output/eoss3_hal_i2s_slave_assp.o
LOAD /mnt/d/Projects/QuickLogic/qorc-sdk/qf_apps/qf_ssi_ai_app_recog/GCC_Project/output/eoss3_hal_pad_config.o
LOAD /mnt/d/Projects/QuickLogic/qorc-sdk/qf_apps/qf_ssi_ai_app_recog/GCC_Project/output/eoss3_hal_pkfb.o
LOAD /mnt/d/Projects/QuickLogic/qorc-sdk/qf_apps/qf_ssi_ai_app_recog/GCC_Project/output/eoss3_hal_rtc.o
LOAD /mnt/d/Projects/QuickLogic/qorc-sdk/qf_apps/qf_ssi_ai_app_recog/GCC_Project/output/eoss3_hal_sdma.o
LOAD /mnt/d/Projects/QuickLogic/qorc-sdk/qf_apps/qf_ssi_ai_app_recog/GCC_Project/output/eoss3_hal_spi.o
LOAD /mnt/d/Projects/QuickLogic/qorc-sdk/qf_apps/qf_ssi_ai_app_recog/GCC_Project/output/eoss3_hal_timer.o
LOAD /mnt/d/Projects/QuickLogic/qorc-sdk/qf_apps/qf_ssi_ai_app_recog/GCC_Project/output/eoss3_hal_uart.o
LOAD /mnt/d/Projects/QuickLogic/qorc-sdk/qf_apps/qf_ssi_ai_app_recog/GCC_Project/output/eoss3_hal_wb.o
LOAD /mnt/d/Projects/QuickLogic/qorc-sdk/qf_apps/qf_ssi_ai_app_recog/GCC_Project/output/eoss3_hal_wdt.o
LOAD /mnt/d/Projects/QuickLogic/qorc-sdk/qf_apps/qf_ssi_ai_app_recog/GCC_Project/output/event_groups.o
LOAD /mnt/d/Projects/QuickLogic/qorc-sdk/qf_apps/qf_ssi_ai_app_recog/GCC_Project/output/exceptions.o
LOAD /mnt/d/Projects/QuickLogic/qorc-sdk/qf_apps/qf_ssi_ai_app_recog/GCC_Project/output/ff.o
LOAD /mnt/d/Projects/QuickLogic/qorc-sdk/qf_apps/qf_ssi_ai_app_recog/GCC_Project/output/ffunicode.o
LOAD /mnt/d/Projects/QuickLogic/qorc-sdk/qf_apps/qf_ssi_ai_app_recog/GCC_Project/output/fpga_loader.o
LOAD /mnt/d/Projects/QuickLogic/qorc-sdk/qf_apps/qf_ssi_ai_app_recog/GCC_Project/output/freertos_static_memory.o
LOAD /mnt/d/Projects/QuickLogic/qorc-sdk/qf_apps/qf_ssi_ai_app_recog/GCC_Project/output/heap_4.o
LOAD /mnt/d/Projects/QuickLogic/qorc-sdk/qf_apps/qf_ssi_ai_app_recog/GCC_Project/output/hearable_pwrcfg.o
LOAD /mnt/d/Projects/QuickLogic/qorc-sdk/qf_apps/qf_ssi_ai_app_recog/GCC_Project/output/leds.o
LOAD /mnt/d/Projects/QuickLogic/qorc-sdk/qf_apps/qf_ssi_ai_app_recog/GCC_Project/output/list.o
LOAD /mnt/d/Projects/QuickLogic/qorc-sdk/qf_apps/qf_ssi_ai_app_recog/GCC_Project/output/main.o
LOAD /mnt/d/Projects/QuickLogic/qorc-sdk/qf_apps/qf_ssi_ai_app_recog/GCC_Project/output/main_dbg_cli_menu.o
LOAD /mnt/d/Projects/QuickLogic/qorc-sdk/qf_apps/qf_ssi_ai_app_recog/GCC_Project/output/mc3635.o
LOAD /mnt/d/Projects/QuickLogic/qorc-sdk/qf_apps/qf_ssi_ai_app_recog/GCC_Project/output/mc3635_wire.o
LOAD /mnt/d/Projects/QuickLogic/qorc-sdk/qf_apps/qf_ssi_ai_app_recog/GCC_Project/output/micro_tick64.o
LOAD /mnt/d/Projects/QuickLogic/qorc-sdk/qf_apps/qf_ssi_ai_app_recog/GCC_Project/output/mmc_s3.o
LOAD /mnt/d/Projects/QuickLogic/qorc-sdk/qf_apps/qf_ssi_ai_app_recog/GCC_Project/output/pincfg_table.o
LOAD /mnt/d/Projects/QuickLogic/qorc-sdk/qf_apps/qf_ssi_ai_app_recog/GCC_Project/output/port.o
LOAD /mnt/d/Projects/QuickLogic/qorc-sdk/qf_apps/qf_ssi_ai_app_recog/GCC_Project/output/qf_baremetalsetup.o
LOAD /mnt/d/Projects/QuickLogic/qorc-sdk/qf_apps/qf_ssi_ai_app_recog/GCC_Project/output/qf_hardwaresetup.o
LOAD /mnt/d/Projects/QuickLogic/qorc-sdk/qf_apps/qf_ssi_ai_app_recog/GCC_Project/output/ql_base64.o
LOAD /mnt/d/Projects/QuickLogic/qorc-sdk/qf_apps/qf_ssi_ai_app_recog/GCC_Project/output/ql_stackwatermark.o
LOAD /mnt/d/Projects/QuickLogic/qorc-sdk/qf_apps/qf_ssi_ai_app_recog/GCC_Project/output/ql_test_signals.o
LOAD /mnt/d/Projects/QuickLogic/qorc-sdk/qf_apps/qf_ssi_ai_app_recog/GCC_Project/output/ql_time.o
LOAD /mnt/d/Projects/QuickLogic/qorc-sdk/qf_apps/qf_ssi_ai_app_recog/GCC_Project/output/queue.o
LOAD /mnt/d/Projects/QuickLogic/qorc-sdk/qf_apps/qf_ssi_ai_app_recog/GCC_Project/output/riff_block_pool.o
LOAD /mnt/d/Projects/QuickLogic/qorc-sdk/qf_apps/qf_ssi_ai_app_recog/GCC_Project/output/riff_file.o
LOAD /mnt/d/Projects/QuickLogic/qorc-sdk/qf_apps/qf_ssi_ai_app_recog/GCC_Project/output/riff_file_fatfs.o
LOAD /mnt/d/Projects/QuickLogic/qorc-sdk/qf_apps/qf_ssi_ai_app_recog/GCC_Project/output/riff_file_freertos_fat.o
LOAD /mnt/d/Projects/QuickLogic/qorc-sdk/qf_apps/qf_ssi_ai_app_recog/GCC_Project/output/riff_misc.o
LOAD /mnt/d/Projects/QuickLogic/qorc-sdk/qf_apps/qf_ssi_ai_app_recog/GCC_Project/output/riff_writer.o
LOAD /mnt/d/Projects/QuickLogic/qorc-sdk/qf_apps/qf_ssi_ai_app_recog/GCC_Project/output/s3x_clock.o
LOAD /mnt/d/Projects/QuickLogic/qorc-sdk/qf_apps/qf_ssi_ai_app_recog/GCC_Project/output/s3x_clock_hal.o
LOAD /mnt/d/Projects/QuickLogic/qorc-sdk/qf_apps/qf_ssi_ai_app_recog/GCC_Project/output/s3x_cpuload.o
LOAD /mnt/d/Projects/QuickLogic/qorc-sdk/qf_apps/qf_ssi_ai_app_recog/GCC_Project/output/s3x_dfs.o
LOAD /mnt/d/Projects/QuickLogic/qorc-sdk/qf_apps/qf_ssi_ai_app_recog/GCC_Project/output/s3x_lpm.o
LOAD /mnt/d/Projects/QuickLogic/qorc-sdk/qf_apps/qf_ssi_ai_app_recog/GCC_Project/output/s3x_pi.o
LOAD /mnt/d/Projects/QuickLogic/qorc-sdk/qf_apps/qf_ssi_ai_app_recog/GCC_Project/output/s3x_pwrcfg.o
LOAD /mnt/d/Projects/QuickLogic/qorc-sdk/qf_apps/qf_ssi_ai_app_recog/GCC_Project/output/s3x_qos.o
LOAD /mnt/d/Projects/QuickLogic/qorc-sdk/qf_apps/qf_ssi_ai_app_recog/GCC_Project/output/sec_debug.o
LOAD /mnt/d/Projects/QuickLogic/qorc-sdk/qf_apps/qf_ssi_ai_app_recog/GCC_Project/output/sensor_audio_acquisition.o
LOAD /mnt/d/Projects/QuickLogic/qorc-sdk/qf_apps/qf_ssi_ai_app_recog/GCC_Project/output/sensor_audio_acquisition_test.o
LOAD /mnt/d/Projects/QuickLogic/qorc-sdk/qf_apps/qf_ssi_ai_app_recog/GCC_Project/output/sensor_audio_config.o
LOAD /mnt/d/Projects/QuickLogic/qorc-sdk/qf_apps/qf_ssi_ai_app_recog/GCC_Project/output/sensor_audio_process.o
LOAD /mnt/d/Projects/QuickLogic/qorc-sdk/qf_apps/qf_ssi_ai_app_recog/GCC_Project/output/sensor_ssss.o
LOAD /mnt/d/Projects/QuickLogic/qorc-sdk/qf_apps/qf_ssi_ai_app_recog/GCC_Project/output/sml_output.o
LOAD /mnt/d/Projects/QuickLogic/qorc-sdk/qf_apps/qf_ssi_ai_app_recog/GCC_Project/output/sml_recognition_run.o
LOAD /mnt/d/Projects/QuickLogic/qorc-sdk/qf_apps/qf_ssi_ai_app_recog/GCC_Project/output/spi_flash.o
LOAD /mnt/d/Projects/QuickLogic/qorc-sdk/qf_apps/qf_ssi_ai_app_recog/GCC_Project/output/ssi_comms.o
LOAD /mnt/d/Projects/QuickLogic/qorc-sdk/qf_apps/qf_ssi_ai_app_recog/GCC_Project/output/startup_EOSS3B_GCC.o
LOAD /mnt/d/Projects/QuickLogic/qorc-sdk/qf_apps/qf_ssi_ai_app_recog/GCC_Project/output/stream_buffer.o
LOAD /mnt/d/Projects/QuickLogic/qorc-sdk/qf_apps/qf_ssi_ai_app_recog/GCC_Project/output/tasks.o
LOAD /mnt/d/Projects/QuickLogic/qorc-sdk/qf_apps/qf_ssi_ai_app_recog/GCC_Project/output/timers.o
LOAD /mnt/d/Projects/QuickLogic/qorc-sdk/qf_apps/qf_ssi_ai_app_recog/GCC_Project/output/usb2serial.o
LOAD /mnt/d/Projects/QuickLogic/qorc-sdk/qf_apps/qf_ssi_ai_app_recog/GCC_Project/output/vectors_CM4F_gcc.o
LOAD /mnt/d/Projects/QuickLogic/qorc-sdk/qf_apps/qf_ssi_ai_app_recog/GCC_Project/output/watchdog.o
LOAD /mnt/d/Projects/QuickLogic/qorc-sdk/qf_apps/qf_ssi_ai_app_recog/knowledgepack/sensiml/libsensiml.a
LOAD /mnt/d/Projects/QuickLogic/qorc-sdk/qf_apps/qf_ssi_ai_app_recog/GCC_Project/../../../Libraries/CMSIS/lib/GCC/libarm_cortexM4lf_math.a
LOAD /usr/bin/../lib/gcc/arm-none-eabi/7.3.1/../../../../arm-none-eabi/lib/thumb/v7e-m/fpv4-sp/hard/libstdc++_nano.a
LOAD /usr/bin/../lib/gcc/arm-none-eabi/7.3.1/../../../../arm-none-eabi/lib/thumb/v7e-m/fpv4-sp/hard/libm.a
START GROUP
LOAD /usr/bin/../lib/gcc/arm-none-eabi/7.3.1/thumb/v7e-m/fpv4-sp/hard/libgcc.a
LOAD /usr/bin/../lib/gcc/arm-none-eabi/7.3.1/../../../../arm-none-eabi/lib/thumb/v7e-m/fpv4-sp/hard/libg_nano.a
LOAD /usr/bin/../lib/gcc/arm-none-eabi/7.3.1/../../../../arm-none-eabi/lib/thumb/v7e-m/fpv4-sp/hard/libc_nano.a
END GROUP
START GROUP
LOAD /usr/bin/../lib/gcc/arm-none-eabi/7.3.1/thumb/v7e-m/fpv4-sp/hard/libgcc.a
LOAD /usr/bin/../lib/gcc/arm-none-eabi/7.3.1/../../../../arm-none-eabi/lib/thumb/v7e-m/fpv4-sp/hard/libc_nano.a
LOAD /usr/bin/../lib/gcc/arm-none-eabi/7.3.1/../../../../arm-none-eabi/lib/thumb/v7e-m/fpv4-sp/hard/libnosys.a
END GROUP
START GROUP
LOAD /usr/bin/../lib/gcc/arm-none-eabi/7.3.1/thumb/v7e-m/fpv4-sp/hard/libgcc.a
LOAD /usr/bin/../lib/gcc/arm-none-eabi/7.3.1/../../../../arm-none-eabi/lib/thumb/v7e-m/fpv4-sp/hard/libc_nano.a
LOAD /usr/bin/../lib/gcc/arm-none-eabi/7.3.1/../../../../arm-none-eabi/lib/thumb/v7e-m/fpv4-sp/hard/libnosys.a
END GROUP
LOAD /usr/bin/../lib/gcc/arm-none-eabi/7.3.1/thumb/v7e-m/fpv4-sp/hard/crtend.o
LOAD /usr/bin/../lib/gcc/arm-none-eabi/7.3.1/thumb/v7e-m/fpv4-sp/hard/crtn.o

.text           0x0000000000000000    0x24a8b
 *(.isr_vector)
 .isr_vector    0x0000000000000000      0x124 /mnt/d/Projects/QuickLogic/qorc-sdk/qf_apps/qf_ssi_ai_app_recog/GCC_Project/output/vectors_CM4F_gcc.o
                0x0000000000000000                __Vectors
 *(.text*)
 .text          0x0000000000000124       0x40 /usr/bin/../lib/gcc/arm-none-eabi/7.3.1/thumb/v7e-m/fpv4-sp/hard/crtbegin.o
 .text          0x0000000000000164       0x74 /usr/bin/../lib/gcc/arm-none-eabi/7.3.1/../../../../arm-none-eabi/lib/thumb/v7e-m/fpv4-sp/hard/crt0.o
                0x0000000000000164                _mainCRTStartup
                0x0000000000000164                _start
 .text.set_sys_error
                0x00000000000001d8       0x38 /mnt/d/Projects/QuickLogic/qorc-sdk/qf_apps/qf_ssi_ai_app_recog/GCC_Project/output/MajorTopicDispatch.o
                0x00000000000001d8                set_sys_error
 .text._ZN7ADS101511isConnectedEv
                0x0000000000000210       0x1a /mnt/d/Projects/QuickLogic/qorc-sdk/qf_apps/qf_ssi_ai_app_recog/GCC_Project/output/SparkFun_ADS1015_Arduino_Library.o
                0x0000000000000210                ADS1015::isConnected()
 .text._ZN7ADS10155beginEhR7TwoWire
                0x000000000000022a        0x8 /mnt/d/Projects/QuickLogic/qorc-sdk/qf_apps/qf_ssi_ai_app_recog/GCC_Project/output/SparkFun_ADS1015_Arduino_Library.o
                0x000000000000022a                ADS1015::begin(unsigned char, TwoWire&)
 .text._ZN7ADS101513setSampleRateEt
                0x0000000000000232        0x4 /mnt/d/Projects/QuickLogic/qorc-sdk/qf_apps/qf_ssi_ai_app_recog/GCC_Project/output/SparkFun_ADS1015_Arduino_Library.o
                0x0000000000000232                ADS1015::setSampleRate(unsigned short)
 .text._ZN7ADS101512readRegisterEh
                0x0000000000000236       0x3a /mnt/d/Projects/QuickLogic/qorc-sdk/qf_apps/qf_ssi_ai_app_recog/GCC_Project/output/SparkFun_ADS1015_Arduino_Library.o
                0x0000000000000236                ADS1015::readRegister(unsigned char)
 .text._ZN7ADS101513writeRegisterEht
                0x0000000000000270       0x32 /mnt/d/Projects/QuickLogic/qorc-sdk/qf_apps/qf_ssi_ai_app_recog/GCC_Project/output/SparkFun_ADS1015_Arduino_Library.o
                0x0000000000000270                ADS1015::writeRegister(unsigned char, unsigned short)
 .text._ZN7ADS101514getSingleEndedEh
                0x00000000000002a2       0x5a /mnt/d/Projects/QuickLogic/qorc-sdk/qf_apps/qf_ssi_ai_app_recog/GCC_Project/output/SparkFun_ADS1015_Arduino_Library.o
                0x00000000000002a2                ADS1015::getSingleEnded(unsigned char)
 .text._ZN7TwoWire17beginTransmissionEi
                0x00000000000002fc       0x1c /mnt/d/Projects/QuickLogic/qorc-sdk/qf_apps/qf_ssi_ai_app_recog/GCC_Project/output/Wire.o
                0x00000000000002fc                TwoWire::beginTransmission(int)
 .text._ZN7TwoWire15endTransmissionEi
                0x0000000000000318       0x28 /mnt/d/Projects/QuickLogic/qorc-sdk/qf_apps/qf_ssi_ai_app_recog/GCC_Project/output/Wire.o
                0x0000000000000318                TwoWire::endTransmission(int)
 .text._ZN7TwoWire15endTransmissionEv
                0x0000000000000340        0x6 /mnt/d/Projects/QuickLogic/qorc-sdk/qf_apps/qf_ssi_ai_app_recog/GCC_Project/output/Wire.o
                0x0000000000000340                TwoWire::endTransmission()
 *fill*         0x0000000000000346        0x2 
 .text._ZN7TwoWire11requestFromEiib
                0x0000000000000348       0x28 /mnt/d/Projects/QuickLogic/qorc-sdk/qf_apps/qf_ssi_ai_app_recog/GCC_Project/output/Wire.o
                0x0000000000000348                TwoWire::requestFrom(int, int, bool)
 .text._ZN7TwoWire11requestFromEii
                0x0000000000000370        0x6 /mnt/d/Projects/QuickLogic/qorc-sdk/qf_apps/qf_ssi_ai_app_recog/GCC_Project/output/Wire.o
                0x0000000000000370                TwoWire::requestFrom(int, int)
 *fill*         0x0000000000000376        0x2 
 .text._ZN7TwoWire5writeEPKhi
                0x0000000000000378       0x38 /mnt/d/Projects/QuickLogic/qorc-sdk/qf_apps/qf_ssi_ai_app_recog/GCC_Project/output/Wire.o
                0x0000000000000378                TwoWire::write(unsigned char const*, int)
 .text._ZN7TwoWire5writeEh
                0x00000000000003b0       0x16 /mnt/d/Projects/QuickLogic/qorc-sdk/qf_apps/qf_ssi_ai_app_recog/GCC_Project/output/Wire.o
                0x00000000000003b0                TwoWire::write(unsigned char)
 *fill*         0x00000000000003c6        0x2 
 .text._ZN7TwoWire9availableEv
                0x00000000000003c8        0xc /mnt/d/Projects/QuickLogic/qorc-sdk/qf_apps/qf_ssi_ai_app_recog/GCC_Project/output/Wire.o
                0x00000000000003c8                TwoWire::available()
 .text._ZN7TwoWire4readEv
                0x00000000000003d4       0x2c /mnt/d/Projects/QuickLogic/qorc-sdk/qf_apps/qf_ssi_ai_app_recog/GCC_Project/output/Wire.o
                0x00000000000003d4                TwoWire::read()
 .text._write   0x0000000000000400        0xe /mnt/d/Projects/QuickLogic/qorc-sdk/qf_apps/qf_ssi_ai_app_recog/GCC_Project/output/c_lib_retarget.o
                0x0000000000000400                _write
 .text._close   0x000000000000040e        0x6 /mnt/d/Projects/QuickLogic/qorc-sdk/qf_apps/qf_ssi_ai_app_recog/GCC_Project/output/c_lib_retarget.o
                0x000000000000040e                _close
 .text._lseek   0x0000000000000414        0x4 /mnt/d/Projects/QuickLogic/qorc-sdk/qf_apps/qf_ssi_ai_app_recog/GCC_Project/output/c_lib_retarget.o
                0x0000000000000414                _lseek
 .text._read    0x0000000000000418        0x4 /mnt/d/Projects/QuickLogic/qorc-sdk/qf_apps/qf_ssi_ai_app_recog/GCC_Project/output/c_lib_retarget.o
                0x0000000000000418                _read
 .text.datablk_mgr_acquire_common
                0x000000000000041c       0x80 /mnt/d/Projects/QuickLogic/qorc-sdk/qf_apps/qf_ssi_ai_app_recog/GCC_Project/output/datablk_mgr.o
 .text.datablk_mgr_init
                0x000000000000049c       0xdc /mnt/d/Projects/QuickLogic/qorc-sdk/qf_apps/qf_ssi_ai_app_recog/GCC_Project/output/datablk_mgr.o
                0x000000000000049c                datablk_mgr_init
 .text.datablk_mgr_acquire
                0x0000000000000578        0x6 /mnt/d/Projects/QuickLogic/qorc-sdk/qf_apps/qf_ssi_ai_app_recog/GCC_Project/output/datablk_mgr.o
                0x0000000000000578                datablk_mgr_acquire
 .text.datablk_mgr_acquireFromISR
                0x000000000000057e        0x8 /mnt/d/Projects/QuickLogic/qorc-sdk/qf_apps/qf_ssi_ai_app_recog/GCC_Project/output/datablk_mgr.o
                0x000000000000057e                datablk_mgr_acquireFromISR
 .text.datablk_mgr_usecount_increment
                0x0000000000000586       0x18 /mnt/d/Projects/QuickLogic/qorc-sdk/qf_apps/qf_ssi_ai_app_recog/GCC_Project/output/datablk_mgr.o
                0x0000000000000586                datablk_mgr_usecount_increment
 .text.datablk_mgr_validity_check
                0x000000000000059e       0x1a /mnt/d/Projects/QuickLogic/qorc-sdk/qf_apps/qf_ssi_ai_app_recog/GCC_Project/output/datablk_mgr.o
                0x000000000000059e                datablk_mgr_validity_check
 .text.datablk_mgr_release_common
                0x00000000000005b8       0x8c /mnt/d/Projects/QuickLogic/qorc-sdk/qf_apps/qf_ssi_ai_app_recog/GCC_Project/output/datablk_mgr.o
                0x00000000000005b8                datablk_mgr_release_common
 .text.datablk_mgr_release
                0x0000000000000644        0x6 /mnt/d/Projects/QuickLogic/qorc-sdk/qf_apps/qf_ssi_ai_app_recog/GCC_Project/output/datablk_mgr.o
                0x0000000000000644                datablk_mgr_release
 *fill*         0x000000000000064a        0x2 
 .text.datablk_mgr_WriteDataBufferToQueues
                0x000000000000064c       0x74 /mnt/d/Projects/QuickLogic/qorc-sdk/qf_apps/qf_ssi_ai_app_recog/GCC_Project/output/datablk_mgr.o
                0x000000000000064c                datablk_mgr_WriteDataBufferToQueues
 .text.datablk_mgr_WriteDataBufferToQueuesFromISR
                0x00000000000006c0       0x60 /mnt/d/Projects/QuickLogic/qorc-sdk/qf_apps/qf_ssi_ai_app_recog/GCC_Project/output/datablk_mgr.o
                0x00000000000006c0                datablk_mgr_WriteDataBufferToQueuesFromISR
 .text.datablk_processor_task
                0x0000000000000720      0x114 /mnt/d/Projects/QuickLogic/qorc-sdk/qf_apps/qf_ssi_ai_app_recog/GCC_Project/output/datablk_processor.o
 .text.datablk_pe_process_bypass_func
                0x0000000000000834       0x18 /mnt/d/Projects/QuickLogic/qorc-sdk/qf_apps/qf_ssi_ai_app_recog/GCC_Project/output/datablk_processor.o
 .text.datablk_processor_task_setup
                0x000000000000084c       0x48 /mnt/d/Projects/QuickLogic/qorc-sdk/qf_apps/qf_ssi_ai_app_recog/GCC_Project/output/datablk_processor.o
                0x000000000000084c                datablk_processor_task_setup
 .text.wake_storage_task
                0x0000000000000894       0x14 /mnt/d/Projects/QuickLogic/qorc-sdk/qf_apps/qf_ssi_ai_app_recog/GCC_Project/output/datasave.o
 .text.close_riff_block
                0x00000000000008a8       0x28 /mnt/d/Projects/QuickLogic/qorc-sdk/qf_apps/qf_ssi_ai_app_recog/GCC_Project/output/datasave.o
 .text.data_save
                0x00000000000008d0      0x258 /mnt/d/Projects/QuickLogic/qorc-sdk/qf_apps/qf_ssi_ai_app_recog/GCC_Project/output/datasave.o
                0x00000000000008d0                data_save
 .text.open_riff_file
                0x0000000000000b28      0x33c /mnt/d/Projects/QuickLogic/qorc-sdk/qf_apps/qf_ssi_ai_app_recog/GCC_Project/output/datasave.o
                0x0000000000000b28                open_riff_file
 .text.drain_blocks
                0x0000000000000e64       0xbc /mnt/d/Projects/QuickLogic/qorc-sdk/qf_apps/qf_ssi_ai_app_recog/GCC_Project/output/datasave.o
 .text.close_riff_file
                0x0000000000000f20       0x90 /mnt/d/Projects/QuickLogic/qorc-sdk/qf_apps/qf_ssi_ai_app_recog/GCC_Project/output/datasave.o
                0x0000000000000f20                close_riff_file
 .text.app_datastorage_start_stop
                0x0000000000000fb0       0x68 /mnt/d/Projects/QuickLogic/qorc-sdk/qf_apps/qf_ssi_ai_app_recog/GCC_Project/output/datasave.o
                0x0000000000000fb0                app_datastorage_start_stop
 .text.DataSaveTaskHandler
                0x0000000000001018      0x114 /mnt/d/Projects/QuickLogic/qorc-sdk/qf_apps/qf_ssi_ai_app_recog/GCC_Project/output/datasave.o
                0x0000000000001018                DataSaveTaskHandler
 .text.create_datasave_task
                0x000000000000112c       0x78 /mnt/d/Projects/QuickLogic/qorc-sdk/qf_apps/qf_ssi_ai_app_recog/GCC_Project/output/datasave.o
                0x000000000000112c                create_datasave_task
 .text.set_recognition_current_block_time
                0x00000000000011a4       0x24 /mnt/d/Projects/QuickLogic/qorc-sdk/qf_apps/qf_ssi_ai_app_recog/GCC_Project/output/datasave.o
                0x00000000000011a4                set_recognition_current_block_time
 .text.data_save_recognition_results
                0x00000000000011c8       0x50 /mnt/d/Projects/QuickLogic/qorc-sdk/qf_apps/qf_ssi_ai_app_recog/GCC_Project/output/datasave.o
                0x00000000000011c8                data_save_recognition_results
 .text.__debug_lockup
                0x0000000000001218       0x14 /mnt/d/Projects/QuickLogic/qorc-sdk/qf_apps/qf_ssi_ai_app_recog/GCC_Project/output/dbg_uart.o
 .text._semihost_write
                0x000000000000122c       0x54 /mnt/d/Projects/QuickLogic/qorc-sdk/qf_apps/qf_ssi_ai_app_recog/GCC_Project/output/dbg_uart.o
                0x000000000000122c                _semihost_write
 .text.dbg_ch_raw
                0x0000000000001280       0x74 /mnt/d/Projects/QuickLogic/qorc-sdk/qf_apps/qf_ssi_ai_app_recog/GCC_Project/output/dbg_uart.o
                0x0000000000001280                dbg_ch_raw
 .text.dbg_nl   0x00000000000012f4       0x12 /mnt/d/Projects/QuickLogic/qorc-sdk/qf_apps/qf_ssi_ai_app_recog/GCC_Project/output/dbg_uart.o
                0x00000000000012f4                dbg_nl
 .text.dbg_ch   0x0000000000001306        0xc /mnt/d/Projects/QuickLogic/qorc-sdk/qf_apps/qf_ssi_ai_app_recog/GCC_Project/output/dbg_uart.o
                0x0000000000001306                dbg_ch
 .text.dbg_hex4
                0x0000000000001312       0x14 /mnt/d/Projects/QuickLogic/qorc-sdk/qf_apps/qf_ssi_ai_app_recog/GCC_Project/output/dbg_uart.o
 .text.dbg_hex8
                0x0000000000001326       0x14 /mnt/d/Projects/QuickLogic/qorc-sdk/qf_apps/qf_ssi_ai_app_recog/GCC_Project/output/dbg_uart.o
                0x0000000000001326                dbg_hex8
 .text.dbg_hex16
                0x000000000000133a       0x14 /mnt/d/Projects/QuickLogic/qorc-sdk/qf_apps/qf_ssi_ai_app_recog/GCC_Project/output/dbg_uart.o
                0x000000000000133a                dbg_hex16
 .text.dbg_hex32
                0x000000000000134e       0x14 /mnt/d/Projects/QuickLogic/qorc-sdk/qf_apps/qf_ssi_ai_app_recog/GCC_Project/output/dbg_uart.o
                0x000000000000134e                dbg_hex32
 .text._dbg_int
                0x0000000000001362       0x20 /mnt/d/Projects/QuickLogic/qorc-sdk/qf_apps/qf_ssi_ai_app_recog/GCC_Project/output/dbg_uart.o
 .text.divmodch
                0x0000000000001382       0x24 /mnt/d/Projects/QuickLogic/qorc-sdk/qf_apps/qf_ssi_ai_app_recog/GCC_Project/output/dbg_uart.o
 .text.dbg_memdumpx
                0x00000000000013a6       0xde /mnt/d/Projects/QuickLogic/qorc-sdk/qf_apps/qf_ssi_ai_app_recog/GCC_Project/output/dbg_uart.o
 .text.dbg_str  0x0000000000001484       0x84 /mnt/d/Projects/QuickLogic/qorc-sdk/qf_apps/qf_ssi_ai_app_recog/GCC_Project/output/dbg_uart.o
                0x0000000000001484                dbg_str
 .text._dbg_str_xxx
                0x0000000000001508       0x16 /mnt/d/Projects/QuickLogic/qorc-sdk/qf_apps/qf_ssi_ai_app_recog/GCC_Project/output/dbg_uart.o
 .text.dbg_str_hexXX
                0x000000000000151e       0x22 /mnt/d/Projects/QuickLogic/qorc-sdk/qf_apps/qf_ssi_ai_app_recog/GCC_Project/output/dbg_uart.o
 .text._dbg_str_now
                0x0000000000001540       0x80 /mnt/d/Projects/QuickLogic/qorc-sdk/qf_apps/qf_ssi_ai_app_recog/GCC_Project/output/dbg_uart.o
                0x0000000000001540                _dbg_str_now
 .text.dbg_int  0x00000000000015c0       0x24 /mnt/d/Projects/QuickLogic/qorc-sdk/qf_apps/qf_ssi_ai_app_recog/GCC_Project/output/dbg_uart.o
                0x00000000000015c0                dbg_int
 .text.dbg_str_str
                0x00000000000015e4       0x16 /mnt/d/Projects/QuickLogic/qorc-sdk/qf_apps/qf_ssi_ai_app_recog/GCC_Project/output/dbg_uart.o
                0x00000000000015e4                dbg_str_str
 .text.dbg_str_int
                0x00000000000015fa       0x16 /mnt/d/Projects/QuickLogic/qorc-sdk/qf_apps/qf_ssi_ai_app_recog/GCC_Project/output/dbg_uart.o
                0x00000000000015fa                dbg_str_int
 .text.dbg_str_int_noln
                0x0000000000001610       0x12 /mnt/d/Projects/QuickLogic/qorc-sdk/qf_apps/qf_ssi_ai_app_recog/GCC_Project/output/dbg_uart.o
                0x0000000000001610                dbg_str_int_noln
 *fill*         0x0000000000001622        0x2 
 .text.dbg_str_hex32
                0x0000000000001624        0xc /mnt/d/Projects/QuickLogic/qorc-sdk/qf_apps/qf_ssi_ai_app_recog/GCC_Project/output/dbg_uart.o
                0x0000000000001624                dbg_str_hex32
 .text.dbg_str_ptr
                0x0000000000001630        0x4 /mnt/d/Projects/QuickLogic/qorc-sdk/qf_apps/qf_ssi_ai_app_recog/GCC_Project/output/dbg_uart.o
                0x0000000000001630                dbg_str_ptr
 .text.dbg_fatal_error
                0x0000000000001634       0x12 /mnt/d/Projects/QuickLogic/qorc-sdk/qf_apps/qf_ssi_ai_app_recog/GCC_Project/output/dbg_uart.o
                0x0000000000001634                dbg_fatal_error
 .text.dbg_fatal_error_int
                0x0000000000001646        0xe /mnt/d/Projects/QuickLogic/qorc-sdk/qf_apps/qf_ssi_ai_app_recog/GCC_Project/output/dbg_uart.o
                0x0000000000001646                dbg_fatal_error_int
 .text.dbg_memdump32
                0x0000000000001654       0x1e /mnt/d/Projects/QuickLogic/qorc-sdk/qf_apps/qf_ssi_ai_app_recog/GCC_Project/output/dbg_uart.o
                0x0000000000001654                dbg_memdump32
 *fill*         0x0000000000001672        0x2 
 .text.dbg_assert
                0x0000000000001674       0x48 /mnt/d/Projects/QuickLogic/qorc-sdk/qf_apps/qf_ssi_ai_app_recog/GCC_Project/output/dbg_uart.o
                0x0000000000001674                dbg_assert
 .text.onDmac0BlockDone
                0x00000000000016bc       0x20 /mnt/d/Projects/QuickLogic/qorc-sdk/qf_apps/qf_ssi_ai_app_recog/GCC_Project/output/eoss3_hal_audio.o
                0x00000000000016bc                onDmac0BlockDone
 .text.onDmac0BufferDone
                0x00000000000016dc       0x20 /mnt/d/Projects/QuickLogic/qorc-sdk/qf_apps/qf_ssi_ai_app_recog/GCC_Project/output/eoss3_hal_audio.o
                0x00000000000016dc                onDmac0BufferDone
 .text.audio_isr_onDmac0BufferDone
                0x00000000000016fc       0xcc /mnt/d/Projects/QuickLogic/qorc-sdk/qf_apps/qf_ssi_ai_app_recog/GCC_Project/output/eoss3_hal_audio.o
                0x00000000000016fc                audio_isr_onDmac0BufferDone
 .text.HAL_usbserial_init_common
                0x00000000000017c8      0x108 /mnt/d/Projects/QuickLogic/qorc-sdk/qf_apps/qf_ssi_ai_app_recog/GCC_Project/output/eoss3_hal_fpga_usbserial.o
 .text.HAL_usbserial_isrfunc
                0x00000000000018d0       0x50 /mnt/d/Projects/QuickLogic/qorc-sdk/qf_apps/qf_ssi_ai_app_recog/GCC_Project/output/eoss3_hal_fpga_usbserial.o
 .text.HAL_usbserial_init2
                0x0000000000001920        0x8 /mnt/d/Projects/QuickLogic/qorc-sdk/qf_apps/qf_ssi_ai_app_recog/GCC_Project/output/eoss3_hal_fpga_usbserial.o
                0x0000000000001920                HAL_usbserial_init2
 .text.HAL_usbserial_init
                0x0000000000001928        0xa /mnt/d/Projects/QuickLogic/qorc-sdk/qf_apps/qf_ssi_ai_app_recog/GCC_Project/output/eoss3_hal_fpga_usbserial.o
                0x0000000000001928                HAL_usbserial_init
 *fill*         0x0000000000001932        0x2 
 .text.HAL_usbserial_putc
                0x0000000000001934       0x20 /mnt/d/Projects/QuickLogic/qorc-sdk/qf_apps/qf_ssi_ai_app_recog/GCC_Project/output/eoss3_hal_fpga_usbserial.o
                0x0000000000001934                HAL_usbserial_putc
 .text.HAL_GPIO_Write
                0x0000000000001954       0x28 /mnt/d/Projects/QuickLogic/qorc-sdk/qf_apps/qf_ssi_ai_app_recog/GCC_Project/output/eoss3_hal_gpio.o
                0x0000000000001954                HAL_GPIO_Write
 .text.HAL_I2C_SetClockFreq
                0x000000000000197c       0x84 /mnt/d/Projects/QuickLogic/qorc-sdk/qf_apps/qf_ssi_ai_app_recog/GCC_Project/output/eoss3_hal_i2c.o
                0x000000000000197c                HAL_I2C_SetClockFreq
 .text.HAL_I2C_Init
                0x0000000000001a00       0x64 /mnt/d/Projects/QuickLogic/qorc-sdk/qf_apps/qf_ssi_ai_app_recog/GCC_Project/output/eoss3_hal_i2c.o
                0x0000000000001a00                HAL_I2C_Init
 .text.HAL_I2C_ReadRawData
                0x0000000000001a64       0xec /mnt/d/Projects/QuickLogic/qorc-sdk/qf_apps/qf_ssi_ai_app_recog/GCC_Project/output/eoss3_hal_i2c.o
                0x0000000000001a64                HAL_I2C_ReadRawData
 .text.HAL_I2C_WriteRawData
                0x0000000000001b50      0x104 /mnt/d/Projects/QuickLogic/qorc-sdk/qf_apps/qf_ssi_ai_app_recog/GCC_Project/output/eoss3_hal_i2c.o
                0x0000000000001b50                HAL_I2C_WriteRawData
 .text.HAL_PAD_Config
                0x0000000000001c54      0x194 /mnt/d/Projects/QuickLogic/qorc-sdk/qf_apps/qf_ssi_ai_app_recog/GCC_Project/output/eoss3_hal_pad_config.o
                0x0000000000001c54                HAL_PAD_Config
 .text.configure_s3_pads
                0x0000000000001de8       0x1a /mnt/d/Projects/QuickLogic/qorc-sdk/qf_apps/qf_ssi_ai_app_recog/GCC_Project/output/eoss3_hal_pad_config.o
                0x0000000000001de8                configure_s3_pads
 *fill*         0x0000000000001e02        0x2 
 .text.eoss3_rtc_enable_irq
                0x0000000000001e04       0x28 /mnt/d/Projects/QuickLogic/qorc-sdk/qf_apps/qf_ssi_ai_app_recog/GCC_Project/output/eoss3_hal_rtc.o
 .text.write_rtc_reg
                0x0000000000001e2c       0x18 /mnt/d/Projects/QuickLogic/qorc-sdk/qf_apps/qf_ssi_ai_app_recog/GCC_Project/output/eoss3_hal_rtc.o
 .text.__rtc_setup_alarm.isra.0
                0x0000000000001e44       0x44 /mnt/d/Projects/QuickLogic/qorc-sdk/qf_apps/qf_ssi_ai_app_recog/GCC_Project/output/eoss3_hal_rtc.o
 .text.HAL_RTC_ISR
                0x0000000000001e88       0x24 /mnt/d/Projects/QuickLogic/qorc-sdk/qf_apps/qf_ssi_ai_app_recog/GCC_Project/output/eoss3_hal_rtc.o
                0x0000000000001e88                HAL_RTC_ISR
 .text.HAL_RTC_Init
                0x0000000000001eac       0x38 /mnt/d/Projects/QuickLogic/qorc-sdk/qf_apps/qf_ssi_ai_app_recog/GCC_Project/output/eoss3_hal_rtc.o
                0x0000000000001eac                HAL_RTC_Init
 .text.HAL_RTC_GetTime
                0x0000000000001ee4       0x44 /mnt/d/Projects/QuickLogic/qorc-sdk/qf_apps/qf_ssi_ai_app_recog/GCC_Project/output/eoss3_hal_rtc.o
                0x0000000000001ee4                HAL_RTC_GetTime
 .text.SPI_PollTxFifoEmptyFlag
                0x0000000000001f28       0x20 /mnt/d/Projects/QuickLogic/qorc-sdk/qf_apps/qf_ssi_ai_app_recog/GCC_Project/output/eoss3_hal_spi.o
 .text.SPI_FiFoWrite
                0x0000000000001f48       0x9c /mnt/d/Projects/QuickLogic/qorc-sdk/qf_apps/qf_ssi_ai_app_recog/GCC_Project/output/eoss3_hal_spi.o
 .text.assert_failed
                0x0000000000001fe4       0x2c /mnt/d/Projects/QuickLogic/qorc-sdk/qf_apps/qf_ssi_ai_app_recog/GCC_Project/output/eoss3_hal_spi.o
                0x0000000000001fe4                assert_failed
 .text.unlock_spi1_bus
                0x0000000000002010       0x5c /mnt/d/Projects/QuickLogic/qorc-sdk/qf_apps/qf_ssi_ai_app_recog/GCC_Project/output/eoss3_hal_spi.o
                0x0000000000002010                unlock_spi1_bus
 .text.lock_spi1_bus
                0x000000000000206c       0x28 /mnt/d/Projects/QuickLogic/qorc-sdk/qf_apps/qf_ssi_ai_app_recog/GCC_Project/output/eoss3_hal_spi.o
                0x000000000000206c                lock_spi1_bus
 .text.HAL_SPI_Transmit
                0x0000000000002094      0x190 /mnt/d/Projects/QuickLogic/qorc-sdk/qf_apps/qf_ssi_ai_app_recog/GCC_Project/output/eoss3_hal_spi.o
                0x0000000000002094                HAL_SPI_Transmit
 .text.HAL_SPI_Receive
                0x0000000000002224      0x1b4 /mnt/d/Projects/QuickLogic/qorc-sdk/qf_apps/qf_ssi_ai_app_recog/GCC_Project/output/eoss3_hal_spi.o
                0x0000000000002224                HAL_SPI_Receive
 .text.SPI_DMA_Complete
                0x00000000000023d8       0x88 /mnt/d/Projects/QuickLogic/qorc-sdk/qf_apps/qf_ssi_ai_app_recog/GCC_Project/output/eoss3_hal_spi.o
                0x00000000000023d8                SPI_DMA_Complete
 .text.HAL_SPI_IRQHandler
                0x0000000000002460       0x6c /mnt/d/Projects/QuickLogic/qorc-sdk/qf_apps/qf_ssi_ai_app_recog/GCC_Project/output/eoss3_hal_spi.o
                0x0000000000002460                HAL_SPI_IRQHandler
 .text.HAL_SPI_Init
                0x00000000000024cc      0x160 /mnt/d/Projects/QuickLogic/qorc-sdk/qf_apps/qf_ssi_ai_app_recog/GCC_Project/output/eoss3_hal_spi.o
                0x00000000000024cc                HAL_SPI_Init
 .text.HAL_SPI_TransmitReceive2
                0x000000000000262c      0x1e8 /mnt/d/Projects/QuickLogic/qorc-sdk/qf_apps/qf_ssi_ai_app_recog/GCC_Project/output/eoss3_hal_spi.o
                0x000000000000262c                HAL_SPI_TransmitReceive2
 .text.HAL_Delay_Init
                0x0000000000002814       0x54 /mnt/d/Projects/QuickLogic/qorc-sdk/qf_apps/qf_ssi_ai_app_recog/GCC_Project/output/eoss3_hal_timer.o
                0x0000000000002814                HAL_Delay_Init
 .text.HAL_DelayUSec
                0x0000000000002868       0x28 /mnt/d/Projects/QuickLogic/qorc-sdk/qf_apps/qf_ssi_ai_app_recog/GCC_Project/output/eoss3_hal_timer.o
                0x0000000000002868                HAL_DelayUSec
 .text.HAL_Timer_ISR
                0x0000000000002890       0x88 /mnt/d/Projects/QuickLogic/qorc-sdk/qf_apps/qf_ssi_ai_app_recog/GCC_Project/output/eoss3_hal_timer.o
                0x0000000000002890                HAL_Timer_ISR
 .text.uart_baud_rate
                0x0000000000002918       0xa0 /mnt/d/Projects/QuickLogic/qorc-sdk/qf_apps/qf_ssi_ai_app_recog/GCC_Project/output/eoss3_hal_uart.o
 .text.is_hw_uart_enabled
                0x00000000000029b8       0x20 /mnt/d/Projects/QuickLogic/qorc-sdk/qf_apps/qf_ssi_ai_app_recog/GCC_Project/output/eoss3_hal_uart.o
 .text.uart_disable
                0x00000000000029d8       0x1c /mnt/d/Projects/QuickLogic/qorc-sdk/qf_apps/qf_ssi_ai_app_recog/GCC_Project/output/eoss3_hal_uart.o
 .text.uart_lpm_callback
                0x00000000000029f4       0x70 /mnt/d/Projects/QuickLogic/qorc-sdk/qf_apps/qf_ssi_ai_app_recog/GCC_Project/output/eoss3_hal_uart.o
 .text.uart_init
                0x0000000000002a64      0x18c /mnt/d/Projects/QuickLogic/qorc-sdk/qf_apps/qf_ssi_ai_app_recog/GCC_Project/output/eoss3_hal_uart.o
                0x0000000000002a64                uart_init
 .text.uart_isr_handler
                0x0000000000002bf0       0x84 /mnt/d/Projects/QuickLogic/qorc-sdk/qf_apps/qf_ssi_ai_app_recog/GCC_Project/output/eoss3_hal_uart.o
                0x0000000000002bf0                uart_isr_handler
 .text.uart_tx_raw
                0x0000000000002c74       0x48 /mnt/d/Projects/QuickLogic/qorc-sdk/qf_apps/qf_ssi_ai_app_recog/GCC_Project/output/eoss3_hal_uart.o
                0x0000000000002c74                uart_tx_raw
 .text.uart_tx  0x0000000000002cbc       0x1c /mnt/d/Projects/QuickLogic/qorc-sdk/qf_apps/qf_ssi_ai_app_recog/GCC_Project/output/eoss3_hal_uart.o
                0x0000000000002cbc                uart_tx
 .text.uart_tx_buf
                0x0000000000002cd8       0x1a /mnt/d/Projects/QuickLogic/qorc-sdk/qf_apps/qf_ssi_ai_app_recog/GCC_Project/output/eoss3_hal_uart.o
                0x0000000000002cd8                uart_tx_buf
 .text.uart_tx_raw_buf
                0x0000000000002cf2       0x1a /mnt/d/Projects/QuickLogic/qorc-sdk/qf_apps/qf_ssi_ai_app_recog/GCC_Project/output/eoss3_hal_uart.o
                0x0000000000002cf2                uart_tx_raw_buf
 .text.HAL_WB_Transmit
                0x0000000000002d0c       0x3c /mnt/d/Projects/QuickLogic/qorc-sdk/qf_apps/qf_ssi_ai_app_recog/GCC_Project/output/eoss3_hal_wb.o
                0x0000000000002d0c                HAL_WB_Transmit
 .text.HAL_WB_Receive
                0x0000000000002d48       0x44 /mnt/d/Projects/QuickLogic/qorc-sdk/qf_apps/qf_ssi_ai_app_recog/GCC_Project/output/eoss3_hal_wb.o
                0x0000000000002d48                HAL_WB_Receive
 .text.HAL_WB_Init
                0x0000000000002d8c      0x10c /mnt/d/Projects/QuickLogic/qorc-sdk/qf_apps/qf_ssi_ai_app_recog/GCC_Project/output/eoss3_hal_wb.o
                0x0000000000002d8c                HAL_WB_Init
 .text.WDT_ISR  0x0000000000002e98       0x8c /mnt/d/Projects/QuickLogic/qorc-sdk/qf_apps/qf_ssi_ai_app_recog/GCC_Project/output/eoss3_hal_wdt.o
                0x0000000000002e98                WDT_ISR
 .text.spurious_interrupt
                0x0000000000002f24        0xc /mnt/d/Projects/QuickLogic/qorc-sdk/qf_apps/qf_ssi_ai_app_recog/GCC_Project/output/exceptions.o
 .text.prvGetRegistersFromStack
                0x0000000000002f30       0xf0 /mnt/d/Projects/QuickLogic/qorc-sdk/qf_apps/qf_ssi_ai_app_recog/GCC_Project/output/exceptions.o
                0x0000000000002f30                prvGetRegistersFromStack
 .text.HardFault_Handler
                0x0000000000003020       0x16 /mnt/d/Projects/QuickLogic/qorc-sdk/qf_apps/qf_ssi_ai_app_recog/GCC_Project/output/exceptions.o
                0x0000000000003020                HardFault_Handler
 .text.NMI_Handler
                0x0000000000003036        0x6 /mnt/d/Projects/QuickLogic/qorc-sdk/qf_apps/qf_ssi_ai_app_recog/GCC_Project/output/exceptions.o
                0x0000000000003036                NMI_Handler
 .text.MemManage_Handler
                0x000000000000303c        0x6 /mnt/d/Projects/QuickLogic/qorc-sdk/qf_apps/qf_ssi_ai_app_recog/GCC_Project/output/exceptions.o
                0x000000000000303c                MemManage_Handler
 .text.BusFault_Handler
                0x0000000000003042        0x6 /mnt/d/Projects/QuickLogic/qorc-sdk/qf_apps/qf_ssi_ai_app_recog/GCC_Project/output/exceptions.o
                0x0000000000003042                BusFault_Handler
 .text.UsageFault_Handler
                0x0000000000003048        0x6 /mnt/d/Projects/QuickLogic/qorc-sdk/qf_apps/qf_ssi_ai_app_recog/GCC_Project/output/exceptions.o
                0x0000000000003048                UsageFault_Handler
 .text.DebugMon_Handler
                0x000000000000304e        0x6 /mnt/d/Projects/QuickLogic/qorc-sdk/qf_apps/qf_ssi_ai_app_recog/GCC_Project/output/exceptions.o
                0x000000000000304e                DebugMon_Handler
 .text.Uart_Handler
                0x0000000000003054       0x50 /mnt/d/Projects/QuickLogic/qorc-sdk/qf_apps/qf_ssi_ai_app_recog/GCC_Project/output/exceptions.o
                0x0000000000003054                Uart_Handler
 .text.Timer_Handler
                0x00000000000030a4       0x24 /mnt/d/Projects/QuickLogic/qorc-sdk/qf_apps/qf_ssi_ai_app_recog/GCC_Project/output/exceptions.o
                0x00000000000030a4                Timer_Handler
 .text.CpuWdtInt_Handler
                0x00000000000030c8       0x24 /mnt/d/Projects/QuickLogic/qorc-sdk/qf_apps/qf_ssi_ai_app_recog/GCC_Project/output/exceptions.o
                0x00000000000030c8                CpuWdtInt_Handler
 .text.CpuWdtRst_Handler
                0x00000000000030ec        0x6 /mnt/d/Projects/QuickLogic/qorc-sdk/qf_apps/qf_ssi_ai_app_recog/GCC_Project/output/exceptions.o
                0x00000000000030ec                CpuWdtRst_Handler
 .text.BusTimeout_Handler
                0x00000000000030f2        0x6 /mnt/d/Projects/QuickLogic/qorc-sdk/qf_apps/qf_ssi_ai_app_recog/GCC_Project/output/exceptions.o
                0x00000000000030f2                BusTimeout_Handler
 .text.Fpu_Handler
                0x00000000000030f8        0x6 /mnt/d/Projects/QuickLogic/qorc-sdk/qf_apps/qf_ssi_ai_app_recog/GCC_Project/output/exceptions.o
                0x00000000000030f8                Fpu_Handler
 *fill*         0x00000000000030fe        0x2 
 .text.Pkfb_Handler
                0x0000000000003100       0x10 /mnt/d/Projects/QuickLogic/qorc-sdk/qf_apps/qf_ssi_ai_app_recog/GCC_Project/output/exceptions.o
                0x0000000000003100                Pkfb_Handler
 .text.I2s_Handler
                0x0000000000003110        0x6 /mnt/d/Projects/QuickLogic/qorc-sdk/qf_apps/qf_ssi_ai_app_recog/GCC_Project/output/exceptions.o
                0x0000000000003110                I2s_Handler
 .text.Audio_Handler
                0x0000000000003116        0x6 /mnt/d/Projects/QuickLogic/qorc-sdk/qf_apps/qf_ssi_ai_app_recog/GCC_Project/output/exceptions.o
                0x0000000000003116                Audio_Handler
 .text.SpiMs_Handler
                0x000000000000311c       0x5c /mnt/d/Projects/QuickLogic/qorc-sdk/qf_apps/qf_ssi_ai_app_recog/GCC_Project/output/exceptions.o
                0x000000000000311c                SpiMs_Handler
 .text.CfgDma_Handler
                0x0000000000003178       0x28 /mnt/d/Projects/QuickLogic/qorc-sdk/qf_apps/qf_ssi_ai_app_recog/GCC_Project/output/exceptions.o
                0x0000000000003178                CfgDma_Handler
 .text.PmuTimer_Handler
                0x00000000000031a0        0x2 /mnt/d/Projects/QuickLogic/qorc-sdk/qf_apps/qf_ssi_ai_app_recog/GCC_Project/output/exceptions.o
                0x00000000000031a0                PmuTimer_Handler
 .text.AdcDone_Handler
                0x00000000000031a2        0x8 /mnt/d/Projects/QuickLogic/qorc-sdk/qf_apps/qf_ssi_ai_app_recog/GCC_Project/output/exceptions.o
                0x00000000000031a2                AdcDone_Handler
 *fill*         0x00000000000031aa        0x2 
 .text.RtcAlarm_Handler
                0x00000000000031ac       0x1c /mnt/d/Projects/QuickLogic/qorc-sdk/qf_apps/qf_ssi_ai_app_recog/GCC_Project/output/exceptions.o
                0x00000000000031ac                RtcAlarm_Handler
 .text.ResetInt_Handler
                0x00000000000031c8        0x8 /mnt/d/Projects/QuickLogic/qorc-sdk/qf_apps/qf_ssi_ai_app_recog/GCC_Project/output/exceptions.o
                0x00000000000031c8                ResetInt_Handler
 .text.Ffe0_Handler
                0x00000000000031d0       0x18 /mnt/d/Projects/QuickLogic/qorc-sdk/qf_apps/qf_ssi_ai_app_recog/GCC_Project/output/exceptions.o
                0x00000000000031d0                Ffe0_Handler
 .text.FbMsg_Handler
                0x00000000000031e8       0x70 /mnt/d/Projects/QuickLogic/qorc-sdk/qf_apps/qf_ssi_ai_app_recog/GCC_Project/output/exceptions.o
                0x00000000000031e8                FbMsg_Handler
 .text.FB_RegisterISR
                0x0000000000003258       0x10 /mnt/d/Projects/QuickLogic/qorc-sdk/qf_apps/qf_ssi_ai_app_recog/GCC_Project/output/exceptions.o
                0x0000000000003258                FB_RegisterISR
 .text.FB_ConfigureInterrupt
                0x0000000000003268       0x7c /mnt/d/Projects/QuickLogic/qorc-sdk/qf_apps/qf_ssi_ai_app_recog/GCC_Project/output/exceptions.o
                0x0000000000003268                FB_ConfigureInterrupt
 .text.SensorGpio_Handler
                0x00000000000032e4        0x8 /mnt/d/Projects/QuickLogic/qorc-sdk/qf_apps/qf_ssi_ai_app_recog/GCC_Project/output/exceptions.o
                0x00000000000032e4                SensorGpio_Handler
 .text.M4SramSleep_Handler
                0x00000000000032ec        0x8 /mnt/d/Projects/QuickLogic/qorc-sdk/qf_apps/qf_ssi_ai_app_recog/GCC_Project/output/exceptions.o
                0x00000000000032ec                M4SramSleep_Handler
 .text.LDO30_PG_Handler
                0x00000000000032f4        0x8 /mnt/d/Projects/QuickLogic/qorc-sdk/qf_apps/qf_ssi_ai_app_recog/GCC_Project/output/exceptions.o
                0x00000000000032f4                LDO30_PG_Handler
 .text.LDO50_PG_Handler
                0x00000000000032fc        0x8 /mnt/d/Projects/QuickLogic/qorc-sdk/qf_apps/qf_ssi_ai_app_recog/GCC_Project/output/exceptions.o
                0x00000000000032fc                LDO50_PG_Handler
 .text.DMIC_Voice_Det_Handler
                0x0000000000003304        0x8 /mnt/d/Projects/QuickLogic/qorc-sdk/qf_apps/qf_ssi_ai_app_recog/GCC_Project/output/exceptions.o
                0x0000000000003304                DMIC_Voice_Det_Handler
 .text.ApPDMClkOn_Handler
                0x000000000000330c        0x8 /mnt/d/Projects/QuickLogic/qorc-sdk/qf_apps/qf_ssi_ai_app_recog/GCC_Project/output/exceptions.o
                0x000000000000330c                ApPDMClkOn_Handler
 .text.ApPDMClkOff_Handler
                0x0000000000003314        0x8 /mnt/d/Projects/QuickLogic/qorc-sdk/qf_apps/qf_ssi_ai_app_recog/GCC_Project/output/exceptions.o
                0x0000000000003314                ApPDMClkOff_Handler
 .text.Dmac0BlkDone_Handler
                0x000000000000331c        0x4 /mnt/d/Projects/QuickLogic/qorc-sdk/qf_apps/qf_ssi_ai_app_recog/GCC_Project/output/exceptions.o
                0x000000000000331c                Dmac0BlkDone_Handler
 .text.Dmac0BufDone_Handler
                0x0000000000003320       0x10 /mnt/d/Projects/QuickLogic/qorc-sdk/qf_apps/qf_ssi_ai_app_recog/GCC_Project/output/exceptions.o
                0x0000000000003320                Dmac0BufDone_Handler
 .text.Dmac1BlkDone_Handler
                0x0000000000003330        0x8 /mnt/d/Projects/QuickLogic/qorc-sdk/qf_apps/qf_ssi_ai_app_recog/GCC_Project/output/exceptions.o
                0x0000000000003330                Dmac1BlkDone_Handler
 .text.Dmac1BufDone_Handler
                0x0000000000003338        0x8 /mnt/d/Projects/QuickLogic/qorc-sdk/qf_apps/qf_ssi_ai_app_recog/GCC_Project/output/exceptions.o
                0x0000000000003338                Dmac1BufDone_Handler
 .text.Sdma0Done_Handler
                0x0000000000003340        0x8 /mnt/d/Projects/QuickLogic/qorc-sdk/qf_apps/qf_ssi_ai_app_recog/GCC_Project/output/exceptions.o
                0x0000000000003340                Sdma0Done_Handler
 .text.Sdma1Done_Handler
                0x0000000000003348        0x8 /mnt/d/Projects/QuickLogic/qorc-sdk/qf_apps/qf_ssi_ai_app_recog/GCC_Project/output/exceptions.o
                0x0000000000003348                Sdma1Done_Handler
 .text.Sdma2Done_Handler
                0x0000000000003350        0x8 /mnt/d/Projects/QuickLogic/qorc-sdk/qf_apps/qf_ssi_ai_app_recog/GCC_Project/output/exceptions.o
                0x0000000000003350                Sdma2Done_Handler
 .text.Sdma3Done_Handler
                0x0000000000003358        0x8 /mnt/d/Projects/QuickLogic/qorc-sdk/qf_apps/qf_ssi_ai_app_recog/GCC_Project/output/exceptions.o
                0x0000000000003358                Sdma3Done_Handler
 .text.Sdma4Done_Handler
                0x0000000000003360        0x8 /mnt/d/Projects/QuickLogic/qorc-sdk/qf_apps/qf_ssi_ai_app_recog/GCC_Project/output/exceptions.o
                0x0000000000003360                Sdma4Done_Handler
 .text.Sdma5Done_Handler
                0x0000000000003368        0x8 /mnt/d/Projects/QuickLogic/qorc-sdk/qf_apps/qf_ssi_ai_app_recog/GCC_Project/output/exceptions.o
                0x0000000000003368                Sdma5Done_Handler
 .text.Sdma6Done_Handler
                0x0000000000003370        0x8 /mnt/d/Projects/QuickLogic/qorc-sdk/qf_apps/qf_ssi_ai_app_recog/GCC_Project/output/exceptions.o
                0x0000000000003370                Sdma6Done_Handler
 .text.Sdma7Done_Handler
                0x0000000000003378        0x8 /mnt/d/Projects/QuickLogic/qorc-sdk/qf_apps/qf_ssi_ai_app_recog/GCC_Project/output/exceptions.o
                0x0000000000003378                Sdma7Done_Handler
 .text.Sdma8Done_Handler
                0x0000000000003380        0x8 /mnt/d/Projects/QuickLogic/qorc-sdk/qf_apps/qf_ssi_ai_app_recog/GCC_Project/output/exceptions.o
                0x0000000000003380                Sdma8Done_Handler
 .text.Sdma9Done_Handler
                0x0000000000003388        0x8 /mnt/d/Projects/QuickLogic/qorc-sdk/qf_apps/qf_ssi_ai_app_recog/GCC_Project/output/exceptions.o
                0x0000000000003388                Sdma9Done_Handler
 .text.Sdma10Done_Handler
                0x0000000000003390        0x8 /mnt/d/Projects/QuickLogic/qorc-sdk/qf_apps/qf_ssi_ai_app_recog/GCC_Project/output/exceptions.o
                0x0000000000003390                Sdma10Done_Handler
 .text.Sdma11Done_Handler
                0x0000000000003398        0x8 /mnt/d/Projects/QuickLogic/qorc-sdk/qf_apps/qf_ssi_ai_app_recog/GCC_Project/output/exceptions.o
                0x0000000000003398                Sdma11Done_Handler
 .text.SdmaErr_Handler
                0x00000000000033a0        0x8 /mnt/d/Projects/QuickLogic/qorc-sdk/qf_apps/qf_ssi_ai_app_recog/GCC_Project/output/exceptions.o
                0x00000000000033a0                SdmaErr_Handler
 .text.I2S_SlvM4TxOr_Handler
                0x00000000000033a8        0x8 /mnt/d/Projects/QuickLogic/qorc-sdk/qf_apps/qf_ssi_ai_app_recog/GCC_Project/output/exceptions.o
                0x00000000000033a8                I2S_SlvM4TxOr_Handler
 .text.SRAM_128KB_Handler
                0x00000000000033b0        0x8 /mnt/d/Projects/QuickLogic/qorc-sdk/qf_apps/qf_ssi_ai_app_recog/GCC_Project/output/exceptions.o
                0x00000000000033b0                SRAM_128KB_Handler
 .text.LPSD_Voice_Det_Handler
                0x00000000000033b8        0x8 /mnt/d/Projects/QuickLogic/qorc-sdk/qf_apps/qf_ssi_ai_app_recog/GCC_Project/output/exceptions.o
                0x00000000000033b8                LPSD_Voice_Det_Handler
 .text.FfeWdt_Handler
                0x00000000000033c0        0x8 /mnt/d/Projects/QuickLogic/qorc-sdk/qf_apps/qf_ssi_ai_app_recog/GCC_Project/output/exceptions.o
                0x00000000000033c0                FfeWdt_Handler
 .text.ApBoot_Handler
                0x00000000000033c8        0x8 /mnt/d/Projects/QuickLogic/qorc-sdk/qf_apps/qf_ssi_ai_app_recog/GCC_Project/output/exceptions.o
                0x00000000000033c8                ApBoot_Handler
 .text.SwInt2_Handler
                0x00000000000033d0        0x8 /mnt/d/Projects/QuickLogic/qorc-sdk/qf_apps/qf_ssi_ai_app_recog/GCC_Project/output/exceptions.o
                0x00000000000033d0                SwInt2_Handler
 .text.SwInt1_Handler
                0x00000000000033d8       0x24 /mnt/d/Projects/QuickLogic/qorc-sdk/qf_apps/qf_ssi_ai_app_recog/GCC_Project/output/exceptions.o
                0x00000000000033d8                SwInt1_Handler
 .text.Ffe0Msg_Handler
                0x00000000000033fc        0x8 /mnt/d/Projects/QuickLogic/qorc-sdk/qf_apps/qf_ssi_ai_app_recog/GCC_Project/output/exceptions.o
                0x00000000000033fc                Ffe0Msg_Handler
 .text.lpsdVoiceOffHandler
                0x0000000000003404        0x8 /mnt/d/Projects/QuickLogic/qorc-sdk/qf_apps/qf_ssi_ai_app_recog/GCC_Project/output/exceptions.o
                0x0000000000003404                lpsdVoiceOffHandler
 .text.dmicVoiceOffHandler
                0x000000000000340c        0x8 /mnt/d/Projects/QuickLogic/qorc-sdk/qf_apps/qf_ssi_ai_app_recog/GCC_Project/output/exceptions.o
                0x000000000000340c                dmicVoiceOffHandler
 .text.vApplicationMallocFailedHook
                0x0000000000003414       0x24 /mnt/d/Projects/QuickLogic/qorc-sdk/qf_apps/qf_ssi_ai_app_recog/GCC_Project/output/exceptions.o
                0x0000000000003414                vApplicationMallocFailedHook
 .text.vApplicationStackOverflowHook
                0x0000000000003438       0x24 /mnt/d/Projects/QuickLogic/qorc-sdk/qf_apps/qf_ssi_ai_app_recog/GCC_Project/output/exceptions.o
                0x0000000000003438                vApplicationStackOverflowHook
 .text.vApplicationTickHook
                0x000000000000345c        0x2 /mnt/d/Projects/QuickLogic/qorc-sdk/qf_apps/qf_ssi_ai_app_recog/GCC_Project/output/exceptions.o
                0x000000000000345c                vApplicationTickHook
 .text.vApplicationIdleHook
                0x000000000000345e        0x2 /mnt/d/Projects/QuickLogic/qorc-sdk/qf_apps/qf_ssi_ai_app_recog/GCC_Project/output/exceptions.o
                0x000000000000345e                vApplicationIdleHook
 .text.ld_dword
                0x0000000000003460       0x10 /mnt/d/Projects/QuickLogic/qorc-sdk/qf_apps/qf_ssi_ai_app_recog/GCC_Project/output/ff.o
 .text.st_dword
                0x0000000000003470       0x10 /mnt/d/Projects/QuickLogic/qorc-sdk/qf_apps/qf_ssi_ai_app_recog/GCC_Project/output/ff.o
 .text.mem_cmp  0x0000000000003480       0x1c /mnt/d/Projects/QuickLogic/qorc-sdk/qf_apps/qf_ssi_ai_app_recog/GCC_Project/output/ff.o
 .text.clst2sect
                0x000000000000349c       0x16 /mnt/d/Projects/QuickLogic/qorc-sdk/qf_apps/qf_ssi_ai_app_recog/GCC_Project/output/ff.o
 .text.sum_sfn  0x00000000000034b2       0x1e /mnt/d/Projects/QuickLogic/qorc-sdk/qf_apps/qf_ssi_ai_app_recog/GCC_Project/output/ff.o
 .text.get_ldnumber
                0x00000000000034d0       0x74 /mnt/d/Projects/QuickLogic/qorc-sdk/qf_apps/qf_ssi_ai_app_recog/GCC_Project/output/ff.o
 .text.validate
                0x0000000000003544       0x34 /mnt/d/Projects/QuickLogic/qorc-sdk/qf_apps/qf_ssi_ai_app_recog/GCC_Project/output/ff.o
 .text.mem_cpy.part.0
                0x0000000000003578       0x12 /mnt/d/Projects/QuickLogic/qorc-sdk/qf_apps/qf_ssi_ai_app_recog/GCC_Project/output/ff.o
 .text.ld_clust.isra.3
                0x000000000000358a       0x1c /mnt/d/Projects/QuickLogic/qorc-sdk/qf_apps/qf_ssi_ai_app_recog/GCC_Project/output/ff.o
 .text.st_clust.isra.4
                0x00000000000035a6       0x18 /mnt/d/Projects/QuickLogic/qorc-sdk/qf_apps/qf_ssi_ai_app_recog/GCC_Project/output/ff.o
 .text.sync_window
                0x00000000000035be       0x44 /mnt/d/Projects/QuickLogic/qorc-sdk/qf_apps/qf_ssi_ai_app_recog/GCC_Project/output/ff.o
 .text.move_window
                0x0000000000003602       0x36 /mnt/d/Projects/QuickLogic/qorc-sdk/qf_apps/qf_ssi_ai_app_recog/GCC_Project/output/ff.o
 .text.check_fs
                0x0000000000003638       0x70 /mnt/d/Projects/QuickLogic/qorc-sdk/qf_apps/qf_ssi_ai_app_recog/GCC_Project/output/ff.o
 .text.find_volume
                0x00000000000036a8      0x290 /mnt/d/Projects/QuickLogic/qorc-sdk/qf_apps/qf_ssi_ai_app_recog/GCC_Project/output/ff.o
 .text.put_fat  0x0000000000003938       0xf8 /mnt/d/Projects/QuickLogic/qorc-sdk/qf_apps/qf_ssi_ai_app_recog/GCC_Project/output/ff.o
 .text.get_fat.isra.9
                0x0000000000003a30       0xb4 /mnt/d/Projects/QuickLogic/qorc-sdk/qf_apps/qf_ssi_ai_app_recog/GCC_Project/output/ff.o
 .text.dir_sdi  0x0000000000003ae4       0x84 /mnt/d/Projects/QuickLogic/qorc-sdk/qf_apps/qf_ssi_ai_app_recog/GCC_Project/output/ff.o
 .text.create_chain
                0x0000000000003b68       0xe8 /mnt/d/Projects/QuickLogic/qorc-sdk/qf_apps/qf_ssi_ai_app_recog/GCC_Project/output/ff.o
 .text.remove_chain
                0x0000000000003c50       0x6e /mnt/d/Projects/QuickLogic/qorc-sdk/qf_apps/qf_ssi_ai_app_recog/GCC_Project/output/ff.o
 .text.dir_clear
                0x0000000000003cbe       0x56 /mnt/d/Projects/QuickLogic/qorc-sdk/qf_apps/qf_ssi_ai_app_recog/GCC_Project/output/ff.o
 .text.dir_next
                0x0000000000003d14       0xa6 /mnt/d/Projects/QuickLogic/qorc-sdk/qf_apps/qf_ssi_ai_app_recog/GCC_Project/output/ff.o
 .text.dir_remove
                0x0000000000003dba       0x4e /mnt/d/Projects/QuickLogic/qorc-sdk/qf_apps/qf_ssi_ai_app_recog/GCC_Project/output/ff.o
 .text.dir_find
                0x0000000000003e08      0x154 /mnt/d/Projects/QuickLogic/qorc-sdk/qf_apps/qf_ssi_ai_app_recog/GCC_Project/output/ff.o
 .text.dir_read.constprop.14
                0x0000000000003f5c      0x128 /mnt/d/Projects/QuickLogic/qorc-sdk/qf_apps/qf_ssi_ai_app_recog/GCC_Project/output/ff.o
 .text.follow_path
                0x0000000000004084      0x2b4 /mnt/d/Projects/QuickLogic/qorc-sdk/qf_apps/qf_ssi_ai_app_recog/GCC_Project/output/ff.o
 .text.sync_fs  0x0000000000004338       0x98 /mnt/d/Projects/QuickLogic/qorc-sdk/qf_apps/qf_ssi_ai_app_recog/GCC_Project/output/ff.o
 .text.dir_register
                0x00000000000043d0      0x274 /mnt/d/Projects/QuickLogic/qorc-sdk/qf_apps/qf_ssi_ai_app_recog/GCC_Project/output/ff.o
 .text.f_mount  0x0000000000004644       0x4c /mnt/d/Projects/QuickLogic/qorc-sdk/qf_apps/qf_ssi_ai_app_recog/GCC_Project/output/ff.o
                0x0000000000004644                f_mount
 .text.f_open   0x0000000000004690      0x1c4 /mnt/d/Projects/QuickLogic/qorc-sdk/qf_apps/qf_ssi_ai_app_recog/GCC_Project/output/ff.o
                0x0000000000004690                f_open
 .text.f_write  0x0000000000004854      0x18a /mnt/d/Projects/QuickLogic/qorc-sdk/qf_apps/qf_ssi_ai_app_recog/GCC_Project/output/ff.o
                0x0000000000004854                f_write
 .text.f_sync   0x00000000000049de       0x90 /mnt/d/Projects/QuickLogic/qorc-sdk/qf_apps/qf_ssi_ai_app_recog/GCC_Project/output/ff.o
                0x00000000000049de                f_sync
 .text.f_close  0x0000000000004a6e       0x1a /mnt/d/Projects/QuickLogic/qorc-sdk/qf_apps/qf_ssi_ai_app_recog/GCC_Project/output/ff.o
                0x0000000000004a6e                f_close
 .text.f_unlink
                0x0000000000004a88       0xaa /mnt/d/Projects/QuickLogic/qorc-sdk/qf_apps/qf_ssi_ai_app_recog/GCC_Project/output/ff.o
                0x0000000000004a88                f_unlink
 *fill*         0x0000000000004b32        0x2 
 .text.ff_uni2oem
                0x0000000000004b34       0x40 /mnt/d/Projects/QuickLogic/qorc-sdk/qf_apps/qf_ssi_ai_app_recog/GCC_Project/output/ffunicode.o
                0x0000000000004b34                ff_uni2oem
 .text.ff_oem2uni
                0x0000000000004b74       0x28 /mnt/d/Projects/QuickLogic/qorc-sdk/qf_apps/qf_ssi_ai_app_recog/GCC_Project/output/ffunicode.o
                0x0000000000004b74                ff_oem2uni
 .text.ff_wtoupper
                0x0000000000004b9c       0x8c /mnt/d/Projects/QuickLogic/qorc-sdk/qf_apps/qf_ssi_ai_app_recog/GCC_Project/output/ffunicode.o
                0x0000000000004b9c                ff_wtoupper
 .text.load_fpga
                0x0000000000004c28      0x118 /mnt/d/Projects/QuickLogic/qorc-sdk/qf_apps/qf_ssi_ai_app_recog/GCC_Project/output/fpga_loader.o
                0x0000000000004c28                load_fpga
 .text.prvInsertBlockIntoFreeList
                0x0000000000004d40       0x74 /mnt/d/Projects/QuickLogic/qorc-sdk/qf_apps/qf_ssi_ai_app_recog/GCC_Project/output/heap_4.o
 .text.pvPortMalloc
                0x0000000000004db4      0x1a4 /mnt/d/Projects/QuickLogic/qorc-sdk/qf_apps/qf_ssi_ai_app_recog/GCC_Project/output/heap_4.o
                0x0000000000004db4                pvPortMalloc
 .text.vPortFree
                0x0000000000004f58       0xa0 /mnt/d/Projects/QuickLogic/qorc-sdk/qf_apps/qf_ssi_ai_app_recog/GCC_Project/output/heap_4.o
                0x0000000000004f58                vPortFree
 .text.vListInitialise
                0x0000000000004ff8       0x16 /mnt/d/Projects/QuickLogic/qorc-sdk/qf_apps/qf_ssi_ai_app_recog/GCC_Project/output/list.o
                0x0000000000004ff8                vListInitialise
 .text.vListInitialiseItem
                0x000000000000500e        0x6 /mnt/d/Projects/QuickLogic/qorc-sdk/qf_apps/qf_ssi_ai_app_recog/GCC_Project/output/list.o
                0x000000000000500e                vListInitialiseItem
 .text.vListInsertEnd
                0x0000000000005014       0x18 /mnt/d/Projects/QuickLogic/qorc-sdk/qf_apps/qf_ssi_ai_app_recog/GCC_Project/output/list.o
                0x0000000000005014                vListInsertEnd
 .text.vListInsert
                0x000000000000502c       0x2e /mnt/d/Projects/QuickLogic/qorc-sdk/qf_apps/qf_ssi_ai_app_recog/GCC_Project/output/list.o
                0x000000000000502c                vListInsert
 .text.uxListRemove
                0x000000000000505a       0x22 /mnt/d/Projects/QuickLogic/qorc-sdk/qf_apps/qf_ssi_ai_app_recog/GCC_Project/output/list.o
                0x000000000000505a                uxListRemove
 *fill*         0x000000000000507c        0x4 
 .text.startup.main
                0x0000000000005080      0x114 /mnt/d/Projects/QuickLogic/qorc-sdk/qf_apps/qf_ssi_ai_app_recog/GCC_Project/output/main.o
                0x0000000000005080                main
 .text.SystemInit
                0x0000000000005194        0x2 /mnt/d/Projects/QuickLogic/qorc-sdk/qf_apps/qf_ssi_ai_app_recog/GCC_Project/output/main.o
                0x0000000000005194                SystemInit
 .text.wait_ffe_fpga_load
                0x0000000000005196        0x2 /mnt/d/Projects/QuickLogic/qorc-sdk/qf_apps/qf_ssi_ai_app_recog/GCC_Project/output/main.o
                0x0000000000005196                wait_ffe_fpga_load
 .text._ZN6MC36359write_regEhPhi
                0x0000000000005198       0x34 /mnt/d/Projects/QuickLogic/qorc-sdk/qf_apps/qf_ssi_ai_app_recog/GCC_Project/output/mc3635_wire.o
                0x0000000000005198                MC3635::write_reg(unsigned char, unsigned char*, int)
 .text._ZN6MC36358read_regEhPhi
                0x00000000000051cc       0x58 /mnt/d/Projects/QuickLogic/qorc-sdk/qf_apps/qf_ssi_ai_app_recog/GCC_Project/output/mc3635_wire.o
                0x00000000000051cc                MC3635::read_reg(unsigned char, unsigned char*, int)
 .text._ZN6MC3635C2Ev
                0x0000000000005224        0x6 /mnt/d/Projects/QuickLogic/qorc-sdk/qf_apps/qf_ssi_ai_app_recog/GCC_Project/output/mc3635_wire.o
                0x0000000000005224                MC3635::MC3635()
                0x0000000000005224                MC3635::MC3635()
 .text._ZN6MC36358set_modeE14mc3635_modes_t
                0x000000000000522a       0x46 /mnt/d/Projects/QuickLogic/qorc-sdk/qf_apps/qf_ssi_ai_app_recog/GCC_Project/output/mc3635_wire.o
                0x000000000000522a                MC3635::set_mode(mc3635_modes_t)
 .text._ZN6MC363515set_sample_rateEi
                0x0000000000005270       0x94 /mnt/d/Projects/QuickLogic/qorc-sdk/qf_apps/qf_ssi_ai_app_recog/GCC_Project/output/mc3635_wire.o
                0x0000000000005270                MC3635::set_sample_rate(int)
 .text._ZN6MC363515get_sample_rateEv
                0x0000000000005304       0x28 /mnt/d/Projects/QuickLogic/qorc-sdk/qf_apps/qf_ssi_ai_app_recog/GCC_Project/output/mc3635_wire.o
                0x0000000000005304                MC3635::get_sample_rate()
 .text._ZN6MC363516set_sample_rangeE14mc3635_range_t
                0x000000000000532c       0x3c /mnt/d/Projects/QuickLogic/qorc-sdk/qf_apps/qf_ssi_ai_app_recog/GCC_Project/output/mc3635_wire.o
                0x000000000000532c                MC3635::set_sample_range(mc3635_range_t)
 .text._ZN6MC363516get_sample_rangeEv
                0x0000000000005368       0x1a /mnt/d/Projects/QuickLogic/qorc-sdk/qf_apps/qf_ssi_ai_app_recog/GCC_Project/output/mc3635_wire.o
                0x0000000000005368                MC3635::get_sample_range()
 *fill*         0x0000000000005382        0x2 
 .text._ZN6MC363521set_sample_resolutionEi
                0x0000000000005384       0x50 /mnt/d/Projects/QuickLogic/qorc-sdk/qf_apps/qf_ssi_ai_app_recog/GCC_Project/output/mc3635_wire.o
                0x0000000000005384                MC3635::set_sample_resolution(int)
 .text._ZN6MC363521get_sample_resolutionEv
                0x00000000000053d4       0x28 /mnt/d/Projects/QuickLogic/qorc-sdk/qf_apps/qf_ssi_ai_app_recog/GCC_Project/output/mc3635_wire.o
                0x00000000000053d4                MC3635::get_sample_resolution()
 .text._ZN6MC36355beginEv
                0x00000000000053fc      0x1a0 /mnt/d/Projects/QuickLogic/qorc-sdk/qf_apps/qf_ssi_ai_app_recog/GCC_Project/output/mc3635_wire.o
                0x00000000000053fc                MC3635::begin()
 .text._ZN6MC36354readEv
                0x000000000000559c       0x14 /mnt/d/Projects/QuickLogic/qorc-sdk/qf_apps/qf_ssi_ai_app_recog/GCC_Project/output/mc3635_wire.o
                0x000000000000559c                MC3635::read()
 .text.xTaskSet_uSecCount
                0x00000000000055b0       0x2c /mnt/d/Projects/QuickLogic/qorc-sdk/qf_apps/qf_ssi_ai_app_recog/GCC_Project/output/micro_tick64.o
                0x00000000000055b0                xTaskSet_uSecCount
 .text.convert_to_uSecCount
                0x00000000000055dc       0x38 /mnt/d/Projects/QuickLogic/qorc-sdk/qf_apps/qf_ssi_ai_app_recog/GCC_Project/output/micro_tick64.o
                0x00000000000055dc                convert_to_uSecCount
 .text.xchg_spi.constprop.4
                0x0000000000005614       0x44 /mnt/d/Projects/QuickLogic/qorc-sdk/qf_apps/qf_ssi_ai_app_recog/GCC_Project/output/mmc_s3.o
 .text.deselect_card
                0x0000000000005658        0x4 /mnt/d/Projects/QuickLogic/qorc-sdk/qf_apps/qf_ssi_ai_app_recog/GCC_Project/output/mmc_s3.o
 .text.wait_ready
                0x000000000000565c       0x2c /mnt/d/Projects/QuickLogic/qorc-sdk/qf_apps/qf_ssi_ai_app_recog/GCC_Project/output/mmc_s3.o
 .text.xmit_datablock.constprop.2
                0x0000000000005688       0x70 /mnt/d/Projects/QuickLogic/qorc-sdk/qf_apps/qf_ssi_ai_app_recog/GCC_Project/output/mmc_s3.o
 .text.send_cmd
                0x00000000000056f8       0xc8 /mnt/d/Projects/QuickLogic/qorc-sdk/qf_apps/qf_ssi_ai_app_recog/GCC_Project/output/mmc_s3.o
 .text.rcvr_spi_multi
                0x00000000000057c0       0x10 /mnt/d/Projects/QuickLogic/qorc-sdk/qf_apps/qf_ssi_ai_app_recog/GCC_Project/output/mmc_s3.o
                0x00000000000057c0                rcvr_spi_multi
 .text.rcvr_datablock
                0x00000000000057d0       0x3c /mnt/d/Projects/QuickLogic/qorc-sdk/qf_apps/qf_ssi_ai_app_recog/GCC_Project/output/mmc_s3.o
 .text.disk_status
                0x000000000000580c       0x14 /mnt/d/Projects/QuickLogic/qorc-sdk/qf_apps/qf_ssi_ai_app_recog/GCC_Project/output/mmc_s3.o
                0x000000000000580c                disk_status
 .text.disk_initialize
                0x0000000000005820      0x1e8 /mnt/d/Projects/QuickLogic/qorc-sdk/qf_apps/qf_ssi_ai_app_recog/GCC_Project/output/mmc_s3.o
                0x0000000000005820                disk_initialize
 .text.disk_read
                0x0000000000005a08       0x80 /mnt/d/Projects/QuickLogic/qorc-sdk/qf_apps/qf_ssi_ai_app_recog/GCC_Project/output/mmc_s3.o
                0x0000000000005a08                disk_read
 .text.disk_write
                0x0000000000005a88       0x90 /mnt/d/Projects/QuickLogic/qorc-sdk/qf_apps/qf_ssi_ai_app_recog/GCC_Project/output/mmc_s3.o
                0x0000000000005a88                disk_write
 .text.disk_ioctl
                0x0000000000005b18      0x1ec /mnt/d/Projects/QuickLogic/qorc-sdk/qf_apps/qf_ssi_ai_app_recog/GCC_Project/output/mmc_s3.o
                0x0000000000005b18                disk_ioctl
 .text.get_fattime
                0x0000000000005d04       0x42 /mnt/d/Projects/QuickLogic/qorc-sdk/qf_apps/qf_ssi_ai_app_recog/GCC_Project/output/mmc_s3.o
                0x0000000000005d04                get_fattime
 *fill*         0x0000000000005d46        0x2 
 .text.prvPortStartFirstTask
                0x0000000000005d48       0x28 /mnt/d/Projects/QuickLogic/qorc-sdk/qf_apps/qf_ssi_ai_app_recog/GCC_Project/output/port.o
 .text.vPortEnableVFP
                0x0000000000005d70       0x14 /mnt/d/Projects/QuickLogic/qorc-sdk/qf_apps/qf_ssi_ai_app_recog/GCC_Project/output/port.o
 .text.prvTaskExitError
                0x0000000000005d84       0x50 /mnt/d/Projects/QuickLogic/qorc-sdk/qf_apps/qf_ssi_ai_app_recog/GCC_Project/output/port.o
 .text.pxPortInitialiseStack
                0x0000000000005dd4       0x2c /mnt/d/Projects/QuickLogic/qorc-sdk/qf_apps/qf_ssi_ai_app_recog/GCC_Project/output/port.o
                0x0000000000005dd4                pxPortInitialiseStack
 .text.SVC_Handler
                0x0000000000005e00       0x24 /mnt/d/Projects/QuickLogic/qorc-sdk/qf_apps/qf_ssi_ai_app_recog/GCC_Project/output/port.o
                0x0000000000005e00                SVC_Handler
 .text.vPortEnterCritical
                0x0000000000005e24       0x58 /mnt/d/Projects/QuickLogic/qorc-sdk/qf_apps/qf_ssi_ai_app_recog/GCC_Project/output/port.o
                0x0000000000005e24                vPortEnterCritical
 .text.vPortExitCritical
                0x0000000000005e7c       0x3c /mnt/d/Projects/QuickLogic/qorc-sdk/qf_apps/qf_ssi_ai_app_recog/GCC_Project/output/port.o
                0x0000000000005e7c                vPortExitCritical
 *fill*         0x0000000000005eb8        0x8 
 .text.PendSV_Handler
                0x0000000000005ec0       0x64 /mnt/d/Projects/QuickLogic/qorc-sdk/qf_apps/qf_ssi_ai_app_recog/GCC_Project/output/port.o
                0x0000000000005ec0                PendSV_Handler
 .text.xPortSysTickHandler
                0x0000000000005f24       0x2c /mnt/d/Projects/QuickLogic/qorc-sdk/qf_apps/qf_ssi_ai_app_recog/GCC_Project/output/port.o
                0x0000000000005f24                xPortSysTickHandler
 .text.xPortStartScheduler
                0x0000000000005f50      0x158 /mnt/d/Projects/QuickLogic/qorc-sdk/qf_apps/qf_ssi_ai_app_recog/GCC_Project/output/port.o
                0x0000000000005f50                xPortStartScheduler
 .text.vPortValidateInterruptPriority
                0x00000000000060a8       0x7c /mnt/d/Projects/QuickLogic/qorc-sdk/qf_apps/qf_ssi_ai_app_recog/GCC_Project/output/port.o
                0x00000000000060a8                vPortValidateInterruptPriority
 .text.system_init
                0x0000000000006124       0x6c /mnt/d/Projects/QuickLogic/qorc-sdk/qf_apps/qf_ssi_ai_app_recog/GCC_Project/output/qf_hardwaresetup.o
                0x0000000000006124                system_init
 .text.qf_hardwareSetup
                0x0000000000006190       0x74 /mnt/d/Projects/QuickLogic/qorc-sdk/qf_apps/qf_ssi_ai_app_recog/GCC_Project/output/qf_hardwaresetup.o
                0x0000000000006190                qf_hardwareSetup
 .text.ql_gmtime_r
                0x0000000000006204      0x12c /mnt/d/Projects/QuickLogic/qorc-sdk/qf_apps/qf_ssi_ai_app_recog/GCC_Project/output/ql_time.o
                0x0000000000006204                ql_gmtime_r
 .text.ql_localtime_r
                0x0000000000006330       0x16 /mnt/d/Projects/QuickLogic/qorc-sdk/qf_apps/qf_ssi_ai_app_recog/GCC_Project/output/ql_time.o
                0x0000000000006330                ql_localtime_r
 .text.ql_time  0x0000000000006346       0x2a /mnt/d/Projects/QuickLogic/qorc-sdk/qf_apps/qf_ssi_ai_app_recog/GCC_Project/output/ql_time.o
                0x0000000000006346                ql_time
 .text.ql_lw_timer_start
                0x0000000000006370        0x4 /mnt/d/Projects/QuickLogic/qorc-sdk/qf_apps/qf_ssi_ai_app_recog/GCC_Project/output/ql_time.o
                0x0000000000006370                ql_lw_timer_start
 .text.ql_lw_timer_remain
                0x0000000000006374       0x1a /mnt/d/Projects/QuickLogic/qorc-sdk/qf_apps/qf_ssi_ai_app_recog/GCC_Project/output/ql_time.o
                0x0000000000006374                ql_lw_timer_remain
 .text.ql_lw_timer_is_expired
                0x000000000000638e       0x10 /mnt/d/Projects/QuickLogic/qorc-sdk/qf_apps/qf_ssi_ai_app_recog/GCC_Project/output/ql_time.o
                0x000000000000638e                ql_lw_timer_is_expired
 .text.prvIsQueueEmpty
                0x000000000000639e       0x16 /mnt/d/Projects/QuickLogic/qorc-sdk/qf_apps/qf_ssi_ai_app_recog/GCC_Project/output/queue.o
 .text.prvCopyDataToQueue
                0x00000000000063b4       0x72 /mnt/d/Projects/QuickLogic/qorc-sdk/qf_apps/qf_ssi_ai_app_recog/GCC_Project/output/queue.o
 .text.prvCopyDataFromQueue
                0x0000000000006426       0x2a /mnt/d/Projects/QuickLogic/qorc-sdk/qf_apps/qf_ssi_ai_app_recog/GCC_Project/output/queue.o
 .text.prvUnlockQueue
                0x0000000000006450       0x70 /mnt/d/Projects/QuickLogic/qorc-sdk/qf_apps/qf_ssi_ai_app_recog/GCC_Project/output/queue.o
 .text.xQueueGenericReset
                0x00000000000064c0       0x90 /mnt/d/Projects/QuickLogic/qorc-sdk/qf_apps/qf_ssi_ai_app_recog/GCC_Project/output/queue.o
                0x00000000000064c0                xQueueGenericReset
 .text.xQueueGenericCreate
                0x0000000000006550       0x74 /mnt/d/Projects/QuickLogic/qorc-sdk/qf_apps/qf_ssi_ai_app_recog/GCC_Project/output/queue.o
                0x0000000000006550                xQueueGenericCreate
 .text.xQueueCreateCountingSemaphore
                0x00000000000065c4       0x5c /mnt/d/Projects/QuickLogic/qorc-sdk/qf_apps/qf_ssi_ai_app_recog/GCC_Project/output/queue.o
                0x00000000000065c4                xQueueCreateCountingSemaphore
 .text.xQueueGenericSend
                0x0000000000006620      0x198 /mnt/d/Projects/QuickLogic/qorc-sdk/qf_apps/qf_ssi_ai_app_recog/GCC_Project/output/queue.o
                0x0000000000006620                xQueueGenericSend
 .text.xQueueGenericSendDebug
                0x00000000000067b8       0x30 /mnt/d/Projects/QuickLogic/qorc-sdk/qf_apps/qf_ssi_ai_app_recog/GCC_Project/output/queue.o
                0x00000000000067b8                xQueueGenericSendDebug
 .text.xQueueGenericSendFromISR
                0x00000000000067e8       0xf0 /mnt/d/Projects/QuickLogic/qorc-sdk/qf_apps/qf_ssi_ai_app_recog/GCC_Project/output/queue.o
                0x00000000000067e8                xQueueGenericSendFromISR
 .text.xQueueGenericSendFromISRDebug
                0x00000000000068d8       0x30 /mnt/d/Projects/QuickLogic/qorc-sdk/qf_apps/qf_ssi_ai_app_recog/GCC_Project/output/queue.o
                0x00000000000068d8                xQueueGenericSendFromISRDebug
 .text.xQueueGiveFromISR
                0x0000000000006908       0xdc /mnt/d/Projects/QuickLogic/qorc-sdk/qf_apps/qf_ssi_ai_app_recog/GCC_Project/output/queue.o
                0x0000000000006908                xQueueGiveFromISR
 .text.xQueueReceive
                0x00000000000069e4      0x160 /mnt/d/Projects/QuickLogic/qorc-sdk/qf_apps/qf_ssi_ai_app_recog/GCC_Project/output/queue.o
                0x00000000000069e4                xQueueReceive
 .text.xQueueSemaphoreTake
                0x0000000000006b44      0x1b0 /mnt/d/Projects/QuickLogic/qorc-sdk/qf_apps/qf_ssi_ai_app_recog/GCC_Project/output/queue.o
                0x0000000000006b44                xQueueSemaphoreTake
 .text.xQueueReceiveFromISR
                0x0000000000006cf4       0xc0 /mnt/d/Projects/QuickLogic/qorc-sdk/qf_apps/qf_ssi_ai_app_recog/GCC_Project/output/queue.o
                0x0000000000006cf4                xQueueReceiveFromISR
 .text.vQueueAddToRegistry
                0x0000000000006db4       0x24 /mnt/d/Projects/QuickLogic/qorc-sdk/qf_apps/qf_ssi_ai_app_recog/GCC_Project/output/queue.o
                0x0000000000006db4                vQueueAddToRegistry
 .text.vQueueUnregisterQueue
                0x0000000000006dd8       0x28 /mnt/d/Projects/QuickLogic/qorc-sdk/qf_apps/qf_ssi_ai_app_recog/GCC_Project/output/queue.o
                0x0000000000006dd8                vQueueUnregisterQueue
 .text.vQueueDelete
                0x0000000000006e00       0x38 /mnt/d/Projects/QuickLogic/qorc-sdk/qf_apps/qf_ssi_ai_app_recog/GCC_Project/output/queue.o
                0x0000000000006e00                vQueueDelete
 .text.vQueueWaitForMessageRestricted
                0x0000000000006e38       0x46 /mnt/d/Projects/QuickLogic/qorc-sdk/qf_apps/qf_ssi_ai_app_recog/GCC_Project/output/queue.o
                0x0000000000006e38                vQueueWaitForMessageRestricted
 *fill*         0x0000000000006e7e        0x2 
 .text.riff_valid_block_pool
                0x0000000000006e80       0x18 /mnt/d/Projects/QuickLogic/qorc-sdk/qf_apps/qf_ssi_ai_app_recog/GCC_Project/output/riff_block_pool.o
                0x0000000000006e80                riff_valid_block_pool
 .text.riff_valid_busy_object
                0x0000000000006e98       0x18 /mnt/d/Projects/QuickLogic/qorc-sdk/qf_apps/qf_ssi_ai_app_recog/GCC_Project/output/riff_block_pool.o
                0x0000000000006e98                riff_valid_busy_object
 .text.RIFF_block_pool_common
                0x0000000000006eb0        0x8 /mnt/d/Projects/QuickLogic/qorc-sdk/qf_apps/qf_ssi_ai_app_recog/GCC_Project/output/riff_block_pool.o
                0x0000000000006eb0                RIFF_block_pool_common
 .text.RIFF_block_pool_discard
                0x0000000000006eb8       0x34 /mnt/d/Projects/QuickLogic/qorc-sdk/qf_apps/qf_ssi_ai_app_recog/GCC_Project/output/riff_block_pool.o
                0x0000000000006eb8                RIFF_block_pool_discard
 .text.RIFF_block_pool_init
                0x0000000000006eec       0xb8 /mnt/d/Projects/QuickLogic/qorc-sdk/qf_apps/qf_ssi_ai_app_recog/GCC_Project/output/riff_block_pool.o
                0x0000000000006eec                RIFF_block_pool_init
 .text.RIFF_blockpool_allocate
                0x0000000000006fa4       0x58 /mnt/d/Projects/QuickLogic/qorc-sdk/qf_apps/qf_ssi_ai_app_recog/GCC_Project/output/riff_block_pool.o
                0x0000000000006fa4                RIFF_blockpool_allocate
 .text.RIFF_busy_queue_service
                0x0000000000006ffc       0x58 /mnt/d/Projects/QuickLogic/qorc-sdk/qf_apps/qf_ssi_ai_app_recog/GCC_Project/output/riff_block_pool.o
                0x0000000000006ffc                RIFF_busy_queue_service
 .text.riff_valid_file
                0x0000000000007054       0x18 /mnt/d/Projects/QuickLogic/qorc-sdk/qf_apps/qf_ssi_ai_app_recog/GCC_Project/output/riff_file_fatfs.o
                0x0000000000007054                riff_valid_file
 .text.RIFF_file_close
                0x000000000000706c       0x16 /mnt/d/Projects/QuickLogic/qorc-sdk/qf_apps/qf_ssi_ai_app_recog/GCC_Project/output/riff_file_fatfs.o
                0x000000000000706c                RIFF_file_close
 *fill*         0x0000000000007082        0x2 
 .text.RIFF_file_open
                0x0000000000007084       0x8c /mnt/d/Projects/QuickLogic/qorc-sdk/qf_apps/qf_ssi_ai_app_recog/GCC_Project/output/riff_file_fatfs.o
                0x0000000000007084                RIFF_file_open
 .text.RIFF_file_enqueue_object
                0x0000000000007110       0x38 /mnt/d/Projects/QuickLogic/qorc-sdk/qf_apps/qf_ssi_ai_app_recog/GCC_Project/output/riff_file_fatfs.o
                0x0000000000007110                RIFF_file_enqueue_object
 .text.RIFF_file_write_object
                0x0000000000007148       0x64 /mnt/d/Projects/QuickLogic/qorc-sdk/qf_apps/qf_ssi_ai_app_recog/GCC_Project/output/riff_file_fatfs.o
                0x0000000000007148                RIFF_file_write_object
 .text.RIFF_override_size
                0x00000000000071ac        0xe /mnt/d/Projects/QuickLogic/qorc-sdk/qf_apps/qf_ssi_ai_app_recog/GCC_Project/output/riff_misc.o
                0x00000000000071ac                RIFF_override_size
 .text.RIFF_dma_wr_get
                0x00000000000071ba       0x1c /mnt/d/Projects/QuickLogic/qorc-sdk/qf_apps/qf_ssi_ai_app_recog/GCC_Project/output/riff_misc.o
                0x00000000000071ba                RIFF_dma_wr_get
 .text.RIFF_space_avail
                0x00000000000071d6       0x12 /mnt/d/Projects/QuickLogic/qorc-sdk/qf_apps/qf_ssi_ai_app_recog/GCC_Project/output/riff_misc.o
                0x00000000000071d6                RIFF_space_avail
 .text.RIFF_dma_wr_complete
                0x00000000000071e8       0x1c /mnt/d/Projects/QuickLogic/qorc-sdk/qf_apps/qf_ssi_ai_app_recog/GCC_Project/output/riff_misc.o
                0x00000000000071e8                RIFF_dma_wr_complete
 .text.RIFF_write_vp
                0x0000000000007204       0x4c /mnt/d/Projects/QuickLogic/qorc-sdk/qf_apps/qf_ssi_ai_app_recog/GCC_Project/output/riff_writer.o
                0x0000000000007204                RIFF_write_vp
 .text.RIFF_write_newline
                0x0000000000007250       0x18 /mnt/d/Projects/QuickLogic/qorc-sdk/qf_apps/qf_ssi_ai_app_recog/GCC_Project/output/riff_writer.o
                0x0000000000007250                RIFF_write_newline
 .text.RIFF_vsprintf
                0x0000000000007268       0x50 /mnt/d/Projects/QuickLogic/qorc-sdk/qf_apps/qf_ssi_ai_app_recog/GCC_Project/output/riff_writer.o
                0x0000000000007268                RIFF_vsprintf
 .text.RIFF_sprintf
                0x00000000000072b8       0x1a /mnt/d/Projects/QuickLogic/qorc-sdk/qf_apps/qf_ssi_ai_app_recog/GCC_Project/output/riff_writer.o
                0x00000000000072b8                RIFF_sprintf
 .text.RIFF_write_str
                0x00000000000072d2       0x1c /mnt/d/Projects/QuickLogic/qorc-sdk/qf_apps/qf_ssi_ai_app_recog/GCC_Project/output/riff_writer.o
                0x00000000000072d2                RIFF_write_str
 *fill*         0x00000000000072ee        0x2 
 .text.RIFF_write_indent
                0x00000000000072f0       0x40 /mnt/d/Projects/QuickLogic/qorc-sdk/qf_apps/qf_ssi_ai_app_recog/GCC_Project/output/riff_writer.o
                0x00000000000072f0                RIFF_write_indent
 .text.RIFF_add_json_group_open
                0x0000000000007330       0x34 /mnt/d/Projects/QuickLogic/qorc-sdk/qf_apps/qf_ssi_ai_app_recog/GCC_Project/output/riff_writer.o
                0x0000000000007330                RIFF_add_json_group_open
 .text.RIFF_add_json_group_close
                0x0000000000007364       0x3c /mnt/d/Projects/QuickLogic/qorc-sdk/qf_apps/qf_ssi_ai_app_recog/GCC_Project/output/riff_writer.o
                0x0000000000007364                RIFF_add_json_group_close
 .text.RIFF_write_quoted_string
                0x00000000000073a0       0x48 /mnt/d/Projects/QuickLogic/qorc-sdk/qf_apps/qf_ssi_ai_app_recog/GCC_Project/output/riff_writer.o
                0x00000000000073a0                RIFF_write_quoted_string
 .text.RIFF_add_json_tag_group_open
                0x00000000000073e8       0x34 /mnt/d/Projects/QuickLogic/qorc-sdk/qf_apps/qf_ssi_ai_app_recog/GCC_Project/output/riff_writer.o
                0x00000000000073e8                RIFF_add_json_tag_group_open
 .text._do_tag  0x000000000000741c       0x7c /mnt/d/Projects/QuickLogic/qorc-sdk/qf_apps/qf_ssi_ai_app_recog/GCC_Project/output/riff_writer.o
 .text.RIFF_add_json_tag_quoted
                0x0000000000007498       0x24 /mnt/d/Projects/QuickLogic/qorc-sdk/qf_apps/qf_ssi_ai_app_recog/GCC_Project/output/riff_writer.o
                0x0000000000007498                RIFF_add_json_tag_quoted
 .text.RIFF_add_json_tag_plain
                0x00000000000074bc       0x24 /mnt/d/Projects/QuickLogic/qorc-sdk/qf_apps/qf_ssi_ai_app_recog/GCC_Project/output/riff_writer.o
                0x00000000000074bc                RIFF_add_json_tag_plain
 .text.RIFF_write_one_u32
                0x00000000000074e0       0x16 /mnt/d/Projects/QuickLogic/qorc-sdk/qf_apps/qf_ssi_ai_app_recog/GCC_Project/output/riff_writer.o
                0x00000000000074e0                RIFF_write_one_u32
 .text.RIFF_write_one_u64
                0x00000000000074f6       0x16 /mnt/d/Projects/QuickLogic/qorc-sdk/qf_apps/qf_ssi_ai_app_recog/GCC_Project/output/riff_writer.o
                0x00000000000074f6                RIFF_write_one_u64
 .text.s3x_clkd_write_div
                0x000000000000750c       0xa8 /mnt/d/Projects/QuickLogic/qorc-sdk/qf_apps/qf_ssi_ai_app_recog/GCC_Project/output/s3x_clock.o
 .text.s3x_clkd_read_div
                0x00000000000075b4       0x44 /mnt/d/Projects/QuickLogic/qorc-sdk/qf_apps/qf_ssi_ai_app_recog/GCC_Project/output/s3x_clock.o
 .text.s3x_clkd_cal_div
                0x00000000000075f8       0x38 /mnt/d/Projects/QuickLogic/qorc-sdk/qf_apps/qf_ssi_ai_app_recog/GCC_Project/output/s3x_clock.o
 .text.S3x_Id_To_Domain
                0x0000000000007630       0x1c /mnt/d/Projects/QuickLogic/qorc-sdk/qf_apps/qf_ssi_ai_app_recog/GCC_Project/output/s3x_clock.o
                0x0000000000007630                S3x_Id_To_Domain
 .text.S3x_Clkd_Get_Cpu_Rate
                0x000000000000764c        0xc /mnt/d/Projects/QuickLogic/qorc-sdk/qf_apps/qf_ssi_ai_app_recog/GCC_Project/output/s3x_clock.o
                0x000000000000764c                S3x_Clkd_Get_Cpu_Rate
 .text.s3x_clkd_update_div_val
                0x0000000000007658       0x44 /mnt/d/Projects/QuickLogic/qorc-sdk/qf_apps/qf_ssi_ai_app_recog/GCC_Project/output/s3x_clock.o
                0x0000000000007658                s3x_clkd_update_div_val
 .text.s3x_clkd_update_fd_rate
                0x000000000000769c        0xe /mnt/d/Projects/QuickLogic/qorc-sdk/qf_apps/qf_ssi_ai_app_recog/GCC_Project/output/s3x_clock.o
                0x000000000000769c                s3x_clkd_update_fd_rate
 *fill*         0x00000000000076aa        0x2 
 .text.s3x_clkd_update_sd_div
                0x00000000000076ac       0x54 /mnt/d/Projects/QuickLogic/qorc-sdk/qf_apps/qf_ssi_ai_app_recog/GCC_Project/output/s3x_clock.o
 .text.s3x_clkd_update_all_src_div
                0x0000000000007700       0xd0 /mnt/d/Projects/QuickLogic/qorc-sdk/qf_apps/qf_ssi_ai_app_recog/GCC_Project/output/s3x_clock.o
                0x0000000000007700                s3x_clkd_update_all_src_div
 .text.S3x_Clkd_Get_Hsosc_Rate
                0x00000000000077d0       0x34 /mnt/d/Projects/QuickLogic/qorc-sdk/qf_apps/qf_ssi_ai_app_recog/GCC_Project/output/s3x_clock.o
                0x00000000000077d0                S3x_Clkd_Get_Hsosc_Rate
 .text.S3x_Clkd_Change_Hsosc
                0x0000000000007804       0x70 /mnt/d/Projects/QuickLogic/qorc-sdk/qf_apps/qf_ssi_ai_app_recog/GCC_Project/output/s3x_clock.o
                0x0000000000007804                S3x_Clkd_Change_Hsosc
 .text.s3x_clkd_get_src_rate
                0x0000000000007874       0x12 /mnt/d/Projects/QuickLogic/qorc-sdk/qf_apps/qf_ssi_ai_app_recog/GCC_Project/output/s3x_clock.o
                0x0000000000007874                s3x_clkd_get_src_rate
 *fill*         0x0000000000007886        0x2 
 .text.s3x_clkd_get_div
                0x0000000000007888       0x60 /mnt/d/Projects/QuickLogic/qorc-sdk/qf_apps/qf_ssi_ai_app_recog/GCC_Project/output/s3x_clock.o
                0x0000000000007888                s3x_clkd_get_div
 .text.s3x_clkd_srate
                0x00000000000078e8      0x164 /mnt/d/Projects/QuickLogic/qorc-sdk/qf_apps/qf_ssi_ai_app_recog/GCC_Project/output/s3x_clock.o
 .text.s3x_clkd_grate
                0x0000000000007a4c       0x8c /mnt/d/Projects/QuickLogic/qorc-sdk/qf_apps/qf_ssi_ai_app_recog/GCC_Project/output/s3x_clock.o
 .text.s3x_clkd_set_src_div_st
                0x0000000000007ad8       0x50 /mnt/d/Projects/QuickLogic/qorc-sdk/qf_apps/qf_ssi_ai_app_recog/GCC_Project/output/s3x_clock.o
 .text.s3x_update_clk_rate
                0x0000000000007b28       0xb0 /mnt/d/Projects/QuickLogic/qorc-sdk/qf_apps/qf_ssi_ai_app_recog/GCC_Project/output/s3x_clock.o
                0x0000000000007b28                s3x_update_clk_rate
 .text.s3x_clkd_get_gate_mask_st
                0x0000000000007bd8       0x16 /mnt/d/Projects/QuickLogic/qorc-sdk/qf_apps/qf_ssi_ai_app_recog/GCC_Project/output/s3x_clock.o
                0x0000000000007bd8                s3x_clkd_get_gate_mask_st
 *fill*         0x0000000000007bee        0x2 
 .text.s3x_clkd_set_gate_mask
                0x0000000000007bf0       0x50 /mnt/d/Projects/QuickLogic/qorc-sdk/qf_apps/qf_ssi_ai_app_recog/GCC_Project/output/s3x_clock.o
                0x0000000000007bf0                s3x_clkd_set_gate_mask
 .text.s3x_clkd_enable_gate
                0x0000000000007c40       0x68 /mnt/d/Projects/QuickLogic/qorc-sdk/qf_apps/qf_ssi_ai_app_recog/GCC_Project/output/s3x_clock.o
 .text.s3x_clkd_disable_gate
                0x0000000000007ca8       0x54 /mnt/d/Projects/QuickLogic/qorc-sdk/qf_apps/qf_ssi_ai_app_recog/GCC_Project/output/s3x_clock.o
 .text._S3x_Clk_Enable
                0x0000000000007cfc       0xb8 /mnt/d/Projects/QuickLogic/qorc-sdk/qf_apps/qf_ssi_ai_app_recog/GCC_Project/output/s3x_clock.o
                0x0000000000007cfc                _S3x_Clk_Enable
 .text._S3x_Clk_Disable
                0x0000000000007db4       0xc8 /mnt/d/Projects/QuickLogic/qorc-sdk/qf_apps/qf_ssi_ai_app_recog/GCC_Project/output/s3x_clock.o
                0x0000000000007db4                _S3x_Clk_Disable
 .text._S3x_Clk_Get_Status
                0x0000000000007e7c       0x2c /mnt/d/Projects/QuickLogic/qorc-sdk/qf_apps/qf_ssi_ai_app_recog/GCC_Project/output/s3x_clock.o
                0x0000000000007e7c                _S3x_Clk_Get_Status
 .text._S3x_Clk_Get_Rate
                0x0000000000007ea8       0x28 /mnt/d/Projects/QuickLogic/qorc-sdk/qf_apps/qf_ssi_ai_app_recog/GCC_Project/output/s3x_clock.o
                0x0000000000007ea8                _S3x_Clk_Get_Rate
 .text._S3x_Clk_Set_Rate
                0x0000000000007ed0       0x48 /mnt/d/Projects/QuickLogic/qorc-sdk/qf_apps/qf_ssi_ai_app_recog/GCC_Project/output/s3x_clock.o
                0x0000000000007ed0                _S3x_Clk_Set_Rate
 .text.S3x_Clk_Init
                0x0000000000007f18      0x160 /mnt/d/Projects/QuickLogic/qorc-sdk/qf_apps/qf_ssi_ai_app_recog/GCC_Project/output/s3x_clock.o
                0x0000000000007f18                S3x_Clk_Init
 .text.S3x_Clk_Enable
                0x0000000000008078        0x4 /mnt/d/Projects/QuickLogic/qorc-sdk/qf_apps/qf_ssi_ai_app_recog/GCC_Project/output/s3x_clock_hal.o
                0x0000000000008078                S3x_Clk_Enable
 .text.S3x_Clk_Disable
                0x000000000000807c        0x4 /mnt/d/Projects/QuickLogic/qorc-sdk/qf_apps/qf_ssi_ai_app_recog/GCC_Project/output/s3x_clock_hal.o
                0x000000000000807c                S3x_Clk_Disable
 .text.S3x_Clk_Set_Rate
                0x0000000000008080        0x4 /mnt/d/Projects/QuickLogic/qorc-sdk/qf_apps/qf_ssi_ai_app_recog/GCC_Project/output/s3x_clock_hal.o
                0x0000000000008080                S3x_Clk_Set_Rate
 .text.S3x_Clk_Get_Rate
                0x0000000000008084        0x4 /mnt/d/Projects/QuickLogic/qorc-sdk/qf_apps/qf_ssi_ai_app_recog/GCC_Project/output/s3x_clock_hal.o
                0x0000000000008084                S3x_Clk_Get_Rate
 .text.DFS_cpuload
                0x0000000000008088       0x4c /mnt/d/Projects/QuickLogic/qorc-sdk/qf_apps/qf_ssi_ai_app_recog/GCC_Project/output/s3x_cpuload.o